 ILU

 Timestamp is 55b5df1a (Mon Jul 27 17:34:50 2015)

 Preferred load address is 10000000

 Start         Length     Name                   Class
 0001:00000000 0001827cH .text$mn                CODE
 0002:00000000 00000174H .idata$5                DATA
 0002:00000174 00000004H .CRT$XCA                DATA
 0002:00000178 00000004H .CRT$XCZ                DATA
 0002:0000017c 00000004H .CRT$XIA                DATA
 0002:00000180 00000014H .CRT$XIC                DATA
 0002:00000194 00000004H .CRT$XIZ                DATA
 0002:00000198 00000004H .CRT$XPA                DATA
 0002:0000019c 00000008H .CRT$XPX                DATA
 0002:000001a4 00000004H .CRT$XPXA               DATA
 0002:000001a8 00000004H .CRT$XPZ                DATA
 0002:000001ac 00000004H .CRT$XTA                DATA
 0002:000001b0 00000004H .CRT$XTZ                DATA
 0002:000001c0 0000f3e8H .rdata                  DATA
 0002:0000f5a8 00000074H .rdata$debug            DATA
 0002:0000f620 0000000cH .rdata$sxdata           DATA
 0002:0000f62c 00000004H .rtc$IAA                DATA
 0002:0000f630 00000004H .rtc$IZZ                DATA
 0002:0000f634 00000004H .rtc$TAA                DATA
 0002:0000f638 00000004H .rtc$TZZ                DATA
 0002:0000f640 000002f4H .xdata$x                DATA
 0002:0000f940 000008c9H .edata                  DATA
 0002:0001020c 00000028H .idata$2                DATA
 0002:00010234 00000014H .idata$3                DATA
 0002:00010248 00000174H .idata$4                DATA
 0002:000103bc 0000065cH .idata$6                DATA
 0003:00000000 00001500H .data                   DATA
 0003:00001500 00001fc0H .bss                    DATA
 0004:00000000 00000020H _RDATA                  DATA
 0005:00000000 00000058H .rsrc$01                DATA
 0005:00000060 00000180H .rsrc$02                DATA

  Address         Publics by Value              Rva+Base       Lib:Object

 0000:00000000       ___guard_fids_table        00000000     <absolute>
 0000:00000000       __except_list              00000000     <absolute>
 0000:00000000       ___guard_flags             00000000     <absolute>
 0000:00000000       ___guard_fids_count        00000000     <absolute>
 0000:00000003       ___safe_se_handler_count   00000003     <absolute>
 0000:00000000       ___ImageBase               10000000     <linker-defined>
 0001:00000000       ?iluErrorString@@YGPB_WI@Z 10001000 f   ilu_api1.obj
 0001:00000060       ?ilu2SetLanguage@@YGEI@Z   10001060 f   ilu_error.obj
 0001:00000060       ?iluSetLanguage@@YGEI@Z    10001060 f   ilu_api1.obj
 0001:000000b0       ?iluPixelize@@YGEI@Z       100010b0 f   ilu_api1.obj
 0001:000000d0       ?iluEdgeDetectP@@YGEXZ     100010d0 f   ilu_api1.obj
 0001:000000e0       ?iluEdgeDetectS@@YGEXZ     100010e0 f   ilu_api1.obj
 0001:000000f0       ?iluBlurAvg@@YGEI@Z        100010f0 f   ilu_api1.obj
 0001:00000110       ?iluBlurGaussian@@YGEI@Z   10001110 f   ilu_api1.obj
 0001:00000130       ?iluEmboss@@YGEXZ          10001130 f   ilu_api1.obj
 0001:00000140       ?iluEdgeDetectE@@YGEXZ     10001140 f   ilu_api1.obj
 0001:00000150       ?iluScaleAlpha@@YGEM@Z     10001150 f   ilu_api1.obj
 0001:00000170       ?iluScaleColours@@YGEMMM@Z 10001170 f   ilu_api1.obj
 0001:000001b0       ?iluGammaCorrect@@YGEM@Z   100011b0 f   ilu_api1.obj
 0001:000001d0       ?iluSaturate1f@@YGEM@Z     100011d0 f   ilu_api1.obj
 0001:00000290       ?iluSaturate4f@@YGEMMMM@Z  10001290 f   ilu_api1.obj
 0001:00000350       ?iluAlienify@@YGEXZ        10001350 f   ilu_api1.obj
 0001:00000360       ?iluContrast@@YGEM@Z       10001360 f   ilu_api1.obj
 0001:00000380       ?iluSharpen@@YGEMI@Z       10001380 f   ilu_api1.obj
 0001:000003b0       ?iluConvolution@@YGEPAHHH@Z 100013b0 f   ilu_api1.obj
 0001:000003d0       ?iluEnlargeImage@@YGEMMM@Z 100013d0 f   ilu_api1.obj
 0001:00000410       ?iluScale@@YGEIII@Z        10001410 f   ilu_api1.obj
 0001:00000430       ?iluCompareImage@@YGEI@Z   10001430 f   ilu_api1.obj
 0001:00000480       ?iluLoadImage@@YGIPB_W@Z   10001480 f   ilu_api1.obj
 0001:000004c0       ?iluCrop@@YGEIIIIII@Z      100014c0 f   ilu_api1.obj
 0001:00000510       ?iluEnlargeCanvas@@YGEIII@Z 10001510 f   ilu_api1.obj
 0001:00000530       ?iluFlipImage@@YGEXZ       10001530 f   ilu_api1.obj
 0001:00000560       ?iluMirror@@YGEXZ          10001560 f   ilu_api1.obj
 0001:00000570       ?iluInvertAlpha@@YGEXZ     10001570 f   ilu_api1.obj
 0001:00000580       ?iluNegative@@YGEXZ        10001580 f   ilu_api1.obj
 0001:00000590       ?iluWave@@YGEM@Z           10001590 f   ilu_api1.obj
 0001:000005b0       ?iluSwapColours@@YGEXZ     100015b0 f   ilu_api1.obj
 0001:000005c0       ?iluColoursUsed@@YGIXZ     100015c0 f   ilu_api1.obj
 0001:000005d0       ?iluReplaceColour@@YGEEEEM@Z 100015d0 f   ilu_api1.obj
 0001:00000600       ?iluEqualize@@YGEXZ        10001600 f   ilu_api1.obj
 0001:00000610       ?iluBuildMipmaps@@YGEXZ    10001610 f   ilu_api1.obj
 0001:00000660       ?iluNoisify@@YGEM@Z        10001660 f   ilu_api1.obj
 0001:00000680       ?ilu2GetIntegerv@@YGXIPAH@Z 10001680 f   ilu_states.obj
 0001:00000680       ?iluGetIntegerv@@YGXIPAH@Z 10001680 f   ilu_api1.obj
 0001:000006c0       ?iluGetString@@YGPA_WI@Z   100016c0 f   ilu_api1.obj
 0001:000006c0       ?ilu2GetString@@YGPA_WI@Z  100016c0 f   ilu_states.obj
 0001:00000700       ?iluGetInteger@@YGHI@Z     10001700 f   ilu_api1.obj
 0001:00000700       ?ilu2GetInteger@@YGHI@Z    10001700 f   ilu_states.obj
 0001:00000740       ?ilu2ImageParameter@@YGXII@Z 10001740 f   ilu_states.obj
 0001:00000740       ?iluImageParameter@@YGXII@Z 10001740 f   ilu_api1.obj
 0001:000007a0       ?ilu2Init@@YGXXZ           100017a0 f   ilu_main.obj
 0001:000007a0       ?iluInit@@YGXXZ            100017a0 f   ilu_api1.obj
 0001:000007c0       ?iluRotate3D@@YGEMMMM@Z    100017c0 f   ilu_api1.obj
 0001:000007d0       ?iluRotate@@YGEM@Z         100017d0 f   ilu_api1.obj
 0001:000007f0       ?ilu2ErrorString@@YGPB_WI@Z 100017f0 f   ilu_error.obj
 0001:00000850       ?setRGBA@ILpal@@QAEEIEEEE@Z 10001850 f i ilu_filter.obj
 0001:000008c0       ?setRGB@ILpal@@QAEEIEEE@Z  100018c0 f i ilu_filter.obj
 0001:00000920       ?getRGBA@ILpal@@QAEEIAAE000@Z 10001920 f i ilu_filter.obj
 0001:00000990       ?getRGB@ILpal@@QAEEIAAE00@Z 10001990 f i ilu_filter.obj
 0001:000009f0       ?ilu2Pixelize@@YGEPAUILimage@@I@Z 100019f0 f   ilu_filter.obj
 0001:000013a0       ?Filter@@YAPAEPAUILimage@@PBHHH@Z 100023a0 f   ilu_filter.obj
 0001:00001f90       ?ilu2EdgeDetectP@@YGEPAUILimage@@@Z 10002f90 f   ilu_filter.obj
 0001:00002120       ?ilu2EdgeDetectS@@YGEPAUILimage@@@Z 10003120 f   ilu_filter.obj
 0001:000022b0       ?ilu2BlurAvg@@YGEPAUILimage@@I@Z 100032b0 f   ilu_filter.obj
 0001:000023a0       ?ilu2BlurGaussian@@YGEPAUILimage@@I@Z 100033a0 f   ilu_filter.obj
 0001:00002490       ?ilu2Emboss@@YGEPAUILimage@@@Z 10003490 f   ilu_filter.obj
 0001:00002570       ?ilu2EdgeDetectE@@YGEPAUILimage@@@Z 10003570 f   ilu_filter.obj
 0001:00002650       ?ilu2ScaleAlpha@@YGEPAUILimage@@M@Z 10003650 f   ilu_filter.obj
 0001:00002790       ?ilu2ScaleColours@@YGEPAUILimage@@MMM@Z 10003790 f   ilu_filter.obj
 0001:00002d20       ?ilu2GammaCorrect@@YGEPAUILimage@@M@Z 10003d20 f   ilu_filter.obj
 0001:00003010       ?iApplyMatrix@@YAXPAUILimage@@QAY03M@Z 10004010 f   ilu_filter.obj
 0001:00003230       ?ilu2Saturate4f@@YGEPAUILimage@@MMMM@Z 10004230 f   ilu_filter.obj
 0001:000032f0       ?ilu2Saturate1f@@YGEPAUILimage@@M@Z 100042f0 f   ilu_filter.obj
 0001:000033b0       ?ilu2Alienify@@YGEPAUILimage@@@Z 100043b0 f   ilu_filter.obj
 0001:00003570       ?iIntExtImg@@YAXPAUILimage@@0M@Z 10004570 f   ilu_filter.obj
 0001:000035e0       ?ilu2Contrast@@YGEPAUILimage@@M@Z 100045e0 f   ilu_filter.obj
 0001:000036b0       ?ilu2Sharpen@@YGEPAUILimage@@MI@Z 100046b0 f   ilu_filter.obj
 0001:00003760       ?ilu2Convolution@@YGEPAUILimage@@PAHHH@Z 10004760 f   ilu_filter.obj
 0001:00003840       ?filter@@YANN@Z            10004840 f   ilu_filter_rcg.obj
 0001:000038a0       ?box_filter@@YANN@Z        100048a0 f   ilu_filter_rcg.obj
 0001:000038d0       ?triangle_filter@@YANN@Z   100048d0 f   ilu_filter_rcg.obj
 0001:00003910       ?bell_filter@@YANN@Z       10004910 f   ilu_filter_rcg.obj
 0001:00003980       ?B_spline_filter@@YANN@Z   10004980 f   ilu_filter_rcg.obj
 0001:00003a10       ?Lanczos3_filter@@YANN@Z   10004a10 f   ilu_filter_rcg.obj
 0001:00003af0       ?Mitchell_filter@@YANN@Z   10004af0 f   ilu_filter_rcg.obj
 0001:00003bb0       ?calc_x_contrib@@YAHPAUCLIST@@NNHHP6ANN@ZH@Z 10004bb0 f   ilu_filter_rcg.obj
 0001:00003e20       ?zoom@@YAHPAUILimage@@0P6ANN@ZN@Z 10004e20 f   ilu_filter_rcg.obj
 0001:000044d0       ?ilu2ScaleAdvanced@@YAIPAUILimage@@III@Z 100054d0 f   ilu_filter_rcg.obj
 0001:00004650       _DllMain@12                10005650 f   ilu_main.obj
 0001:00004660       ?ilu2LoadImage@@YGPAUILimage@@PB_W@Z 10005660 f   ilu_main.obj
 0001:000046a0       ?ilu2Crop2D@@YAEPAUILimage@@IIII@Z 100056a0 f   ilu_manip.obj
 0001:000047e0       ?ilu2Crop3D@@YAEPAUILimage@@IIIIII@Z 100057e0 f   ilu_manip.obj
 0001:00004980       ?ilu2Crop@@YGEPAUILimage@@IIIIII@Z 10005980 f   ilu_manip.obj
 0001:000049c0       ?ilu2EnlargeCanvas@@YGEPAUILimage@@III@Z 100059c0 f   ilu_manip.obj
 0001:00004be0       ?ilu2FlipImage@@YGEPAUILimage@@@Z 10005be0 f   ilu_manip.obj
 0001:00004c20       ?ilu2Mirror@@YGEPAUILimage@@@Z 10005c20 f   ilu_manip.obj
 0001:00004c30       ?ilu2InvertAlpha@@YGEPAUILimage@@@Z 10005c30 f   ilu_manip.obj
 0001:00004e60       ?ilu2Negative@@YGEPAUILimage@@@Z 10005e60 f   ilu_manip.obj
 0001:00005140       ?ilu2Wave@@YGEPAUILimage@@M@Z 10006140 f   ilu_manip.obj
 0001:00005310       ?ilu2SwapColours@@YGEPAUILimage@@@Z 10006310 f   ilu_manip.obj
 0001:000054a0       ?ilu2ColoursUsed@@YGIPAUILimage@@@Z 100064a0 f   ilu_manip.obj
 0001:000056e0       ?ilu2CompareImage@@YGEPAUILimage@@0@Z 100066e0 f   ilu_manip.obj
 0001:00005780       ?ilu2ReplaceColour@@YGEPAUILimage@@EEEM@Z 10006780 f   ilu_manip.obj
 0001:00005a10       ?ilu2Equalize@@YGEPAUILimage@@@Z 10006a10 f   ilu_manip.obj
 0001:00005da0       ?iBuildMipmaps@@YAEPAUILimage@@III@Z 10006da0 f   ilu_mipmap.obj
 0001:00005e10       ?ilu2BuildMipmaps@@YGEPAUILimage@@@Z 10006e10 f   ilu_mipmap.obj
 0001:00005e70       ?ilu2DestroyMipmaps@@YGEPAUILimage@@@Z 10006e70 f   ilu_mipmap.obj
 0001:00005eb0       ?ilu2Noisify@@YGEPAUILimage@@M@Z 10006eb0 f   ilu_noise.obj
 0001:00006160       ?BuildEdgeList@@YAXIPAUILpointi@@PAPAUEdge@@@Z 10007160 f   ilu_region.obj
 0001:00006310       ?iScanFill@@YAPAEPAUILimage@@@Z 10007310 f   ilu_region.obj
 0001:00006660       ?use@ILpal@@QAEEHPAEI@Z    10007660 f i ilu_rotate.obj
 0001:00006770       ??4ILpal@@QAEXABV0@@Z      10007770 f i ilu_rotate.obj
 0001:000067d0       ?ilu2Rotate3D@@YGEPAUILimage@@MMMM@Z 100077d0 f   ilu_rotate.obj
 0001:000067e0       ?ilu2Rotate_@@YGPAUILimage@@PAU1@M@Z 100077e0 f   ilu_rotate.obj
 0001:00007850       ?iluRotate3D_@@YGPAUILimage@@PAU1@MMMM@Z 10008850 f   ilu_rotate.obj
 0001:00007860       ?ilu2Rotate@@YGEPAUILimage@@M@Z 10008860 f   ilu_rotate.obj
 0001:00007940       ?ilu2EnlargeImage@@YGEPAUILimage@@MMM@Z 10008940 f   ilu_scale.obj
 0001:00007a00       ?ilu2Scale@@YGEPAUILimage@@III@Z 10008a00 f   ilu_scale.obj
 0001:00007bd0       ?iluScale_@@YGPAUILimage@@PAU1@III@Z 10008bd0 f   ilu_scale.obj
 0001:00007cf0       ?iluScale1D_@@YAPAUILimage@@PAU1@0I@Z 10008cf0 f   ilu_scale.obj
 0001:000083b0       ?iluScale2D_@@YAPAUILimage@@PAU1@0II@Z 100093b0 f   ilu_scale2d.obj
 0001:000084b0       ?iluScale2DNear_@@YAPAUILimage@@PAU1@0II@Z 100094b0 f   ilu_scale2d.obj
 0001:000088b0       ?iluScale2DLinear_@@YAPAUILimage@@PAU1@0II@Z 100098b0 f   ilu_scale2d.obj
 0001:00009010       ?iluScale2DBilinear_@@YAPAUILimage@@PAU1@0II@Z 1000a010 f   ilu_scale2d.obj
 0001:0000a340       ?iluScale3D_@@YAPAUILimage@@PAU1@0III@Z 1000b340 f   ilu_scale3d.obj
 0001:0000a450       ?iluScale3DNear_@@YAPAUILimage@@PAU1@0III@Z 1000b450 f   ilu_scale3d.obj
 0001:0000a9b8       @__security_check_cookie@4 1000b9b8 f   libcmt:secchk.obj
 0001:0000a9c7       _free                      1000b9c7 f   libcmt:free.obj
 0001:0000a9ff       _rand                      1000b9ff f   libcmt:rand.obj
 0001:0000aa20       __CRT_INIT@12              1000ba20 f   libcmt:dllcrt0.obj
 0001:0000ab92       __DllMainCRTStartup@12     1000bb92 f   libcmt:dllcrt0.obj
 0001:0000acc3       ___DllXcptFilter           1000bcc3 f   libcmt:dllcrt0.obj
 0001:0000ace8       ___raise_securityfailure   1000bce8 f   libcmt:gs_report.obj
 0001:0000ad25       ___report_gsfailure        1000bd25 f   libcmt:gs_report.obj
 0001:0000ae20       ___doserrno                1000be20 f   libcmt:dosmap.obj
 0001:0000ae33       __dosmaperr                1000be33 f   libcmt:dosmap.obj
 0001:0000ae54       __errno                    1000be54 f   libcmt:dosmap.obj
 0001:0000ae67       __get_errno_from_oserr     1000be67 f   libcmt:dosmap.obj
 0001:0000aea8       __heap_init                1000bea8 f   libcmt:heapinit.obj
 0001:0000aebd       __heap_term                1000bebd f   libcmt:heapinit.obj
 0001:0000aec5       __freefls@4                1000bec5 f   libcmt:tidtable.obj
 0001:0000affc       __freeptd                  1000bffc f   libcmt:tidtable.obj
 0001:0000b032       __getptd                   1000c032 f   libcmt:tidtable.obj
 0001:0000b04a       __getptd_noexit            1000c04a f   libcmt:tidtable.obj
 0001:0000b0b9       __initptd                  1000c0b9 f   libcmt:tidtable.obj
 0001:0000b16c       __mtinit                   1000c16c f   libcmt:tidtable.obj
 0001:0000b1e2       __mtterm                   1000c1e2 f   libcmt:tidtable.obj
 0001:0000b1ff       __XcptFilter               1000c1ff f   libcmt:winxfltr.obj
 0001:0000b35a       ___CppXcptFilter           1000c35a f   libcmt:winxfltr.obj
 0001:0000b378       ___crtCorExitProcess       1000c378 f   libcmt:crt0dat.obj
 0001:0000b3ac       ___crtExitProcess          1000c3ac f   libcmt:crt0dat.obj
 0001:0000b3c2       ___freeCrtMemory           1000c3c2 f   libcmt:crt0dat.obj
 0001:0000b4cf       __amsg_exit                1000c4cf f   libcmt:crt0dat.obj
 0001:0000b4eb       __cexit                    1000c4eb f   libcmt:crt0dat.obj
 0001:0000b4fa       __cinit                    1000c4fa f   libcmt:crt0dat.obj
 0001:0000b57e       __exit                     1000c57e f   libcmt:crt0dat.obj
 0001:0000b592       __init_pointers            1000c592 f   libcmt:crt0dat.obj
 0001:0000b600       __initterm_e               1000c600 f   libcmt:crt0dat.obj
 0001:0000b622       __lockexit                 1000c622 f   libcmt:crt0dat.obj
 0001:0000b62b       __unlockexit               1000c62b f   libcmt:crt0dat.obj
 0001:0000b763       __ioinit                   1000c763 f   libcmt:ioinit.obj
 0001:0000ba17       __ioterm                   1000ca17 f   libcmt:ioinit.obj
 0001:0000ba69       __setargv                  1000ca69 f   libcmt:stdargv.obj
 0001:0000bc98       __setenvp                  1000cc98 f   libcmt:stdenvp.obj
 0001:0000bd79       ___security_init_cookie    1000cd79 f   libcmt:gs_support.obj
 0001:0000be15       ___crtGetEnvironmentStringsA 1000ce15 f   libcmt:a_env.obj
 0001:0000bea2       ___crtFlsAlloc             1000cea2 f   libcmt:winapisupp.obj
 0001:0000bec0       ___crtFlsFree              1000cec0 f   libcmt:winapisupp.obj
 0001:0000bedf       ___crtFlsGetValue          1000cedf f   libcmt:winapisupp.obj
 0001:0000befe       ___crtFlsSetValue          1000cefe f   libcmt:winapisupp.obj
 0001:0000bf20       ___crtInitializeCriticalSectionEx 1000cf20 f   libcmt:winapisupp.obj
 0001:0000bf4e       ___crtIsPackagedApp        1000cf4e f   libcmt:winapisupp.obj
 0001:0000bf90       ___crtLoadWinApiPointers   1000cf90 f   libcmt:winapisupp.obj
 0001:0000c21b       ___crtSleep                1000d21b f   libcmt:winapisupp.obj
 0001:0000c229       ___crtTerminateProcess     1000d229 f   libcmt:winapisupp.obj
 0001:0000c23e       ___crtUnhandledException   1000d23e f   libcmt:winapisupp.obj
 0001:0000c254       __calloc_crt               1000d254 f   libcmt:crtheap.obj
 0001:0000c29c       __malloc_crt               1000d29c f   libcmt:crtheap.obj
 0001:0000c2e3       __realloc_crt              1000d2e3 f   libcmt:crtheap.obj
 0001:0000c32d       __RTC_Initialize           1000d32d f   libcmt:initsect.obj
 0001:0000c34d       __RTC_Terminate            1000d34d f   libcmt:initsect.obj
 0001:0000c370       __SEH_prolog4              1000d370 f   libcmt:sehprolg4.obj
 0001:0000c3b5       __SEH_epilog4              1000d3b5 f   libcmt:sehprolg4.obj
 0001:0000c3d0       __except_handler4          1000d3d0 f   libcmt:chandler4.obj
 0001:0000c564       __crt_debugger_hook        1000d564 f   libcmt:dbghook.obj
 0001:0000c56c       __call_reportfault         1000d56c f   libcmt:invarg.obj
 0001:0000c691       __initp_misc_invarg        1000d691 f   libcmt:invarg.obj
 0001:0000c69e       __invalid_parameter        1000d69e f   libcmt:invarg.obj
 0001:0000c6c9       __invalid_parameter_noinfo 1000d6c9 f   libcmt:invarg.obj
 0001:0000c6d9       __invoke_watson            1000d6d9 f   libcmt:invarg.obj
 0001:0000c704       __lock                     1000d704 f   libcmt:mlock.obj
 0001:0000c738       __mtdeletelocks            1000d738 f   libcmt:mlock.obj
 0001:0000c78c       __mtinitlocknum            1000d78c f   libcmt:mlock.obj
 0001:0000c835       __mtinitlocks              1000d835 f   libcmt:mlock.obj
 0001:0000c86e       __unlock                   1000d86e f   libcmt:mlock.obj
 0001:0000c883       ___addlocaleref            1000d883 f   libcmt:localref.obj
 0001:0000c918       ___freetlocinfo            1000d918 f   libcmt:localref.obj
 0001:0000ca72       ___removelocaleref         1000da72 f   libcmt:localref.obj
 0001:0000cb12       ___updatetlocinfo          1000db12 f   libcmt:localref.obj
 0001:0000cb92       __updatetlocinfoEx_nolock  1000db92 f   libcmt:localref.obj
 0001:0000cbdd       ___initmbctable            1000dbdd f   libcmt:mbctype.obj
 0001:0000cbfb       ??0_LocaleUpdate@@QAE@PAUlocaleinfo_struct@@@Z 1000dbfb f i libcmt:mbctype.obj
 0001:0000cf1c       ___updatetmbcinfo          1000df1c f   libcmt:mbctype.obj
 0001:0000cfc2       __setmbcp                  1000dfc2 f   libcmt:mbctype.obj
 0001:0000d16a       __setmbcp_nolock           1000e16a f   libcmt:mbctype.obj
 0001:0000d355       __FF_MSGBANNER             1000e355 f   libcmt:crt0msg.obj
 0001:0000d38e       __GET_RTERRMSG             1000e38e f   libcmt:crt0msg.obj
 0001:0000d3b2       __NMSG_WRITE               1000e3b2 f   libcmt:crt0msg.obj
 0001:0000d570       __FindPESection            1000e570 f   libcmt:pesect.obj
 0001:0000d5c0       __IsNonwritableInCurrentImage 1000e5c0 f   libcmt:pesect.obj
 0001:0000d680       __ValidateImageBase        1000e680 f   libcmt:pesect.obj
 0001:0000d6b1       ___onexitinit              1000e6b1 f   libcmt:onexit.obj
 0001:0000d6e0       __onexit                   1000e6e0 f   libcmt:onexit.obj
 0001:0000d7dc       _atexit                    1000e7dc f   libcmt:onexit.obj
 0001:0000d7f1       __initp_misc_cfltcvt_tab   1000e7f1 f   libcmt:cmiscdat.obj
 0001:0000d810       ?terminate@@YAXXZ          1000e810 f   libcmt:hooks.obj
 0001:0000d844       __initp_eh_hooks           1000e844 f   libcmt:hooks.obj
 0001:0000d855       __callnewh                 1000e855 f   libcmt:handler.obj
 0001:0000d87b       __initp_heap_handler       1000e87b f   libcmt:handler.obj
 0001:0000d888       __initp_misc_purevirt      1000e888 f   libcmt:inithelp.obj
 0001:0000d895       ___get_sigabrt             1000e895 f   libcmt:winsig.obj
 0001:0000d8a2       __initp_misc_winsig        1000e8a2 f   libcmt:winsig.obj
 0001:0000d8be       _raise                     1000e8be f   libcmt:winsig.obj
 0001:0000dab3       __initp_misc_rand_s        1000eab3 f   libcmt:rand_s.obj
 0001:0000dac0       __local_unwind4            1000eac0 f   libcmt:exsup4.obj
 0001:0000db96       __seh_longjmp_unwind4@4    1000eb96 f   libcmt:exsup4.obj
 0001:0000dbb2       @_EH4_CallFilterFunc@8     1000ebb2 f   libcmt:exsup4.obj
 0001:0000dbc9       @_EH4_TransferToHandler@8  1000ebc9 f   libcmt:exsup4.obj
 0001:0000dbe2       @_EH4_GlobalUnwind2@8      1000ebe2 f   libcmt:exsup4.obj
 0001:0000dbfb       @_EH4_LocalUnwind@16       1000ebfb f   libcmt:exsup4.obj
 0001:0000dc12       ___initstdio               1000ec12 f   libcmt:_file.obj
 0001:0000dc85       ___endstdio                1000ec85 f   libcmt:_file.obj
 0001:0000dcac       __lock_file                1000ecac f   libcmt:_file.obj
 0001:0000dceb       __lock_file2               1000eceb f   libcmt:_file.obj
 0001:0000dd1b       __unlock_file              1000ed1b f   libcmt:_file.obj
 0001:0000dd55       __unlock_file2             1000ed55 f   libcmt:_file.obj
 0001:0000dddc       __ismbblead                1000eddc f   libcmt:ismbbyte.obj
 0001:0000ddf2       _strcpy_s                  1000edf2 f   libcmt:strcpy_s.obj
 0001:0000de50       _strlen                    1000ee50 f   libcmt:strlen.obj
 0001:0000dedb       _malloc                    1000eedb f   libcmt:malloc.obj
 0001:0000df6d       _realloc                   1000ef6d f   libcmt:realloc.obj
 0001:0000e018       __calloc_impl              1000f018 f   libcmt:calloc_impl.obj
 0001:0000e0a0       _memset                    1000f0a0 f   libcmt:memset.obj
 0001:0000e130       ___free_lconv_mon          1000f130 f   libcmt:initmon.obj
 0001:0000e22c       ___free_lconv_num          1000f22c f   libcmt:initnum.obj
 0001:0000e293       ___free_lc_time            1000f293 f   libcmt:inittime.obj
 0001:0000e817       ___crtLCMapStringA         1000f817 f   libcmt:a_map.obj
 0001:0000e85d       __freea                    1000f85d f i libcmt:a_map.obj
 0001:0000e973       ___crtGetStringTypeA       1000f973 f   libcmt:a_str.obj
 0001:0000e9b3       _wcscat_s                  1000f9b3 f   libcmt:wcscat_s.obj
 0001:0000ea1f       _wcscpy_s                  1000fa1f f   libcmt:wcscpy_s.obj
 0001:0000ea7b       _wcslen                    1000fa7b f   libcmt:wcslen.obj
 0001:0000ea94       _wcsncpy_s                 1000fa94 f   libcmt:wcsncpy_s.obj
 0001:0000eb52       __set_error_mode           1000fb52 f   libcmt:errmode.obj
 0001:0000eb92       ___crtMessageBoxW          1000fb92 f   libcmt:crtmboxw.obj
 0001:0000ed78       __msize                    1000fd78 f   libcmt:msize.obj
 0001:0000eda9       __fptrap                   1000fda9 f   libcmt:crt0fp.obj
 0001:0000edb2       _abort                     1000fdb2 f   libcmt:abort.obj
 0001:0000edf5       _GetTableIndexFromLocaleName 1000fdf5 f   libcmt:winapinls.obj
 0001:0000ee43       ___crtDownlevelLocaleNameToLCID 1000fe43 f   libcmt:winapinls.obj
 0001:0000ee6d       ___crtLCMapStringEx        1000fe6d f   libcmt:winapinls.obj
 0001:0000eeb9       ___wcsnicmp_ascii          1000feb9 f   libcmt:winapinls.obj
 0001:0000ef30       _memcpy                    1000ff30 f   libcmt:memcpy.obj
 0001:0000f574       __fileno                   10010574 f   libcmt:fileno.obj
 0001:0000f598       __isatty                   10010598 f   libcmt:isatty.obj
 0001:0000f5ec       __fflush_nolock            100105ec f   libcmt:fflush.obj
 0001:0000f632       __flush                    10010632 f   libcmt:fflush.obj
 0001:0000f696       __flushall                 10010696 f   libcmt:fflush.obj
 0001:0000f790       __global_unwind2           10010790 f   libcmt:exsup.obj
 0001:0000f7f5       __local_unwind2            100107f5 f   libcmt:exsup.obj
 0001:0000f879       __abnormal_termination     10010879 f   libcmt:exsup.obj
 0001:0000f89c       __NLG_Notify1              1001089c f   libcmt:exsup.obj
 0001:0000f8a5       __NLG_Notify               100108a5 f   libcmt:exsup.obj
 0001:0000f8bc       __NLG_Dispatch             100108bc     libcmt:exsup.obj
 0001:0000f8bc       __NLG_Dispatch2            100108bc     libcmt:exsup.obj
 0001:0000f8c4       __NLG_Call                 100108c4 f   libcmt:exsup.obj
 0001:0000f8c6       __NLG_Return2              100108c6     libcmt:exsup.obj
 0001:0000f8c7       __fcloseall                100108c7 f   libcmt:closeall.obj
 0001:0000f964       __VEC_memset               10010964 f   libcmt:p4_memset.obj
 0001:0000fa2c       ___isa_available_init      10010a2c f   libcmt:cpu_disp.obj
 0001:0000fba5       __locterm                  10010ba5 f   libcmt:wsetloca.obj
 0001:0000fc00       __alloca_probe_16          10010c00 f   libcmt:alloca16.obj
 0001:0000fc16       __alloca_probe_8           10010c16     libcmt:alloca16.obj
 0001:0000fc2c       __commit                   10010c2c f   libcmt:commit.obj
 0001:0000fd15       __write                    10010d15 f   libcmt:write.obj
 0001:0000fe04       __write_nolock             10010e04 f   libcmt:write.obj
 0001:00010669       __fclose_nolock            10011669 f   libcmt:fclose.obj
 0001:000106d5       _fclose                    100116d5 f   libcmt:fclose.obj
 0001:00010750       __chkstk                   10011750 f   libcmt:chkstk.obj
 0001:00010750       __alloca_probe             10011750 f   libcmt:chkstk.obj
 0001:0001077b       ___lock_fhandle            1001177b f   libcmt:osfinfo.obj
 0001:00010809       __free_osfhnd              10011809 f   libcmt:osfinfo.obj
 0001:0001088f       __get_osfhandle            1001188f f   libcmt:osfinfo.obj
 0001:000108f6       __unlock_fhandle           100118f6 f   libcmt:osfinfo.obj
 0001:0001091c       __isleadbyte_l             1001191c f i libcmt:_wctype.obj
 0001:00010956       _isleadbyte                10011956 f i libcmt:_wctype.obj
 0001:00010967       __lseeki64_nolock          10011967 f   libcmt:lseeki64.obj
 0001:000109da       __mbtowc_l                 100119da f   libcmt:mbtowc.obj
 0001:00010acf       _mbtowc                    10011acf f   libcmt:mbtowc.obj
 0001:00010ae7       __putwch_nolock            10011ae7 f   libcmt:putwch.obj
 0001:00010b2a       __close                    10011b2a f   libcmt:close.obj
 0001:00010c05       __close_nolock             10011c05 f   libcmt:close.obj
 0001:00010c9f       __freebuf                  10011c9f f   libcmt:_freebuf.obj
 0001:00010ccf       ___termconout              10011ccf f   libcmt:initcon.obj
 0001:00010ce6       ___initconout              10011ce6 f   libcmt:initcon.obj
 0001:00010d10       __aulldvrm                 10011d10 f   libcmt:ulldvrm.obj
 0001:00010da5       ___crt_atoflt_l            10011da5 f   libcmt:atodbl.obj
 0001:00010e49       __atodbl_l                 10011e49 f   libcmt:atodbl.obj
 0001:00010ed7       __atoflt_l                 10011ed7 f   libcmt:atodbl.obj
 0001:00010ef0       __allmul                   10011ef0 f   libcmt:llmul.obj
 0001:00010f24       __fpmath                   10011f24 f   libcmt:fpinit.obj
 0001:00010f3b       __cfltcvt_init             10011f3b f   libcmt:fpinit.obj
 0001:00010fa0       __ld12tod                  10011fa0 f   libcmt:intrncvt.obj
 0001:00011512       __ld12tof                  10012512 f   libcmt:intrncvt.obj
 0001:00011a84       ___strgtold12_l            10012a84 f   libcmt:strgtold.obj
 0001:0001222c       __cfltcvt                  1001322c f   libcmt:cvt.obj
 0001:0001224d       __cfltcvt_l                1001324d f   libcmt:cvt.obj
 0001:000122d3       __cftoa_l                  100132d3 f   libcmt:cvt.obj
 0001:0001262f       __cftoe                    1001362f f   libcmt:cvt.obj
 0001:0001279e       __cftoe_l                  1001379e f   libcmt:cvt.obj
 0001:00012958       __cftof_l                  10013958 f   libcmt:cvt.obj
 0001:00012a19       __cftog_l                  10013a19 f   libcmt:cvt.obj
 0001:00012b18       __cropzeros                10013b18 f   libcmt:cvt.obj
 0001:00012b29       __cropzeros_l              10013b29 f   libcmt:cvt.obj
 0001:00012ba9       __fassign                  10013ba9 f   libcmt:cvt.obj
 0001:00012bc1       __fassign_l                10013bc1 f   libcmt:cvt.obj
 0001:00012c03       __forcdecpt                10013c03 f   libcmt:cvt.obj
 0001:00012c14       __forcdecpt_l              10013c14 f   libcmt:cvt.obj
 0001:00012c88       __positive                 10013c88 f   libcmt:cvt.obj
 0001:00012cca       __setdefaultprecision      10013cca f   libcmt:fp8.obj
 0001:00012cf1       ___mtold12                 10013cf1 f   libcmt:mantold.obj
 0001:00012ed1       __isdigit_l                10013ed1 f i libcmt:_ctype.obj
 0001:00012f23       _isdigit                   10013f23 f i libcmt:_ctype.obj
 0001:00012f4e       __tolower_l                10013f4e f   libcmt:tolower.obj
 0001:00013091       _tolower                   10014091 f   libcmt:tolower.obj
 0001:000130c0       _memmove                   100140c0 f   libcmt:memmove.obj
 0001:00013710       _strrchr                   10014710 f   libcmt:strrchr.obj
 0001:00013847       __fptostr                  10014847 f   libcmt:_fptostr.obj
 0001:000138f7       ___dtold                   100148f7 f   libcmt:cfout.obj
 0001:000139bf       __fltout2                  100149bf f   libcmt:cfout.obj
 0001:00013a50       __alldvrm                  10014a50 f   libcmt:lldvrm.obj
 0001:00013b30       __aullshr                  10014b30 f   libcmt:ullshr.obj
 0001:00013b4f       __controlfp_s              10014b4f f   libcmt:contrlfp.obj
 0001:00013bac       __isctype_l                10014bac f   libcmt:isctype.obj
 0001:00013c5d       _$I10_OUTPUT               10014c5d f   libcmt:x10fout.obj
 0001:000146da       __control87                100156da f i libcmt:ieee87.obj
 0001:00014a73       ___set_fpsr_sse2           10015a73 f   libcmt:fpctrl.obj
 0001:00014ae9       __clrfp                    10015ae9 f   libcmt:fpctrl.obj
 0001:00014afa       __ctrlfp                   10015afa f   libcmt:fpctrl.obj
 0001:00014b25       __set_statfp               10015b25 f   libcmt:fpctrl.obj
 0001:00014b7d       __statfp                   10015b7d f   libcmt:fpctrl.obj
 0001:00014b8e       _IsProcessorFeaturePresent@4 10015b8e f   kernel32:KERNEL32.dll
 0001:00014b94       _RtlUnwind@16              10015b94 f   kernel32:KERNEL32.dll
 0001:00014ba0       _fmod                      10015ba0 f   libcmt:87fmod.obj
 0001:00014baa       __CIfmod                   10015baa f   libcmt:87fmod.obj
 0001:00014bd0       ___vdecl_pow2              10015bd0 f   libcmt:svml_dpow2_dispatch.obj
 0001:00014be0       __ftoui3                   10015be0 f   libcmt:ftol3.obj
 0001:00014bef       __ftoul3                   10015bef f   libcmt:ftol3.obj
 0001:00014bfe       __ftol3                    10015bfe f   libcmt:ftol3.obj
 0001:00014c0b       __ftol3_NaN                10015c0b f   libcmt:ftol3.obj
 0001:00014c23       __ftol3_work               10015c23 f   libcmt:ftol3.obj
 0001:00014ca9       __ftol3_common             10015ca9 f   libcmt:ftol3.obj
 0001:00014d6b       __ftol3_arg_error          10015d6b f   libcmt:ftol3.obj
 0001:00014d7d       __ftol3_except             10015d7d f   libcmt:ftol3.obj
 0001:00014dc1       __dtoui3                   10015dc1 f   libcmt:ftol3.obj
 0001:00014dd0       __dtoul3                   10015dd0 f   libcmt:ftol3.obj
 0001:00014ddf       __dtol3                    10015ddf f   libcmt:ftol3.obj
 0001:00014dec       __dtol3_NaN                10015dec f   libcmt:ftol3.obj
 0001:00014e09       __dtol3_work               10015e09 f   libcmt:ftol3.obj
 0001:00014eee       __ultod3                   10015eee f   libcmt:ftol3.obj
 0001:00014f7f       __ltod3                    10015f7f f   libcmt:ftol3.obj
 0001:00014fb0       __libm_sse2_cos_precise    10015fb0 f   libcmt:cos_sse2_precise.obj
 0001:00015170       __libm_sse2_sin_precise    10016170 f   libcmt:sin_sse2_precise.obj
 0001:00015340       __libm_sse2_sqrt_precise   10016340 f   libcmt:sqrt_sse2_precise.obj
 0001:00015440       _ceil                      10016440 f   libcmt:ceil_pentium4.obj
 0001:00015480       __ceil_pentium4            10016480 f   libcmt:ceil_pentium4.obj
 0001:00015560       _floor                     10016560 f   libcmt:floor_pentium4.obj
 0001:000155a0       __floor_pentium4           100165a0 f   libcmt:floor_pentium4.obj
 0001:00015690       __cintrindisp2             10016690 f   libcmt:87cdisp.obj
 0001:000156ce       __cintrindisp1             100166ce f   libcmt:87cdisp.obj
 0001:0001570b       __ctrandisp2               1001670b f   libcmt:87cdisp.obj
 0001:0001589a       __ctrandisp1               1001689a f   libcmt:87cdisp.obj
 0001:000158cd       __fload                    100168cd f   libcmt:87cdisp.obj
 0001:00015910       __trandisp1                10016910 f   libcmt:87disp.obj
 0001:00015977       __trandisp2                10016977 f   libcmt:87disp.obj
 0001:00015a03       __rttospopde               10016a03     libcmt:87disp.obj
 0001:00015a08       __rttospop                 10016a08     libcmt:87disp.obj
 0001:00015a0a       __rtnospop                 10016a0a     libcmt:87disp.obj
 0001:00015a0c       __rttosnpop                10016a0c     libcmt:87disp.obj
 0001:00015a0d       __rtnospopde               10016a0d     libcmt:87disp.obj
 0001:00015a14       __rtzeropop                10016a14     libcmt:87disp.obj
 0001:00015a16       __rtzeronpop               10016a16     libcmt:87disp.obj
 0001:00015a1b       __rtonepop                 10016a1b     libcmt:87disp.obj
 0001:00015a1d       __rtonenpop                10016a1d     libcmt:87disp.obj
 0001:00015a22       __tosnan1                  10016a22     libcmt:87disp.obj
 0001:00015a4d       __nosnan2                  10016a4d     libcmt:87disp.obj
 0001:00015a4f       __tosnan2                  10016a4f     libcmt:87disp.obj
 0001:00015a77       __nan2                     10016a77     libcmt:87disp.obj
 0001:00015ab6       __rtindfpop                10016ab6     libcmt:87disp.obj
 0001:00015ab8       __rtindfnpop               10016ab8     libcmt:87disp.obj
 0001:00015ac9       __rttosnpopde              10016ac9     libcmt:87disp.obj
 0001:00015ad3       __rtchsifneg               10016ad3     libcmt:87disp.obj
 0001:00016780       ___sse2_pow2               10017780 f   libcmt:svml_dpow2_sse2.obj
 0001:00016bd0       __errcode                  10017bd0 f   libcmt:fpexcept.obj
 0001:00016c02       __except1                  10017c02 f   libcmt:fpexcept.obj
 0001:00016cca       __handle_exc               10017cca f   libcmt:fpexcept.obj
 0001:00016ea8       __handle_qnan1             10017ea8 f   libcmt:fpexcept.obj
 0001:00016ef8       __raise_exc                10017ef8 f   libcmt:fpexcept.obj
 0001:00016f19       __raise_exc_ex             10017f19 f   libcmt:fpexcept.obj
 0001:000171fe       __set_errno_from_matherr   100181fe f   libcmt:fpexcept.obj
 0001:0001722b       __umatherr                 1001822b f   libcmt:fpexcept.obj
 0001:000172d0       _cos                       100182d0 f   libcmt:cos.obj
 0001:00017310       __CIcos                    10018310 f   libcmt:cos.obj
 0001:0001734b       __CIcos_default            1001834b f   libcmt:cos.obj
 0001:0001735f       __cos_default              1001835f     libcmt:cos.obj
 0001:00017400       _sin                       10018400 f   libcmt:sin.obj
 0001:00017440       __CIsin                    10018440 f   libcmt:sin.obj
 0001:0001747b       __CIsin_default            1001847b f   libcmt:sin.obj
 0001:0001748f       __sin_default              1001848f     libcmt:sin.obj
 0001:00017529       ___libm_error_support      10018529 f   libcmt:libm_error.obj
 0001:00017820       __CIsqrt                   10018820 f   libcmt:sqrt.obj
 0001:00017834       _sqrt                      10018834     libcmt:sqrt.obj
 0001:000178da       __sse2_mathfcns_init       100188da f   libcmt:mathfcns.obj
 0001:000178e9       __ceil_default             100188e9 f   libcmt:ceil.obj
 0001:000179c0       __floor_default            100189c0 f   libcmt:floor.obj
 0001:00017a97       __87except                 10018a97 f   libcmt:87except.obj
 0001:00017ba0       __decomp                   10018ba0 f   libcmt:util.obj
 0001:00017c72       __set_exp                  10018c72 f   libcmt:util.obj
 0001:00017ca1       __sptype                   10018ca1 f   libcmt:util.obj
 0001:00017cfc       __matherr                  10018cfc f   libcmt:matherr.obj
 0001:00017d00       __CIcos_pentium4           10018d00 f   libcmt:cos_pentium4.obj
 0001:00017d18       __cos_pentium4             10018d18     libcmt:cos_pentium4.obj
 0001:00017eb0       __twoToTOS                 10018eb0 f   libcmt:common.obj
 0001:00017ec5       __load_CW                  10018ec5 f   libcmt:common.obj
 0001:00017edc       __convertTOStoQNaN         10018edc f   libcmt:common.obj
 0001:00017ef5       __fload_withFB             10018ef5 f   libcmt:common.obj
 0001:00017f38       __checkTOS_withFB          10018f38 f   libcmt:common.obj
 0001:00017f4e       __fast_exit                10018f4e f   libcmt:common.obj
 0001:00017f5b       __math_exit                10018f5b f   libcmt:common.obj
 0001:00017f85       __check_overflow_exit      10018f85 f   libcmt:common.obj
 0001:00017f99       __check_range_exit         10018f99 f   libcmt:common.obj
 0001:00018040       __startTwoArgErrorHandling 10019040 f   libcmt:genexcep.obj
 0001:00018057       __startOneArgErrorHandling 10019057 f   libcmt:genexcep.obj
 0001:000180a0       __CIsin_pentium4           100190a0 f   libcmt:sin_pentium4.obj
 0001:000180b8       __sin_pentium4             100190b8     libcmt:sin_pentium4.obj
 0001:00018268       __frnd                     10019268 f   libcmt:frnd.obj
 0002:00000000       __imp__QueryPerformanceCounter@4 1001a000     kernel32:KERNEL32.dll
 0002:00000004       __imp__CreateFileW@28      1001a004     kernel32:KERNEL32.dll
 0002:00000008       __imp__CloseHandle@4       1001a008     kernel32:KERNEL32.dll
 0002:0000000c       __imp__WriteConsoleW@20    1001a00c     kernel32:KERNEL32.dll
 0002:00000010       __imp__SetFilePointerEx@20 1001a010     kernel32:KERNEL32.dll
 0002:00000014       __imp__SetStdHandle@8      1001a014     kernel32:KERNEL32.dll
 0002:00000018       __imp__GetConsoleMode@8    1001a018     kernel32:KERNEL32.dll
 0002:0000001c       __imp__GetConsoleCP@0      1001a01c     kernel32:KERNEL32.dll
 0002:00000020       __imp__FlushFileBuffers@4  1001a020     kernel32:KERNEL32.dll
 0002:00000024       __imp__LCMapStringW@24     1001a024     kernel32:KERNEL32.dll
 0002:00000028       __imp__HeapSize@12         1001a028     kernel32:KERNEL32.dll
 0002:0000002c       __imp__OutputDebugStringW@4 1001a02c     kernel32:KERNEL32.dll
 0002:00000030       __imp__GetStringTypeW@16   1001a030     kernel32:KERNEL32.dll
 0002:00000034       __imp__HeapReAlloc@16      1001a034     kernel32:KERNEL32.dll
 0002:00000038       __imp__HeapAlloc@12        1001a038     kernel32:KERNEL32.dll
 0002:0000003c       __imp__RtlUnwind@16        1001a03c     kernel32:KERNEL32.dll
 0002:00000040       __imp__LoadLibraryExW@12   1001a040     kernel32:KERNEL32.dll
 0002:00000044       __imp__GetModuleFileNameW@12 1001a044     kernel32:KERNEL32.dll
 0002:00000048       __imp__WriteFile@20        1001a048     kernel32:KERNEL32.dll
 0002:0000004c       __imp__GetCPInfo@8         1001a04c     kernel32:KERNEL32.dll
 0002:00000050       __imp__GetOEMCP@0          1001a050     kernel32:KERNEL32.dll
 0002:00000054       __imp__GetACP@0            1001a054     kernel32:KERNEL32.dll
 0002:00000058       __imp__GetLastError@0      1001a058     kernel32:KERNEL32.dll
 0002:0000005c       __imp__HeapFree@12         1001a05c     kernel32:KERNEL32.dll
 0002:00000060       __imp__GetCommandLineA@0   1001a060     kernel32:KERNEL32.dll
 0002:00000064       __imp__GetCurrentThreadId@0 1001a064     kernel32:KERNEL32.dll
 0002:00000068       __imp__IsDebuggerPresent@0 1001a068     kernel32:KERNEL32.dll
 0002:0000006c       __imp__IsProcessorFeaturePresent@4 1001a06c     kernel32:KERNEL32.dll
 0002:00000070       __imp__GetProcessHeap@0    1001a070     kernel32:KERNEL32.dll
 0002:00000074       __imp__SetLastError@4      1001a074     kernel32:KERNEL32.dll
 0002:00000078       __imp__EncodePointer@4     1001a078     kernel32:KERNEL32.dll
 0002:0000007c       __imp__DecodePointer@4     1001a07c     kernel32:KERNEL32.dll
 0002:00000080       __imp__ExitProcess@4       1001a080     kernel32:KERNEL32.dll
 0002:00000084       __imp__GetModuleHandleExW@12 1001a084     kernel32:KERNEL32.dll
 0002:00000088       __imp__GetProcAddress@8    1001a088     kernel32:KERNEL32.dll
 0002:0000008c       __imp__MultiByteToWideChar@24 1001a08c     kernel32:KERNEL32.dll
 0002:00000090       __imp__WideCharToMultiByte@32 1001a090     kernel32:KERNEL32.dll
 0002:00000094       __imp__GetStdHandle@4      1001a094     kernel32:KERNEL32.dll
 0002:00000098       __imp__GetFileType@4       1001a098     kernel32:KERNEL32.dll
 0002:0000009c       __imp__DeleteCriticalSection@4 1001a09c     kernel32:KERNEL32.dll
 0002:000000a0       __imp__GetStartupInfoW@4   1001a0a0     kernel32:KERNEL32.dll
 0002:000000a4       __imp__GetModuleFileNameA@12 1001a0a4     kernel32:KERNEL32.dll
 0002:000000a8       __imp__RaiseException@16   1001a0a8     kernel32:KERNEL32.dll
 0002:000000ac       __imp__GetCurrentProcessId@0 1001a0ac     kernel32:KERNEL32.dll
 0002:000000b0       __imp__GetSystemTimeAsFileTime@4 1001a0b0     kernel32:KERNEL32.dll
 0002:000000b4       __imp__GetEnvironmentStringsW@0 1001a0b4     kernel32:KERNEL32.dll
 0002:000000b8       __imp__FreeEnvironmentStringsW@4 1001a0b8     kernel32:KERNEL32.dll
 0002:000000bc       __imp__UnhandledExceptionFilter@4 1001a0bc     kernel32:KERNEL32.dll
 0002:000000c0       __imp__SetUnhandledExceptionFilter@4 1001a0c0     kernel32:KERNEL32.dll
 0002:000000c4       __imp__InitializeCriticalSectionAndSpinCount@8 1001a0c4     kernel32:KERNEL32.dll
 0002:000000c8       __imp__Sleep@4             1001a0c8     kernel32:KERNEL32.dll
 0002:000000cc       __imp__GetCurrentProcess@0 1001a0cc     kernel32:KERNEL32.dll
 0002:000000d0       __imp__TerminateProcess@8  1001a0d0     kernel32:KERNEL32.dll
 0002:000000d4       __imp__TlsAlloc@0          1001a0d4     kernel32:KERNEL32.dll
 0002:000000d8       __imp__TlsGetValue@4       1001a0d8     kernel32:KERNEL32.dll
 0002:000000dc       __imp__TlsSetValue@8       1001a0dc     kernel32:KERNEL32.dll
 0002:000000e0       __imp__TlsFree@4           1001a0e0     kernel32:KERNEL32.dll
 0002:000000e4       __imp__GetModuleHandleW@4  1001a0e4     kernel32:KERNEL32.dll
 0002:000000e8       __imp__EnterCriticalSection@4 1001a0e8     kernel32:KERNEL32.dll
 0002:000000ec       __imp__LeaveCriticalSection@4 1001a0ec     kernel32:KERNEL32.dll
 0002:000000f0       __imp__IsValidCodePage@4   1001a0f0     kernel32:KERNEL32.dll
 0002:000000f4       \177KERNEL32_NULL_THUNK_DATA 1001a0f4     kernel32:KERNEL32.dll
 0002:000000f8       __imp_?il2ResizeImage@@YGEPAUILimage@@IIIEE@Z 1001a0f8     resil:ResIL.dll
 0002:000000fc       __imp_?il2GetClear@@YGXPAXII@Z 1001a0fc     resil:ResIL.dll
 0002:00000100       __imp_?iFlipBuffer@@YGXPAEIII@Z 1001a100     resil:ResIL.dll
 0002:00000104       __imp_?ilGetBppPal@@YGEI@Z 1001a104     resil:ResIL.dll
 0002:00000108       __imp_?il2ClearImage@@YGEPAUILimage@@@Z 1001a108     resil:ResIL.dll
 0002:0000010c       __imp_?il2ConvertPal@@YGEPAUILimage@@I@Z 1001a10c     resil:ResIL.dll
 0002:00000110       __imp_?iConvertImage@@YGPAUILimage@@PAU1@II@Z 1001a110     resil:ResIL.dll
 0002:00000114       __imp_?iMirror@@YGEPAUILimage@@@Z 1001a114     resil:ResIL.dll
 0002:00000118       __imp_?il2LoadImage@@YGEPAUILimage@@PB_W@Z 1001a118     resil:ResIL.dll
 0002:0000011c       __imp_?il2GenImage@@YGPAUILimage@@XZ 1001a11c     resil:ResIL.dll
 0002:00000120       __imp_?il2DeleteImage@@YGXPAUILimage@@@Z 1001a120     resil:ResIL.dll
 0002:00000124       __imp_?il2TexImage@@YGEPAUILimage@@IIIEIIPAX@Z 1001a124     resil:ResIL.dll
 0002:00000128       __imp_?icalloc@@YGPAXII@Z  1001a128     resil:ResIL.dll
 0002:0000012c       __imp_?il2NewImage@@YGPAUILimage@@IIIEE@Z 1001a12c     resil:ResIL.dll
 0002:00000130       __imp_?ilSetCurImage@@YGXPAUILimage@@@Z 1001a130     resil:ResIL.dll
 0002:00000134       __imp_?ialloc@@YGPAXI@Z    1001a134     resil:ResIL.dll
 0002:00000138       __imp_?il2ConvertImage@@YGEPAUILimage@@II@Z 1001a138     resil:ResIL.dll
 0002:0000013c       __imp_?il2CopyPixels@@YGIPAUILimage@@IIIIIIIIPAX@Z 1001a13c     resil:ResIL.dll
 0002:00000140       __imp_?il2GetImageInteger@@YGXPAUILimage@@IPAH@Z 1001a140     resil:ResIL.dll
 0002:00000144       __imp_?ilCloseImage@@YGXPAX@Z 1001a144     resil:ResIL.dll
 0002:00000148       __imp_?ifree@@YGXPBX@Z     1001a148     resil:ResIL.dll
 0002:0000014c       __imp_?il2CopyImageAttr@@YGEPAUILimage@@0@Z 1001a14c     resil:ResIL.dll
 0002:00000150       __imp_?ilGetPalBaseType@@YGII@Z 1001a150     resil:ResIL.dll
 0002:00000154       __imp_?il2SetError@@YGXI@Z 1001a154     resil:ResIL.dll
 0002:00000158       __imp_?ilGetCurImage@@YGPAUILimage@@XZ 1001a158     resil:ResIL.dll
 0002:0000015c       __imp_?ilDeleteImages@@YGXIPBI@Z 1001a15c     resil:ResIL.dll
 0002:00000160       __imp_?ilLoadImage@@YGEPB_W@Z 1001a160     resil:ResIL.dll
 0002:00000164       __imp_?ilGetCurName@@YGIXZ 1001a164     resil:ResIL.dll
 0002:00000168       __imp_?ilBindImage@@YGXI@Z 1001a168     resil:ResIL.dll
 0002:0000016c       __imp_?ilGenImages@@YGXIPAI@Z 1001a16c     resil:ResIL.dll
 0002:00000170       \177ResIL_NULL_THUNK_DATA  1001a170     resil:ResIL.dll
 0002:00000174       ___xc_a                    1001a174     libcmt:crt0init.obj
 0002:00000178       ___xc_z                    1001a178     libcmt:crt0init.obj
 0002:0000017c       ___xi_a                    1001a17c     libcmt:crt0init.obj
 0002:00000194       ___xi_z                    1001a194     libcmt:crt0init.obj
 0002:00000198       ___xp_a                    1001a198     libcmt:crt0init.obj
 0002:000001a8       ___xp_z                    1001a1a8     libcmt:crt0init.obj
 0002:000001ac       ___xt_a                    1001a1ac     libcmt:crt0init.obj
 0002:000001b0       ___xt_z                    1001a1b0     libcmt:crt0init.obj
 0002:000001f8       __pRawDllMain              1001a1f8     libcmt:dllcrt0.obj
 0002:000001f8       __pDefaultRawDllMain       1001a1f8     libcmt:dllcrt0.obj
 0002:00000208       __XcptActTab               1001a208     libcmt:winxfltr.obj
 0002:00000298       __XcptActTabCount          1001a298     libcmt:winxfltr.obj
 0002:0000029c       __XcptActTabSize           1001a29c     libcmt:winxfltr.obj
 0002:000002a0       __First_FPE_Indx           1001a2a0     libcmt:winxfltr.obj
 0002:000002a4       __Num_FPE                  1001a2a4     libcmt:winxfltr.obj
 0002:000002a8       ??_C@_1BI@BGOHAHKC@?$AAm?$AAs?$AAc?$AAo?$AAr?$AAe?$AAe?$AA?4?$AAd?$AAl?$AAl?$AA?$AA@ 1001a2a8     libcmt:crt0dat.obj
 0002:000002c0       ??_C@_0P@MIGLKIOC@CorExitProcess?$AA@ 1001a2c0     libcmt:crt0dat.obj
 0002:000002d0       ??_C@_1BK@MGMFAEKH@?$AAk?$AAe?$AAr?$AAn?$AAe?$AAl?$AA3?$AA2?$AA?4?$AAd?$AAl?$AAl?$AA?$AA@ 1001a2d0     libcmt:winapisupp.obj
 0002:000002ec       ??_C@_08KNHFBNJ@FlsAlloc?$AA@ 1001a2ec     libcmt:winapisupp.obj
 0002:000002f8       ??_C@_07PEJMOBNF@FlsFree?$AA@ 1001a2f8     libcmt:winapisupp.obj
 0002:00000300       ??_C@_0M@GDNOONDI@FlsGetValue?$AA@ 1001a300     libcmt:winapisupp.obj
 0002:0000030c       ??_C@_0M@JCPCPOEF@FlsSetValue?$AA@ 1001a30c     libcmt:winapisupp.obj
 0002:00000318       ??_C@_0BM@HCFOFFN@InitializeCriticalSectionEx?$AA@ 1001a318     libcmt:winapisupp.obj
 0002:00000334       ??_C@_0P@DLHPPCNH@CreateEventExW?$AA@ 1001a334     libcmt:winapisupp.obj
 0002:00000344       ??_C@_0BD@KIEEOEEH@CreateSemaphoreExW?$AA@ 1001a344     libcmt:winapisupp.obj
 0002:00000358       ??_C@_0BI@BKLFFAPO@SetThreadStackGuarantee?$AA@ 1001a358     libcmt:winapisupp.obj
 0002:00000370       ??_C@_0BG@OGFAJCKC@CreateThreadpoolTimer?$AA@ 1001a370     libcmt:winapisupp.obj
 0002:00000388       ??_C@_0BD@LPLEMMDI@SetThreadpoolTimer?$AA@ 1001a388     libcmt:winapisupp.obj
 0002:0000039c       ??_C@_0CA@FMNJENH@WaitForThreadpoolTimerCallbacks?$AA@ 1001a39c     libcmt:winapisupp.obj
 0002:000003bc       ??_C@_0BF@DCFCCNOC@CloseThreadpoolTimer?$AA@ 1001a3bc     libcmt:winapisupp.obj
 0002:000003d4       ??_C@_0BF@FLABGKKM@CreateThreadpoolWait?$AA@ 1001a3d4     libcmt:winapisupp.obj
 0002:000003ec       ??_C@_0BC@MGCOHNA@SetThreadpoolWait?$AA@ 1001a3ec     libcmt:winapisupp.obj
 0002:00000400       ??_C@_0BE@OCIOMIMP@CloseThreadpoolWait?$AA@ 1001a400     libcmt:winapisupp.obj
 0002:00000414       ??_C@_0BJ@LKGHFHBO@FlushProcessWriteBuffers?$AA@ 1001a414     libcmt:winapisupp.obj
 0002:00000430       ??_C@_0BP@KALKKPMO@FreeLibraryWhenCallbackReturns?$AA@ 1001a430     libcmt:winapisupp.obj
 0002:00000450       ??_C@_0BK@DFNBACLA@GetCurrentProcessorNumber?$AA@ 1001a450     libcmt:winapisupp.obj
 0002:0000046c       ??_C@_0BP@KHGALBC@GetLogicalProcessorInformation?$AA@ 1001a46c     libcmt:winapisupp.obj
 0002:0000048c       ??_C@_0BE@FKKLLFLM@CreateSymbolicLinkW?$AA@ 1001a48c     libcmt:winapisupp.obj
 0002:000004a0       ??_C@_0BJ@OHNKDLIJ@SetDefaultDllDirectories?$AA@ 1001a4a0     libcmt:winapisupp.obj
 0002:000004bc       ??_C@_0BE@LJANKFHF@EnumSystemLocalesEx?$AA@ 1001a4bc     libcmt:winapisupp.obj
 0002:000004d0       ??_C@_0BA@IHGNDAEB@CompareStringEx?$AA@ 1001a4d0     libcmt:winapisupp.obj
 0002:000004e0       ??_C@_0BA@EPCJIIPD@GetDateFormatEx?$AA@ 1001a4e0     libcmt:winapisupp.obj
 0002:000004f0       ??_C@_0BA@ONOKGCMP@GetLocaleInfoEx?$AA@ 1001a4f0     libcmt:winapisupp.obj
 0002:00000500       ??_C@_0BA@CIJJKCJJ@GetTimeFormatEx?$AA@ 1001a500     libcmt:winapisupp.obj
 0002:00000510       ??_C@_0BJ@PBCCBIPI@GetUserDefaultLocaleName?$AA@ 1001a510     libcmt:winapisupp.obj
 0002:0000052c       ??_C@_0BC@CELBKLLA@IsValidLocaleName?$AA@ 1001a52c     libcmt:winapisupp.obj
 0002:00000540       ??_C@_0O@KKBNKAPF@LCMapStringEx?$AA@ 1001a540     libcmt:winapisupp.obj
 0002:00000550       ??_C@_0BE@JOGNEJCI@GetCurrentPackageId?$AA@ 1001a550     libcmt:winapisupp.obj
 0002:00000564       ??_C@_0P@CDHHOHKP@GetTickCount64?$AA@ 1001a564     libcmt:winapisupp.obj
 0002:00000574       ??_C@_0BO@KPCLFDJJ@GetFileInformationByHandleExW?$AA@ 1001a574     libcmt:winapisupp.obj
 0002:00000594       ??_C@_0BM@MHIDLABK@SetFileInformationByHandleW?$AA@ 1001a594     libcmt:winapisupp.obj
 0002:000005b0       ??_C@_03KOEHGMDN@Sun?$AA@  1001a5b0     libcmt:nlsdata.obj
 0002:000005b4       ??_C@_03PDAGKDH@Mon?$AA@   1001a5b4     libcmt:nlsdata.obj
 0002:000005b8       ??_C@_03NAGEINEP@Tue?$AA@  1001a5b8     libcmt:nlsdata.obj
 0002:000005bc       ??_C@_03MHOMLAJA@Wed?$AA@  1001a5bc     libcmt:nlsdata.obj
 0002:000005c0       ??_C@_03IOFIKPDN@Thu?$AA@  1001a5c0     libcmt:nlsdata.obj
 0002:000005c4       ??_C@_03IDIOELNC@Fri?$AA@  1001a5c4     libcmt:nlsdata.obj
 0002:000005c8       ??_C@_03FEFJNEK@Sat?$AA@   1001a5c8     libcmt:nlsdata.obj
 0002:000005cc       ??_C@_06OOPIFAJ@Sunday?$AA@ 1001a5cc     libcmt:nlsdata.obj
 0002:000005d4       ??_C@_06JLEDEDGH@Monday?$AA@ 1001a5d4     libcmt:nlsdata.obj
 0002:000005dc       ??_C@_07BAAGCFCM@Tuesday?$AA@ 1001a5dc     libcmt:nlsdata.obj
 0002:000005e4       ??_C@_09DLIGFAKA@Wednesday?$AA@ 1001a5e4     libcmt:nlsdata.obj
 0002:000005f0       ??_C@_08HACCIKIA@Thursday?$AA@ 1001a5f0     libcmt:nlsdata.obj
 0002:000005fc       ??_C@_06JECMNKMI@Friday?$AA@ 1001a5fc     libcmt:nlsdata.obj
 0002:00000604       ??_C@_08INBOOONO@Saturday?$AA@ 1001a604     libcmt:nlsdata.obj
 0002:00000610       ??_C@_03JIHJHPIE@Jan?$AA@  1001a610     libcmt:nlsdata.obj
 0002:00000614       ??_C@_03HJBDCHOM@Feb?$AA@  1001a614     libcmt:nlsdata.obj
 0002:00000618       ??_C@_03ODNJBKGA@Mar?$AA@  1001a618     libcmt:nlsdata.obj
 0002:0000061c       ??_C@_03LEOLGMJP@Apr?$AA@  1001a61c     libcmt:nlsdata.obj
 0002:00000620       ??_C@_03CNMDKL@May?$AA@    1001a620     libcmt:nlsdata.obj
 0002:00000624       ??_C@_03IDFGHECI@Jun?$AA@  1001a624     libcmt:nlsdata.obj
 0002:00000628       ??_C@_03LBGABGKK@Jul?$AA@  1001a628     libcmt:nlsdata.obj
 0002:0000062c       ??_C@_03IFJFEIGA@Aug?$AA@  1001a62c     libcmt:nlsdata.obj
 0002:00000630       ??_C@_03GGCAPAJC@Sep?$AA@  1001a630     libcmt:nlsdata.obj
 0002:00000634       ??_C@_03BMAOKBAD@Oct?$AA@  1001a634     libcmt:nlsdata.obj
 0002:00000638       ??_C@_03JPJOFNIA@Nov?$AA@  1001a638     libcmt:nlsdata.obj
 0002:0000063c       ??_C@_03MKABNOCG@Dec?$AA@  1001a63c     libcmt:nlsdata.obj
 0002:00000640       ??_C@_07CGJPFGJA@January?$AA@ 1001a640     libcmt:nlsdata.obj
 0002:00000648       ??_C@_08GNJGEPFN@February?$AA@ 1001a648     libcmt:nlsdata.obj
 0002:00000654       ??_C@_05HPCKOFNC@March?$AA@ 1001a654     libcmt:nlsdata.obj
 0002:0000065c       ??_C@_05DMJDNLEJ@April?$AA@ 1001a65c     libcmt:nlsdata.obj
 0002:00000664       ??_C@_04CNLMGBGM@June?$AA@ 1001a664     libcmt:nlsdata.obj
 0002:0000066c       ??_C@_04MIEPOIFP@July?$AA@ 1001a66c     libcmt:nlsdata.obj
 0002:00000674       ??_C@_06LBBHFDDG@August?$AA@ 1001a674     libcmt:nlsdata.obj
 0002:0000067c       ??_C@_09BHHEALKD@September?$AA@ 1001a67c     libcmt:nlsdata.obj
 0002:00000688       ??_C@_07JJNFCEND@October?$AA@ 1001a688     libcmt:nlsdata.obj
 0002:00000690       ??_C@_08HCHEGEOA@November?$AA@ 1001a690     libcmt:nlsdata.obj
 0002:0000069c       ??_C@_08EDHMEBNP@December?$AA@ 1001a69c     libcmt:nlsdata.obj
 0002:000006a8       ??_C@_02DEDBPAFC@AM?$AA@   1001a6a8     libcmt:nlsdata.obj
 0002:000006ac       ??_C@_02CJNFDJBF@PM?$AA@   1001a6ac     libcmt:nlsdata.obj
 0002:000006b0       ??_C@_08BPBNCDIB@MM?1dd?1yy?$AA@ 1001a6b0     libcmt:nlsdata.obj
 0002:000006bc       ??_C@_0BE@CKGJFCPC@dddd?0?5MMMM?5dd?0?5yyyy?$AA@ 1001a6bc     libcmt:nlsdata.obj
 0002:000006d0       ??_C@_08JCCMCCIL@HH?3mm?3ss?$AA@ 1001a6d0     libcmt:nlsdata.obj
 0002:000006dc       ??_C@_17MBGCMIPB@?$AAS?$AAu?$AAn?$AA?$AA@ 1001a6dc     libcmt:nlsdata.obj
 0002:000006e4       ??_C@_17KBOMKBF@?$AAM?$AAo?$AAn?$AA?$AA@ 1001a6e4     libcmt:nlsdata.obj
 0002:000006ec       ??_C@_17BMKGEGOJ@?$AAT?$AAu?$AAe?$AA?$AA@ 1001a6ec     libcmt:nlsdata.obj
 0002:000006f4       ??_C@_17CJEDCEPE@?$AAW?$AAe?$AAd?$AA?$AA@ 1001a6f4     libcmt:nlsdata.obj
 0002:000006fc       ??_C@_17PDPHAADD@?$AAT?$AAh?$AAu?$AA?$AA@ 1001a6fc     libcmt:nlsdata.obj
 0002:00000704       ??_C@_17HFOLPPLP@?$AAF?$AAr?$AAi?$AA?$AA@ 1001a704     libcmt:nlsdata.obj
 0002:0000070c       ??_C@_17GGIBDPIH@?$AAS?$AAa?$AAt?$AA?$AA@ 1001a70c     libcmt:nlsdata.obj
 0002:00000714       ??_C@_1O@IHNHDHPB@?$AAS?$AAu?$AAn?$AAd?$AAa?$AAy?$AA?$AA@ 1001a714     libcmt:nlsdata.obj
 0002:00000724       ??_C@_1O@MMNBFLIA@?$AAM?$AAo?$AAn?$AAd?$AAa?$AAy?$AA?$AA@ 1001a724     libcmt:nlsdata.obj
 0002:00000734       ??_C@_1BA@ENFBFFEK@?$AAT?$AAu?$AAe?$AAs?$AAd?$AAa?$AAy?$AA?$AA@ 1001a734     libcmt:nlsdata.obj
 0002:00000744       ??_C@_1BE@EBOGMDOH@?$AAW?$AAe?$AAd?$AAn?$AAe?$AAs?$AAd?$AAa?$AAy?$AA?$AA@ 1001a744     libcmt:nlsdata.obj
 0002:00000758       ??_C@_1BC@HHMNLIHE@?$AAT?$AAh?$AAu?$AAr?$AAs?$AAd?$AAa?$AAy?$AA?$AA@ 1001a758     libcmt:nlsdata.obj
 0002:0000076c       ??_C@_1O@PDICJHAG@?$AAF?$AAr?$AAi?$AAd?$AAa?$AAy?$AA?$AA@ 1001a76c     libcmt:nlsdata.obj
 0002:0000077c       ??_C@_1BC@ENMNNPAJ@?$AAS?$AAa?$AAt?$AAu?$AAr?$AAd?$AAa?$AAy?$AA?$AA@ 1001a77c     libcmt:nlsdata.obj
 0002:00000790       ??_C@_17DKNBKCHM@?$AAJ?$AAa?$AAn?$AA?$AA@ 1001a790     libcmt:nlsdata.obj
 0002:00000798       ??_C@_17LMDJEKJN@?$AAF?$AAe?$AAb?$AA?$AA@ 1001a798     libcmt:nlsdata.obj
 0002:000007a0       ??_C@_17CKNLEDEC@?$AAM?$AAa?$AAr?$AA?$AA@ 1001a7a0     libcmt:nlsdata.obj
 0002:000007a8       ??_C@_17LFPOIHDD@?$AAA?$AAp?$AAr?$AA?$AA@ 1001a7a8     libcmt:nlsdata.obj
 0002:000007b0       ??_C@_17PNNKMEED@?$AAM?$AAa?$AAy?$AA?$AA@ 1001a7b0     libcmt:nlsdata.obj
 0002:000007b8       ??_C@_17KCJGOCPB@?$AAJ?$AAu?$AAn?$AA?$AA@ 1001a7b8     libcmt:nlsdata.obj
 0002:000007c0       ??_C@_17IJPCKHK@?$AAJ?$AAu?$AAl?$AA?$AA@ 1001a7c0     libcmt:nlsdata.obj
 0002:000007c8       ??_C@_17ICPELBCN@?$AAA?$AAu?$AAg?$AA?$AA@ 1001a7c8     libcmt:nlsdata.obj
 0002:000007d0       ??_C@_17HCHCOKMG@?$AAS?$AAe?$AAp?$AA?$AA@ 1001a7d0     libcmt:nlsdata.obj
 0002:000007d8       ??_C@_17FNLKOI@?$AAO?$AAc?$AAt?$AA?$AA@ 1001a7d8     libcmt:nlsdata.obj
 0002:000007e0       ??_C@_17BBDMLCIG@?$AAN?$AAo?$AAv?$AA?$AA@ 1001a7e0     libcmt:nlsdata.obj
 0002:000007e8       ??_C@_17EGKACKIF@?$AAD?$AAe?$AAc?$AA?$AA@ 1001a7e8     libcmt:nlsdata.obj
 0002:000007f0       ??_C@_1BA@EFMEIEBA@?$AAJ?$AAa?$AAn?$AAu?$AAa?$AAr?$AAy?$AA?$AA@ 1001a7f0     libcmt:nlsdata.obj
 0002:00000800       ??_C@_1BC@JGDDFFAM@?$AAF?$AAe?$AAb?$AAr?$AAu?$AAa?$AAr?$AAy?$AA?$AA@ 1001a800     libcmt:nlsdata.obj
 0002:00000814       ??_C@_1M@IKEENEDF@?$AAM?$AAa?$AAr?$AAc?$AAh?$AA?$AA@ 1001a814     libcmt:nlsdata.obj
 0002:00000820       ??_C@_1M@GJNLMHFD@?$AAA?$AAp?$AAr?$AAi?$AAl?$AA?$AA@ 1001a820     libcmt:nlsdata.obj
 0002:0000082c       ??_C@_19EPFLPGAP@?$AAJ?$AAu?$AAn?$AAe?$AA?$AA@ 1001a82c     libcmt:nlsdata.obj
 0002:00000838       ??_C@_19BIFMLPCD@?$AAJ?$AAu?$AAl?$AAy?$AA?$AA@ 1001a838     libcmt:nlsdata.obj
 0002:00000844       ??_C@_1O@PAHLKOAC@?$AAA?$AAu?$AAg?$AAu?$AAs?$AAt?$AA?$AA@ 1001a844     libcmt:nlsdata.obj
 0002:00000854       ??_C@_1BE@DKAAMBJL@?$AAS?$AAe?$AAp?$AAt?$AAe?$AAm?$AAb?$AAe?$AAr?$AA?$AA@ 1001a854     libcmt:nlsdata.obj
 0002:00000868       ??_C@_1BA@EPANDLNG@?$AAO?$AAc?$AAt?$AAo?$AAb?$AAe?$AAr?$AA?$AA@ 1001a868     libcmt:nlsdata.obj
 0002:00000878       ??_C@_1BC@BGLIFPF@?$AAN?$AAo?$AAv?$AAe?$AAm?$AAb?$AAe?$AAr?$AA?$AA@ 1001a878     libcmt:nlsdata.obj
 0002:0000088c       ??_C@_1BC@FEMKIFH@?$AAD?$AAe?$AAc?$AAe?$AAm?$AAb?$AAe?$AAr?$AA?$AA@ 1001a88c     libcmt:nlsdata.obj
 0002:000008a0       ??_C@_15ODEHAHHF@?$AAA?$AAM?$AA?$AA@ 1001a8a0     libcmt:nlsdata.obj
 0002:000008a8       ??_C@_15CLMNNGEL@?$AAP?$AAM?$AA?$AA@ 1001a8a8     libcmt:nlsdata.obj
 0002:000008b0       ??_C@_1BC@IEBCMHCM@?$AAM?$AAM?$AA?1?$AAd?$AAd?$AA?1?$AAy?$AAy?$AA?$AA@ 1001a8b0     libcmt:nlsdata.obj
 0002:000008c4       ??_C@_1CI@KNAKOEBC@?$AAd?$AAd?$AAd?$AAd?$AA?0?$AA?5?$AAM?$AAM?$AAM?$AAM?$AA?5?$AAd?$AAd?$AA?0?$AA?5?$AAy?$AAy?$AAy?$AAy?$AA?$AA@ 1001a8c4     libcmt:nlsdata.obj
 0002:000008ec       ??_C@_1BC@GDGBMEMK@?$AAH?$AAH?$AA?3?$AAm?$AAm?$AA?3?$AAs?$AAs?$AA?$AA@ 1001a8ec     libcmt:nlsdata.obj
 0002:00000900       ??_C@_1M@BMHNFIME@?$AAe?$AAn?$AA?9?$AAU?$AAS?$AA?$AA@ 1001a900     libcmt:nlsdata.obj
 0002:0000091c       ??_C@_1M@HPNHIDJI@?$AAj?$AAa?$AA?9?$AAJ?$AAP?$AA?$AA@ 1001a91c     libcmt:mbctype.obj
 0002:00000928       ??_C@_1M@BIBDDEMK@?$AAz?$AAh?$AA?9?$AAC?$AAN?$AA?$AA@ 1001a928     libcmt:mbctype.obj
 0002:00000934       ??_C@_1M@JLOOOEGK@?$AAk?$AAo?$AA?9?$AAK?$AAR?$AA?$AA@ 1001a934     libcmt:mbctype.obj
 0002:00000940       ??_C@_1M@CLNBBOPM@?$AAz?$AAh?$AA?9?$AAT?$AAW?$AA?$AA@ 1001a940     libcmt:mbctype.obj
 0002:00000a08       ??_C@_1FK@PGACCAFB@?$AAR?$AA6?$AA0?$AA0?$AA2?$AA?$AN?$AA?6?$AA?9?$AA?5?$AAf?$AAl?$AAo?$AAa?$AAt?$AAi?$AAn?$AAg?$AA?5?$AAp?$AAo?$AAi?$AAn?$AAt?$AA?5?$AAs?$AAu?$AAp?$AAp?$AAo?$AAr?$AAt?$AA?5@ 1001aa08     libcmt:crt0msg.obj
 0002:00000a68       ??_C@_1FE@LLNEDJMD@?$AAR?$AA6?$AA0?$AA0?$AA8?$AA?$AN?$AA?6?$AA?9?$AA?5?$AAn?$AAo?$AAt?$AA?5?$AAe?$AAn?$AAo?$AAu?$AAg?$AAh?$AA?5?$AAs?$AAp?$AAa?$AAc?$AAe?$AA?5?$AAf?$AAo?$AAr?$AA?5?$AAa?$AAr@ 1001aa68     libcmt:crt0msg.obj
 0002:00000ac0       ??_C@_1FI@HONFMGBI@?$AAR?$AA6?$AA0?$AA0?$AA9?$AA?$AN?$AA?6?$AA?9?$AA?5?$AAn?$AAo?$AAt?$AA?5?$AAe?$AAn?$AAo?$AAu?$AAg?$AAh?$AA?5?$AAs?$AAp?$AAa?$AAc?$AAe?$AA?5?$AAf?$AAo?$AAr?$AA?5?$AAe?$AAn@ 1001aac0     libcmt:crt0msg.obj
 0002:00000b18       ??_C@_1EG@BEHAGFJD@?$AAR?$AA6?$AA0?$AA1?$AA0?$AA?$AN?$AA?6?$AA?9?$AA?5?$AAa?$AAb?$AAo?$AAr?$AAt?$AA?$CI?$AA?$CJ?$AA?5?$AAh?$AAa?$AAs?$AA?5?$AAb?$AAe?$AAe?$AAn?$AA?5?$AAc?$AAa?$AAl?$AAl?$AAe?$AAd@ 1001ab18     libcmt:crt0msg.obj
 0002:00000b60       ??_C@_1FI@LOGNIKDM@?$AAR?$AA6?$AA0?$AA1?$AA6?$AA?$AN?$AA?6?$AA?9?$AA?5?$AAn?$AAo?$AAt?$AA?5?$AAe?$AAn?$AAo?$AAu?$AAg?$AAh?$AA?5?$AAs?$AAp?$AAa?$AAc?$AAe?$AA?5?$AAf?$AAo?$AAr?$AA?5?$AAt?$AAh@ 1001ab60     libcmt:crt0msg.obj
 0002:00000bb8       ??_C@_1FK@BEOGODMC@?$AAR?$AA6?$AA0?$AA1?$AA7?$AA?$AN?$AA?6?$AA?9?$AA?5?$AAu?$AAn?$AAe?$AAx?$AAp?$AAe?$AAc?$AAt?$AAe?$AAd?$AA?5?$AAm?$AAu?$AAl?$AAt?$AAi?$AAt?$AAh?$AAr?$AAe?$AAa?$AAd?$AA?5@ 1001abb8     libcmt:crt0msg.obj
 0002:00000c18       ??_C@_1EC@JIBHAOPH@?$AAR?$AA6?$AA0?$AA1?$AA8?$AA?$AN?$AA?6?$AA?9?$AA?5?$AAu?$AAn?$AAe?$AAx?$AAp?$AAe?$AAc?$AAt?$AAe?$AAd?$AA?5?$AAh?$AAe?$AAa?$AAp?$AA?5?$AAe?$AAr?$AAr?$AAo?$AAr?$AA?$AN?$AA?6@ 1001ac18     libcmt:crt0msg.obj
 0002:00000c60       ??_C@_1FC@ECHBIFBC@?$AAR?$AA6?$AA0?$AA1?$AA9?$AA?$AN?$AA?6?$AA?9?$AA?5?$AAu?$AAn?$AAa?$AAb?$AAl?$AAe?$AA?5?$AAt?$AAo?$AA?5?$AAo?$AAp?$AAe?$AAn?$AA?5?$AAc?$AAo?$AAn?$AAs?$AAo?$AAl?$AAe?$AA?5@ 1001ac60     libcmt:crt0msg.obj
 0002:00000cb8       ??_C@_1GK@FHCKBEFA@?$AAR?$AA6?$AA0?$AA2?$AA4?$AA?$AN?$AA?6?$AA?9?$AA?5?$AAn?$AAo?$AAt?$AA?5?$AAe?$AAn?$AAo?$AAu?$AAg?$AAh?$AA?5?$AAs?$AAp?$AAa?$AAc?$AAe?$AA?5?$AAf?$AAo?$AAr?$AA?5?$AA_?$AAo@ 1001acb8     libcmt:crt0msg.obj
 0002:00000d28       ??_C@_1EM@MAADIHMB@?$AAR?$AA6?$AA0?$AA2?$AA5?$AA?$AN?$AA?6?$AA?9?$AA?5?$AAp?$AAu?$AAr?$AAe?$AA?5?$AAv?$AAi?$AAr?$AAt?$AAu?$AAa?$AAl?$AA?5?$AAf?$AAu?$AAn?$AAc?$AAt?$AAi?$AAo?$AAn?$AA?5?$AAc@ 1001ad28     libcmt:crt0msg.obj
 0002:00000d78       ??_C@_1GK@MCAAGJMO@?$AAR?$AA6?$AA0?$AA2?$AA6?$AA?$AN?$AA?6?$AA?9?$AA?5?$AAn?$AAo?$AAt?$AA?5?$AAe?$AAn?$AAo?$AAu?$AAg?$AAh?$AA?5?$AAs?$AAp?$AAa?$AAc?$AAe?$AA?5?$AAf?$AAo?$AAr?$AA?5?$AAs?$AAt@ 1001ad78     libcmt:crt0msg.obj
 0002:00000de8       ??_C@_1GK@MFGOKLAG@?$AAR?$AA6?$AA0?$AA2?$AA7?$AA?$AN?$AA?6?$AA?9?$AA?5?$AAn?$AAo?$AAt?$AA?5?$AAe?$AAn?$AAo?$AAu?$AAg?$AAh?$AA?5?$AAs?$AAp?$AAa?$AAc?$AAe?$AA?5?$AAf?$AAo?$AAr?$AA?5?$AAl?$AAo@ 1001ade8     libcmt:crt0msg.obj
 0002:00000e58       ??_C@_1EK@HHFLMAOL@?$AAR?$AA6?$AA0?$AA2?$AA8?$AA?$AN?$AA?6?$AA?9?$AA?5?$AAu?$AAn?$AAa?$AAb?$AAl?$AAe?$AA?5?$AAt?$AAo?$AA?5?$AAi?$AAn?$AAi?$AAt?$AAi?$AAa?$AAl?$AAi?$AAz?$AAe?$AA?5?$AAh?$AAe@ 1001ae58     libcmt:crt0msg.obj
 0002:00000ea4       ??_C@_1DO@BMFCDCD@?$AAR?$AA6?$AA0?$AA3?$AA0?$AA?$AN?$AA?6?$AA?9?$AA?5?$AAC?$AAR?$AAT?$AA?5?$AAn?$AAo?$AAt?$AA?5?$AAi?$AAn?$AAi?$AAt?$AAi?$AAa?$AAl?$AAi?$AAz?$AAe?$AAd?$AA?$AN?$AA?6?$AA?$AA@ 1001aea4     libcmt:crt0msg.obj
 0002:00000ee8       ??_C@_1MG@ENCOOIDF@?$AAR?$AA6?$AA0?$AA3?$AA1?$AA?$AN?$AA?6?$AA?9?$AA?5?$AAA?$AAt?$AAt?$AAe?$AAm?$AAp?$AAt?$AA?5?$AAt?$AAo?$AA?5?$AAi?$AAn?$AAi?$AAt?$AAi?$AAa?$AAl?$AAi?$AAz?$AAe?$AA?5?$AAt@ 1001aee8     libcmt:crt0msg.obj
 0002:00000fb0       ??_C@_1GG@GOPILAJP@?$AAR?$AA6?$AA0?$AA3?$AA2?$AA?$AN?$AA?6?$AA?9?$AA?5?$AAn?$AAo?$AAt?$AA?5?$AAe?$AAn?$AAo?$AAu?$AAg?$AAh?$AA?5?$AAs?$AAp?$AAa?$AAc?$AAe?$AA?5?$AAf?$AAo?$AAr?$AA?5?$AAl?$AAo@ 1001afb0     libcmt:crt0msg.obj
 0002:00001018       ??_C@_1BOO@KGEDBGAJ@?$AAR?$AA6?$AA0?$AA3?$AA3?$AA?$AN?$AA?6?$AA?9?$AA?5?$AAA?$AAt?$AAt?$AAe?$AAm?$AAp?$AAt?$AA?5?$AAt?$AAo?$AA?5?$AAu?$AAs?$AAe?$AA?5?$AAM?$AAS?$AAI?$AAL?$AA?5?$AAc?$AAo?$AAd@ 1001b018     libcmt:crt0msg.obj
 0002:00001208       ??_C@_1GG@MKFPEKFO@?$AAR?$AA6?$AA0?$AA3?$AA4?$AA?$AN?$AA?6?$AA?9?$AA?5?$AAi?$AAn?$AAc?$AAo?$AAn?$AAs?$AAi?$AAs?$AAt?$AAe?$AAn?$AAt?$AA?5?$AAo?$AAn?$AAe?$AAx?$AAi?$AAt?$AA?5?$AAb?$AAe?$AAg@ 1001b208     libcmt:crt0msg.obj
 0002:00001270       ??_C@_1BO@BFCDCGC@?$AAD?$AAO?$AAM?$AAA?$AAI?$AAN?$AA?5?$AAe?$AAr?$AAr?$AAo?$AAr?$AA?$AN?$AA?6?$AA?$AA@ 1001b270     libcmt:crt0msg.obj
 0002:00001290       ??_C@_1BK@KMOMNAAI@?$AAS?$AAI?$AAN?$AAG?$AA?5?$AAe?$AAr?$AAr?$AAo?$AAr?$AA?$AN?$AA?6?$AA?$AA@ 1001b290     libcmt:crt0msg.obj
 0002:000012ac       ??_C@_1BM@JBBEPPHI@?$AAT?$AAL?$AAO?$AAS?$AAS?$AA?5?$AAe?$AAr?$AAr?$AAo?$AAr?$AA?$AN?$AA?6?$AA?$AA@ 1001b2ac     libcmt:crt0msg.obj
 0002:000012c8       ??_C@_15JNBOKNOG@?$AA?$AN?$AA?6?$AA?$AA@ 1001b2c8     libcmt:crt0msg.obj
 0002:000012d0       ??_C@_1BO@BKOMIGKJ@?$AAr?$AAu?$AAn?$AAt?$AAi?$AAm?$AAe?$AA?5?$AAe?$AAr?$AAr?$AAo?$AAr?$AA?5?$AA?$AA@ 1001b2d0     libcmt:crt0msg.obj
 0002:000012f0       ??_C@_1DE@JNGNBFGO@?$AAR?$AAu?$AAn?$AAt?$AAi?$AAm?$AAe?$AA?5?$AAE?$AAr?$AAr?$AAo?$AAr?$AA?$CB?$AA?6?$AA?6?$AAP?$AAr?$AAo?$AAg?$AAr?$AAa?$AAm?$AA?3?$AA?5?$AA?$AA@ 1001b2f0     libcmt:crt0msg.obj
 0002:00001324       ??_C@_1CO@EAEJAADC@?$AA?$DM?$AAp?$AAr?$AAo?$AAg?$AAr?$AAa?$AAm?$AA?5?$AAn?$AAa?$AAm?$AAe?$AA?5?$AAu?$AAn?$AAk?$AAn?$AAo?$AAw?$AAn?$AA?$DO?$AA?$AA@ 1001b324     libcmt:crt0msg.obj
 0002:00001354       ??_C@_17LGKOMLJ@?$AA?4?$AA?4?$AA?4?$AA?$AA@ 1001b354     libcmt:crt0msg.obj
 0002:0000135c       ??_C@_15IABLJNFO@?$AA?6?$AA?6?$AA?$AA@ 1001b35c     libcmt:crt0msg.obj
 0002:00001368       ??_C@_1EK@MBDPDCGA@?$AAM?$AAi?$AAc?$AAr?$AAo?$AAs?$AAo?$AAf?$AAt?$AA?5?$AAV?$AAi?$AAs?$AAu?$AAa?$AAl?$AA?5?$AAC?$AA?$CL?$AA?$CL?$AA?5?$AAR?$AAu?$AAn?$AAt?$AAi?$AAm?$AAe?$AA?5?$AAL?$AAi?$AAb@ 1001b368     libcmt:crt0msg.obj
 0002:000013b8       ___newctype                1001b3b8     libcmt:ctype.obj
 0002:000016b8       __wctype                   1001b6b8     libcmt:ctype.obj
 0002:000018c0       ___newclmap                1001b8c0     libcmt:ctype.obj
 0002:00001a40       ___newcumap                1001ba40     libcmt:ctype.obj
 0002:00001bc0       ??_C@_1BG@GOEBHBDC@?$AAU?$AAS?$AAE?$AAR?$AA3?$AA2?$AA?4?$AAD?$AAL?$AAL?$AA?$AA@ 1001bbc0     libcmt:crtmboxw.obj
 0002:00001bd8       ??_C@_0M@DLDCCGNP@MessageBoxW?$AA@ 1001bbd8     libcmt:crtmboxw.obj
 0002:00001be4       ??_C@_0BA@HNOPNCHB@GetActiveWindow?$AA@ 1001bbe4     libcmt:crtmboxw.obj
 0002:00001bf4       ??_C@_0BD@HHGDFDBJ@GetLastActivePopup?$AA@ 1001bbf4     libcmt:crtmboxw.obj
 0002:00001c08       ??_C@_0BK@DEKFELLI@GetUserObjectInformationW?$AA@ 1001bc08     libcmt:crtmboxw.obj
 0002:00001c24       ??_C@_0BI@DFKBFLJE@GetProcessWindowStation?$AA@ 1001bc24     libcmt:crtmboxw.obj
 0002:00001c40       _LcidToLocaleNameTable     1001bc40     libcmt:winapinls.obj
 0002:00002360       _LocaleNameToIndexTable    1001c360     libcmt:winapinls.obj
 0002:00002a80       ??_C@_15EMKDOKLE@?$AAa?$AAr?$AA?$AA@ 1001ca80     libcmt:winapinls.obj
 0002:00002a88       ??_C@_15KNPADPLH@?$AAb?$AAg?$AA?$AA@ 1001ca88     libcmt:winapinls.obj
 0002:00002a90       ??_C@_15EDMHLDMO@?$AAc?$AAa?$AA?$AA@ 1001ca90     libcmt:winapinls.obj
 0002:00002a98       ??_C@_1O@BPEAJADD@?$AAz?$AAh?$AA?9?$AAC?$AAH?$AAS?$AA?$AA@ 1001ca98     libcmt:winapinls.obj
 0002:00002aa8       ??_C@_15LJNHCMNK@?$AAc?$AAs?$AA?$AA@ 1001caa8     libcmt:winapinls.obj
 0002:00002ab0       ??_C@_15FOMCIDHG@?$AAd?$AAa?$AA?$AA@ 1001cab0     libcmt:winapinls.obj
 0002:00002ab8       ??_C@_15NBKABECB@?$AAd?$AAe?$AA?$AA@ 1001cab8     libcmt:winapinls.obj
 0002:00002ac0       ??_C@_15GHPEIIAO@?$AAe?$AAl?$AA?$AA@ 1001cac0     libcmt:winapinls.obj
 0002:00002ac8       ??_C@_15MNPNEAIF@?$AAe?$AAn?$AA?$AA@ 1001cac8     libcmt:winapinls.obj
 0002:00002ad0       ??_C@_15GPIOMPMH@?$AAe?$AAs?$AA?$AA@ 1001cad0     libcmt:winapinls.obj
 0002:00002ad8       ??_C@_15NGLOAKJC@?$AAf?$AAi?$AA?$AA@ 1001cad8     libcmt:winapinls.obj
 0002:00002ae0       ??_C@_15FBKGNKAM@?$AAf?$AAr?$AA?$AA@ 1001cae0     libcmt:winapinls.obj
 0002:00002ae8       ??_C@_15KGGCNEFK@?$AAh?$AAe?$AA?$AA@ 1001cae8     libcmt:winapinls.obj
 0002:00002af0       ??_C@_15PGHLIDMF@?$AAh?$AAu?$AA?$AA@ 1001caf0     libcmt:winapinls.obj
 0002:00002af8       ??_C@_15BIEMAPLM@?$AAi?$AAs?$AA?$AA@ 1001caf8     libcmt:winapinls.obj
 0002:00002b00       ??_C@_15IFJLDHAF@?$AAi?$AAt?$AA?$AA@ 1001cb00     libcmt:winapinls.obj
 0002:00002b08       ??_C@_15GEMIOCAG@?$AAj?$AAa?$AA?$AA@ 1001cb08     libcmt:winapinls.obj
 0002:00002b10       ??_C@_15EPELEGJA@?$AAk?$AAo?$AA?$AA@ 1001cb10     libcmt:winapinls.obj
 0002:00002b18       ??_C@_15NDDHIMN@?$AAn?$AAl?$AA?$AA@ 1001cb18     libcmt:winapinls.obj
 0002:00002b20       ??_C@_15BPIGNHCD@?$AAn?$AAo?$AA?$AA@ 1001cb20     libcmt:winapinls.obj
 0002:00002b28       ??_C@_15DEOPBLCG@?$AAp?$AAl?$AA?$AA@ 1001cb28     libcmt:winapinls.obj
 0002:00002b30       ??_C@_15KBECGEFG@?$AAp?$AAt?$AA?$AA@ 1001cb30     libcmt:winapinls.obj
 0002:00002b38       ??_C@_15GLJCBFMD@?$AAr?$AAo?$AA?$AA@ 1001cb38     libcmt:winapinls.obj
 0002:00002b40       ??_C@_15FEDGKCDI@?$AAr?$AAu?$AA?$AA@ 1001cb40     libcmt:winapinls.obj
 0002:00002b48       ??_C@_15GLKMLLHM@?$AAh?$AAr?$AA?$AA@ 1001cb48     libcmt:winapinls.obj
 0002:00002b50       ??_C@_15CPKMFBDB@?$AAs?$AAk?$AA?$AA@ 1001cb50     libcmt:winapinls.obj
 0002:00002b58       ??_C@_15BAAIOGMK@?$AAs?$AAq?$AA?$AA@ 1001cb58     libcmt:winapinls.obj
 0002:00002b60       ??_C@_15INNPNOHD@?$AAs?$AAv?$AA?$AA@ 1001cb60     libcmt:winapinls.obj
 0002:00002b68       ??_C@_15CABMMOGH@?$AAt?$AAh?$AA?$AA@ 1001cb68     libcmt:winapinls.obj
 0002:00002b70       ??_C@_15BPLIHJJM@?$AAt?$AAr?$AA?$AA@ 1001cb70     libcmt:winapinls.obj
 0002:00002b78       ??_C@_15NEOEKKDJ@?$AAu?$AAr?$AA?$AA@ 1001cb78     libcmt:winapinls.obj
 0002:00002b80       ??_C@_15NFICGAJK@?$AAi?$AAd?$AA?$AA@ 1001cb80     libcmt:winapinls.obj
 0002:00002b88       ??_C@_15PJPFLCCM@?$AAu?$AAk?$AA?$AA@ 1001cb88     libcmt:winapinls.obj
 0002:00002b90       ??_C@_15HPJPHDM@?$AAb?$AAe?$AA?$AA@ 1001cb90     libcmt:winapinls.obj
 0002:00002b98       ??_C@_15LCHLGJII@?$AAs?$AAl?$AA?$AA@ 1001cb98     libcmt:winapinls.obj
 0002:00002ba0       ??_C@_15PCFJPHHO@?$AAe?$AAt?$AA?$AA@ 1001cba0     libcmt:winapinls.obj
 0002:00002ba8       ??_C@_15HPFPGODN@?$AAl?$AAv?$AA?$AA@ 1001cba8     libcmt:winapinls.obj
 0002:00002bb0       ??_C@_15NFFGKGLG@?$AAl?$AAt?$AA?$AA@ 1001cbb0     libcmt:winapinls.obj
 0002:00002bb8       ??_C@_15BDAKCCHN@?$AAf?$AAa?$AA?$AA@ 1001cbb8     libcmt:winapinls.obj
 0002:00002bc0       ??_C@_15NFGIAIAJ@?$AAv?$AAi?$AA?$AA@ 1001cbc0     libcmt:winapinls.obj
 0002:00002bc8       ??_C@_15LMKNDMHN@?$AAh?$AAy?$AA?$AA@ 1001cbc8     libcmt:winapinls.obj
 0002:00002bd0       ??_C@_15IJBHMCFL@?$AAa?$AAz?$AA?$AA@ 1001cbd0     libcmt:winapinls.obj
 0002:00002bd8       ??_C@_15EKOFJABL@?$AAe?$AAu?$AA?$AA@ 1001cbd8     libcmt:winapinls.obj
 0002:00002be0       ??_C@_15BGHADCNK@?$AAm?$AAk?$AA?$AA@ 1001cbe0     libcmt:winapinls.obj
 0002:00002be8       ??_C@_15JDNICKHM@?$AAa?$AAf?$AA?$AA@ 1001cbe8     libcmt:winapinls.obj
 0002:00002bf0       ??_C@_15KPJEDBKD@?$AAk?$AAa?$AA?$AA@ 1001cbf0     libcmt:winapinls.obj
 0002:00002bf8       ??_C@_15PDNFFFEO@?$AAf?$AAo?$AA?$AA@ 1001cbf8     libcmt:winapinls.obj
 0002:00002c00       ??_C@_15OMLEGLOC@?$AAh?$AAi?$AA?$AA@ 1001cc00     libcmt:winapinls.obj
 0002:00002c08       ??_C@_15IDNNENKK@?$AAm?$AAs?$AA?$AA@ 1001cc08     libcmt:winapinls.obj
 0002:00002c10       ??_C@_15MACJNBMH@?$AAk?$AAk?$AA?$AA@ 1001cc10     libcmt:winapinls.obj
 0002:00002c18       ??_C@_15DKDJEOND@?$AAk?$AAy?$AA?$AA@ 1001cc18     libcmt:winapinls.obj
 0002:00002c20       ??_C@_15DFGDLJBG@?$AAs?$AAw?$AA?$AA@ 1001cc20     libcmt:winapinls.obj
 0002:00002c28       ??_C@_15BBFAICNG@?$AAu?$AAz?$AA?$AA@ 1001cc28     libcmt:winapinls.obj
 0002:00002c30       ??_C@_15DKNDCGEA@?$AAt?$AAt?$AA?$AA@ 1001cc30     libcmt:winapinls.obj
 0002:00002c38       ??_C@_15MGIFMDPL@?$AAp?$AAa?$AA?$AA@ 1001cc38     libcmt:winapinls.obj
 0002:00002c40       ??_C@_15HCNDBBA@?$AAg?$AAu?$AA?$AA@ 1001cc40     libcmt:winapinls.obj
 0002:00002c48       ??_C@_15FNBEIBON@?$AAt?$AAa?$AA?$AA@ 1001cc48     libcmt:winapinls.obj
 0002:00002c50       ??_C@_15NCHGBGLK@?$AAt?$AAe?$AA?$AA@ 1001cc50     libcmt:winapinls.obj
 0002:00002c58       ??_C@_15PHPHCBPF@?$AAk?$AAn?$AA?$AA@ 1001cc58     libcmt:winapinls.obj
 0002:00002c60       ??_C@_15DLGBCKMP@?$AAm?$AAr?$AA?$AA@ 1001cc60     libcmt:winapinls.obj
 0002:00002c68       ??_C@_15EABBLBFF@?$AAs?$AAa?$AA?$AA@ 1001cc68     libcmt:winapinls.obj
 0002:00002c70       ??_C@_15CBKOMCOI@?$AAm?$AAn?$AA?$AA@ 1001cc70     libcmt:winapinls.obj
 0002:00002c78       ??_C@_15CKDMCJAF@?$AAg?$AAl?$AA?$AA@ 1001cc78     libcmt:winapinls.obj
 0002:00002c80       ??_C@_17CNJFBPG@?$AAk?$AAo?$AAk?$AA?$AA@ 1001cc80     libcmt:winapinls.obj
 0002:00002c88       ??_C@_17FFBJICPL@?$AAs?$AAy?$AAr?$AA?$AA@ 1001cc88     libcmt:winapinls.obj
 0002:00002c90       ??_C@_17KPNDCPAF@?$AAd?$AAi?$AAv?$AA?$AA@ 1001cc90     libcmt:winapinls.obj
 0002:00002c98       ??_C@_11LOCGONAA@?$AA?$AA@ 1001cc98     libcmt:winapinls.obj
 0002:00002c9c       ??_C@_1M@OKAHONE@?$AAa?$AAr?$AA?9?$AAS?$AAA?$AA?$AA@ 1001cc9c     libcmt:winapinls.obj
 0002:00002ca8       ??_C@_1M@FFFIGIGK@?$AAb?$AAg?$AA?9?$AAB?$AAG?$AA?$AA@ 1001cca8     libcmt:winapinls.obj
 0002:00002cb4       ??_C@_1M@BJNKEDC@?$AAc?$AAa?$AA?9?$AAE?$AAS?$AA?$AA@ 1001ccb4     libcmt:winapinls.obj
 0002:00002cc0       ??_C@_1M@IJJHFJHA@?$AAc?$AAs?$AA?9?$AAC?$AAZ?$AA?$AA@ 1001ccc0     libcmt:winapinls.obj
 0002:00002ccc       ??_C@_1M@CLPEOBGI@?$AAd?$AAa?$AA?9?$AAD?$AAK?$AA?$AA@ 1001cccc     libcmt:winapinls.obj
 0002:00002cd8       ??_C@_1M@MCMADGCB@?$AAd?$AAe?$AA?9?$AAD?$AAE?$AA?$AA@ 1001ccd8     libcmt:winapinls.obj
 0002:00002ce4       ??_C@_1M@OOCKEMAM@?$AAe?$AAl?$AA?9?$AAG?$AAR?$AA?$AA@ 1001cce4     libcmt:winapinls.obj
 0002:00002cf0       ??_C@_1M@DDNJFGID@?$AAf?$AAi?$AA?9?$AAF?$AAI?$AA?$AA@ 1001ccf0     libcmt:winapinls.obj
 0002:00002cfc       ??_C@_1M@GLIPPMAC@?$AAf?$AAr?$AA?9?$AAF?$AAR?$AA?$AA@ 1001ccfc     libcmt:winapinls.obj
 0002:00002d08       ??_C@_1M@GFMCHPE@?$AAh?$AAe?$AA?9?$AAI?$AAL?$AA?$AA@ 1001cd08     libcmt:winapinls.obj
 0002:00002d14       ??_C@_1M@MHLPGNKM@?$AAh?$AAu?$AA?9?$AAH?$AAU?$AA?$AA@ 1001cd14     libcmt:winapinls.obj
 0002:00002d20       ??_C@_1M@LPDDNNPN@?$AAi?$AAs?$AA?9?$AAI?$AAS?$AA?$AA@ 1001cd20     libcmt:winapinls.obj
 0002:00002d2c       ??_C@_1M@MADIPODN@?$AAi?$AAt?$AA?9?$AAI?$AAT?$AA?$AA@ 1001cd2c     libcmt:winapinls.obj
 0002:00002d38       ??_C@_1M@IHBJJGG@?$AAn?$AAl?$AA?9?$AAN?$AAL?$AA?$AA@ 1001cd38     libcmt:winapinls.obj
 0002:00002d44       ??_C@_1M@EANAGDL@?$AAn?$AAb?$AA?9?$AAN?$AAO?$AA?$AA@ 1001cd44     libcmt:winapinls.obj
 0002:00002d50       ??_C@_1M@NEIEMEGP@?$AAp?$AAl?$AA?9?$AAP?$AAL?$AA?$AA@ 1001cd50     libcmt:winapinls.obj
 0002:00002d5c       ??_C@_1M@BOCFIGEP@?$AAp?$AAt?$AA?9?$AAB?$AAR?$AA?$AA@ 1001cd5c     libcmt:winapinls.obj
 0002:00002d68       ??_C@_1M@IMPFOPBG@?$AAr?$AAo?$AA?9?$AAR?$AAO?$AA?$AA@ 1001cd68     libcmt:winapinls.obj
 0002:00002d74       ??_C@_1M@IDNNEJMM@?$AAr?$AAu?$AA?9?$AAR?$AAU?$AA?$AA@ 1001cd74     libcmt:winapinls.obj
 0002:00002d80       ??_C@_1M@LILEEOGM@?$AAh?$AAr?$AA?9?$AAH?$AAR?$AA?$AA@ 1001cd80     libcmt:winapinls.obj
 0002:00002d8c       ??_C@_1M@FKIFEHPB@?$AAs?$AAk?$AA?9?$AAS?$AAK?$AA?$AA@ 1001cd8c     libcmt:winapinls.obj
 0002:00002d98       ??_C@_1M@LJMAMNPJ@?$AAs?$AAq?$AA?9?$AAA?$AAL?$AA?$AA@ 1001cd98     libcmt:winapinls.obj
 0002:00002da4       ??_C@_1M@GIAKDKJK@?$AAs?$AAv?$AA?9?$AAS?$AAE?$AA?$AA@ 1001cda4     libcmt:winapinls.obj
 0002:00002db0       ??_C@_1M@MKJKIKCL@?$AAt?$AAh?$AA?9?$AAT?$AAH?$AA?$AA@ 1001cdb0     libcmt:winapinls.obj
 0002:00002dbc       ??_C@_1M@MFLCCMPB@?$AAt?$AAr?$AA?9?$AAT?$AAR?$AA?$AA@ 1001cdbc     libcmt:winapinls.obj
 0002:00002dc8       ??_C@_1M@OIJHDKJN@?$AAu?$AAr?$AA?9?$AAP?$AAK?$AA?$AA@ 1001cdc8     libcmt:winapinls.obj
 0002:00002dd4       ??_C@_1M@LHIPCIEK@?$AAi?$AAd?$AA?9?$AAI?$AAD?$AA?$AA@ 1001cdd4     libcmt:winapinls.obj
 0002:00002de0       ??_C@_1M@MFMOBGI@?$AAu?$AAk?$AA?9?$AAU?$AAA?$AA?$AA@ 1001cde0     libcmt:winapinls.obj
 0002:00002dec       ??_C@_1M@OBGLJIPL@?$AAb?$AAe?$AA?9?$AAB?$AAY?$AA?$AA@ 1001cdec     libcmt:winapinls.obj
 0002:00002df8       ??_C@_1M@BCFAJEAD@?$AAs?$AAl?$AA?9?$AAS?$AAI?$AA?$AA@ 1001cdf8     libcmt:winapinls.obj
 0002:00002e04       ??_C@_1M@FKFFEDDN@?$AAe?$AAt?$AA?9?$AAE?$AAE?$AA?$AA@ 1001ce04     libcmt:winapinls.obj
 0002:00002e10       ??_C@_1M@KGKKAACI@?$AAl?$AAv?$AA?9?$AAL?$AAV?$AA?$AA@ 1001ce10     libcmt:winapinls.obj
 0002:00002e1c       ??_C@_1M@IFGBIJO@?$AAl?$AAt?$AA?9?$AAL?$AAT?$AA?$AA@ 1001ce1c     libcmt:winapinls.obj
 0002:00002e28       ??_C@_1M@FGEAHEDM@?$AAf?$AAa?$AA?9?$AAI?$AAR?$AA?$AA@ 1001ce28     libcmt:winapinls.obj
 0002:00002e34       ??_C@_1M@KBMAIBFN@?$AAv?$AAi?$AA?9?$AAV?$AAN?$AA?$AA@ 1001ce34     libcmt:winapinls.obj
 0002:00002e40       ??_C@_1M@GPCBKDJK@?$AAh?$AAy?$AA?9?$AAA?$AAM?$AA?$AA@ 1001ce40     libcmt:winapinls.obj
 0002:00002e4c       ??_C@_1BG@BECMDDJB@?$AAa?$AAz?$AA?9?$AAA?$AAZ?$AA?9?$AAL?$AAa?$AAt?$AAn?$AA?$AA@ 1001ce4c     libcmt:winapinls.obj
 0002:00002e64       ??_C@_1M@MAOFCAEA@?$AAe?$AAu?$AA?9?$AAE?$AAS?$AA?$AA@ 1001ce64     libcmt:winapinls.obj
 0002:00002e70       ??_C@_1M@IGHABKPI@?$AAm?$AAk?$AA?9?$AAM?$AAK?$AA?$AA@ 1001ce70     libcmt:winapinls.obj
 0002:00002e7c       ??_C@_1M@IAIGNEJG@?$AAt?$AAn?$AA?9?$AAZ?$AAA?$AA?$AA@ 1001ce7c     libcmt:winapinls.obj
 0002:00002e88       ??_C@_1M@IIJCOJFA@?$AAx?$AAh?$AA?9?$AAZ?$AAA?$AA?$AA@ 1001ce88     libcmt:winapinls.obj
 0002:00002e94       ??_C@_1M@LGPJHNJH@?$AAz?$AAu?$AA?9?$AAZ?$AAA?$AA?$AA@ 1001ce94     libcmt:winapinls.obj
 0002:00002ea0       ??_C@_1M@HOKAOIO@?$AAa?$AAf?$AA?9?$AAZ?$AAA?$AA?$AA@ 1001cea0     libcmt:winapinls.obj
 0002:00002eac       ??_C@_1M@DPCLHLIE@?$AAk?$AAa?$AA?9?$AAG?$AAE?$AA?$AA@ 1001ceac     libcmt:winapinls.obj
 0002:00002eb8       ??_C@_1M@BLKMHJBI@?$AAf?$AAo?$AA?9?$AAF?$AAO?$AA?$AA@ 1001ceb8     libcmt:winapinls.obj
 0002:00002ec4       ??_C@_1M@LGGJAPPB@?$AAh?$AAi?$AA?9?$AAI?$AAN?$AA?$AA@ 1001cec4     libcmt:winapinls.obj
 0002:00002ed0       ??_C@_1M@FIKPIHFE@?$AAm?$AAt?$AA?9?$AAM?$AAT?$AA?$AA@ 1001ced0     libcmt:winapinls.obj
 0002:00002edc       ??_C@_1M@HEGGPBFA@?$AAs?$AAe?$AA?9?$AAN?$AAO?$AA?$AA@ 1001cedc     libcmt:winapinls.obj
 0002:00002ee8       ??_C@_1M@EIBJEEPA@?$AAm?$AAs?$AA?9?$AAM?$AAY?$AA?$AA@ 1001cee8     libcmt:winapinls.obj
 0002:00002ef4       ??_C@_1M@FHLBGMPP@?$AAk?$AAk?$AA?9?$AAK?$AAZ?$AA?$AA@ 1001cef4     libcmt:winapinls.obj
 0002:00002f00       ??_C@_1M@NGJJLCGI@?$AAk?$AAy?$AA?9?$AAK?$AAG?$AA?$AA@ 1001cf00     libcmt:winapinls.obj
 0002:00002f0c       ??_C@_1M@GIENNBFC@?$AAs?$AAw?$AA?9?$AAK?$AAE?$AA?$AA@ 1001cf0c     libcmt:winapinls.obj
 0002:00002f18       ??_C@_1BG@NDGMJIMJ@?$AAu?$AAz?$AA?9?$AAU?$AAZ?$AA?9?$AAL?$AAa?$AAt?$AAn?$AA?$AA@ 1001cf18     libcmt:winapinls.obj
 0002:00002f30       ??_C@_1M@IDCCIHBC@?$AAt?$AAt?$AA?9?$AAR?$AAU?$AA?$AA@ 1001cf30     libcmt:winapinls.obj
 0002:00002f3c       ??_C@_1M@LOICPMOJ@?$AAb?$AAn?$AA?9?$AAI?$AAN?$AA?$AA@ 1001cf3c     libcmt:winapinls.obj
 0002:00002f48       ??_C@_1M@KPKKNEAH@?$AAp?$AAa?$AA?9?$AAI?$AAN?$AA?$AA@ 1001cf48     libcmt:winapinls.obj
 0002:00002f54       ??_C@_1M@PJGPPBOG@?$AAg?$AAu?$AA?9?$AAI?$AAN?$AA?$AA@ 1001cf54     libcmt:winapinls.obj
 0002:00002f60       ??_C@_1M@KMKMOPHI@?$AAt?$AAa?$AA?9?$AAI?$AAN?$AA?$AA@ 1001cf60     libcmt:winapinls.obj
 0002:00002f6c       ??_C@_1M@KFEHEPAC@?$AAt?$AAe?$AA?9?$AAI?$AAN?$AA?$AA@ 1001cf6c     libcmt:winapinls.obj
 0002:00002f78       ??_C@_1M@CDCLMGHI@?$AAk?$AAn?$AA?9?$AAI?$AAN?$AA?$AA@ 1001cf78     libcmt:winapinls.obj
 0002:00002f84       ??_C@_1M@MIODLDKF@?$AAm?$AAl?$AA?9?$AAI?$AAN?$AA?$AA@ 1001cf84     libcmt:winapinls.obj
 0002:00002f90       ??_C@_1M@PBIEACPO@?$AAm?$AAr?$AA?9?$AAI?$AAN?$AA?$AA@ 1001cf90     libcmt:winapinls.obj
 0002:00002f9c       ??_C@_1M@NIDEAGPH@?$AAs?$AAa?$AA?9?$AAI?$AAN?$AA?$AA@ 1001cf9c     libcmt:winapinls.obj
 0002:00002fa8       ??_C@_1M@FHIHCBIO@?$AAm?$AAn?$AA?9?$AAM?$AAN?$AA?$AA@ 1001cfa8     libcmt:winapinls.obj
 0002:00002fb4       ??_C@_1M@JAIJPENP@?$AAc?$AAy?$AA?9?$AAG?$AAB?$AA?$AA@ 1001cfb4     libcmt:winapinls.obj
 0002:00002fc0       ??_C@_1M@PHGFBEPN@?$AAg?$AAl?$AA?9?$AAE?$AAS?$AA?$AA@ 1001cfc0     libcmt:winapinls.obj
 0002:00002fcc       ??_C@_1O@KPIPDNCP@?$AAk?$AAo?$AAk?$AA?9?$AAI?$AAN?$AA?$AA@ 1001cfcc     libcmt:winapinls.obj
 0002:00002fdc       ??_C@_1O@KNHJLDJA@?$AAs?$AAy?$AAr?$AA?9?$AAS?$AAY?$AA?$AA@ 1001cfdc     libcmt:winapinls.obj
 0002:00002fec       ??_C@_1O@MKEKBLAH@?$AAd?$AAi?$AAv?$AA?9?$AAM?$AAV?$AA?$AA@ 1001cfec     libcmt:winapinls.obj
 0002:00002ffc       ??_C@_1O@OHDCKDDF@?$AAq?$AAu?$AAz?$AA?9?$AAB?$AAO?$AA?$AA@ 1001cffc     libcmt:winapinls.obj
 0002:0000300c       ??_C@_1M@LEPJNLFD@?$AAn?$AAs?$AA?9?$AAZ?$AAA?$AA?$AA@ 1001d00c     libcmt:winapinls.obj
 0002:00003018       ??_C@_1M@OMLEIIJB@?$AAm?$AAi?$AA?9?$AAN?$AAZ?$AA?$AA@ 1001d018     libcmt:winapinls.obj
[...]
 0002:0000e278       _2il0floatpacket_6         10028278     libcmt:svml_dpow2_sse2.obj
 0002:0000e348       _INF                       10028348     libcmt:libm_error.obj
 0002:0000e358       _BIG                       10028358     libcmt:libm_error.obj
 0002:0000e368       _ZERO                      10028368     libcmt:libm_error.obj
 0002:0000e378       _INF_32                    10028378     libcmt:libm_error.obj
 0002:0000e380       _NAN_32                    10028380     libcmt:libm_error.obj
 0002:0000e388       _ZERO_32                   10028388     libcmt:libm_error.obj
 0002:0000e390       _libm_largef               10028390     libcmt:libm_error.obj
 0002:0000e398       _libm_smallf               10028398     libcmt:libm_error.obj
 0002:0000e3a0       _libm_small                100283a0     libcmt:libm_error.obj
 0002:0000e3c0       Ctable                     100283c0     libcmt:cos_pentium4.obj
 0002:0000ebc0       SC_1                       10028bc0     libcmt:cos_pentium4.obj
 0002:0000ebd0       SC_2                       10028bd0     libcmt:cos_pentium4.obj
 0002:0000ebe0       SC_3                       10028be0     libcmt:cos_pentium4.obj
 0002:0000ebf0       SC_4                       10028bf0     libcmt:cos_pentium4.obj
 0002:0000ec00       PI32INV                    10028c00     libcmt:cos_pentium4.obj
 0002:0000ec08       SHIFTER                    10028c08     libcmt:cos_pentium4.obj
 0002:0000ec10       P_2                        10028c10     libcmt:cos_pentium4.obj
 0002:0000ec20       P_1                        10028c20     libcmt:cos_pentium4.obj
 0002:0000ec28       P_3                        10028c28     libcmt:cos_pentium4.obj
 0002:0000ec30       TWO_POW_55                 10028c30     libcmt:cos_pentium4.obj
 0002:0000ec38       TWO_POW_M55                10028c38     libcmt:cos_pentium4.obj
 0002:0000ec40       ALL_ONES                   10028c40     libcmt:cos_pentium4.obj
 0002:0000ec48       NEG_ZERO                   10028c48     libcmt:cos_pentium4.obj
 0002:0000ec50       ONE                        10028c50     libcmt:cos_pentium4.obj
 0002:0000ec60       SIGN_MASK                  10028c60     libcmt:cos_pentium4.obj
 0002:0000ec70       One                        10028c70     libcmt:common.obj
 0002:0000ec84       DblMax                     10028c84     libcmt:common.obj
 0002:0000ec8c       DblMin                     10028c8c     libcmt:common.obj
 0002:0000ec94       IeeeAdjO                   10028c94     libcmt:common.obj
 0002:0000ec9c       IeeeAdjU                   10028c9c     libcmt:common.obj
 0002:0000eca4       _infinity                  10028ca4     libcmt:common.obj
 0002:0000ecac       _zero                      10028cac     libcmt:common.obj
 0002:0000ecc0       Ctable                     10028cc0     libcmt:sin_pentium4.obj
 0002:0000f4c0       SC_1                       100294c0     libcmt:sin_pentium4.obj
 0002:0000f4d0       SC_2                       100294d0     libcmt:sin_pentium4.obj
 0002:0000f4e0       SC_3                       100294e0     libcmt:sin_pentium4.obj
 0002:0000f4f0       SC_4                       100294f0     libcmt:sin_pentium4.obj
 0002:0000f500       PI32INV                    10029500     libcmt:sin_pentium4.obj
 0002:0000f508       SHIFTER                    10029508     libcmt:sin_pentium4.obj
 0002:0000f510       P_2                        10029510     libcmt:sin_pentium4.obj
 0002:0000f520       P_1                        10029520     libcmt:sin_pentium4.obj
 0002:0000f528       P_3                        10029528     libcmt:sin_pentium4.obj
 0002:0000f530       TWO_POW_55                 10029530     libcmt:sin_pentium4.obj
 0002:0000f538       TWO_POW_M55                10029538     libcmt:sin_pentium4.obj
 0002:0000f540       ALL_ONES                   10029540     libcmt:sin_pentium4.obj
 0002:0000f548       NEG_ZERO                   10029548     libcmt:sin_pentium4.obj
 0002:0000f550       ONE                        10029550     libcmt:sin_pentium4.obj
 0002:0000f640       __sehtable$__CRT_INIT@12   10029640     libcmt:dllcrt0.obj
 0002:0000f660       __sehtable$___DllMainCRTStartup 10029660     libcmt:dllcrt0.obj
 0002:0000f680       __sehtable$__freefls@4     10029680     libcmt:tidtable.obj
 0002:0000f6a8       __sehtable$__initptd       100296a8     libcmt:tidtable.obj
 0002:0000f6d0       __sehtable$_doexit         100296d0     libcmt:crt0dat.obj
 0002:0000f6f0       __sehtable$__ioinit        100296f0     libcmt:ioinit.obj
 0002:0000f710       __sehtable$__mtinitlocknum 10029710     libcmt:mlock.obj
 0002:0000f730       __sehtable$___updatetlocinfo 10029730     libcmt:localref.obj
 0002:0000f750       __sehtable$___updatetmbcinfo 10029750     libcmt:mbctype.obj
 0002:0000f770       __sehtable$__setmbcp       10029770     libcmt:mbctype.obj
 0002:0000f790       __sehtable$__IsNonwritableInCurrentImage 10029790     libcmt:pesect.obj
 0002:0000f7b0       __sehtable$__onexit        100297b0     libcmt:onexit.obj
 0002:0000f7d0       __sehtable$?terminate@@YAXXZ 100297d0     libcmt:hooks.obj
 0002:0000f7f0       __sehtable$_raise          100297f0     libcmt:winsig.obj
 0002:0000f810       __sehtable$_flsall         10029810     libcmt:fflush.obj
 0002:0000f838       __sehtable$__fcloseall     10029838     libcmt:closeall.obj
 0002:0000f858       __sehtable$__locterm       10029858     libcmt:wsetloca.obj
 0002:0000f878       __sehtable$__commit        10029878     libcmt:commit.obj
 0002:0000f898       __sehtable$__write         10029898     libcmt:write.obj
 0002:0000f8b8       __sehtable$_fclose         100298b8     libcmt:fclose.obj
 0002:0000f8d8       __sehtable$___lock_fhandle 100298d8     libcmt:osfinfo.obj
 0002:0000f8f8       __sehtable$__close         100298f8     libcmt:close.obj
 0002:0000f918       __sehtable$___set_fpsr_sse2 10029918     libcmt:fpctrl.obj
 0002:0000f940       .edata                     10029940     ILU.exp
 0002:0000f968       rgpv                       10029968     ILU.exp
 0002:0000fac8       rgszName                   10029ac8     ILU.exp
 0002:0000fc28       rgwOrd                     10029c28     ILU.exp
 0002:0000fcd8       szName                     10029cd8     ILU.exp
 0002:0000fce0       $N00001                    10029ce0     ILU.exp
 0002:0000fced       $N00002                    10029ced     ILU.exp
 0002:0000fcf9       $N00003                    10029cf9     ILU.exp
 0002:0000fd0a       $N00004                    10029d0a     ILU.exp
 0002:0000fd1b       $N00005                    10029d1b     ILU.exp
 0002:0000fd2b       $N00006                    10029d2b     ILU.exp
 0002:0000fd3c       $N00007                    10029d3c     ILU.exp
 0002:0000fd49       $N00008                    10029d49     ILU.exp
 0002:0000fd59       $N00009                    10029d59     ILU.exp
 0002:0000fd62       $N00010                    10029d62     ILU.exp
 0002:0000fd75       $N00011                    10029d75     ILU.exp
 0002:0000fd85       $N00012                    10029d85     ILU.exp
 0002:0000fd95       $N00013                    10029d95     ILU.exp
 0002:0000fda5       $N00014                    10029da5     ILU.exp
 0002:0000fdb0       $N00015                    10029db0     ILU.exp
 0002:0000fdc2       $N00016                    10029dc2     ILU.exp
 0002:0000fdd3       $N00017                    10029dd3     ILU.exp
 0002:0000fde0       $N00018                    10029de0     ILU.exp
 0002:0000fdf0       $N00019                    10029df0     ILU.exp
 0002:0000fdfe       $N00020                    10029dfe     ILU.exp
 0002:0000fe0f       $N00021                    10029e0f     ILU.exp
 0002:0000fe1e       $N00022                    10029e1e     ILU.exp
 0002:0000fe2e       $N00023                    10029e2e     ILU.exp
 0002:0000fe3c       $N00024                    10029e3c     ILU.exp
 0002:0000fe4f       $N00025                    10029e4f     ILU.exp
 0002:0000fe58       $N00026                    10029e58     ILU.exp
 0002:0000fe68       $N00027                    10029e68     ILU.exp
 0002:0000fe8d       $N00028                    10029e8d     ILU.exp
 0002:0000fe98       $N00029                    10029e98     ILU.exp
 0002:0000fea5       $N00030                    10029ea5     ILU.exp
 0002:0000feb1       $N00031                    10029eb1     ILU.exp
 0002:0000febe       $N00032                    10029ebe     ILU.exp
 0002:0000fed0       $N00033                    10029ed0     ILU.exp
 0002:0000fedd       $N00034                    10029edd     ILU.exp
 0002:0000fee8       $N00035                    10029ee8     ILU.exp
 0002:0000ff0d       $N00036                    10029f0d     ILU.exp
 0002:0000ff1c       $N00037                    10029f1c     ILU.exp
 0002:0000ff2b       $N00038                    10029f2b     ILU.exp
 0002:0000ff35       $N00039                    10029f35     ILU.exp
 0002:0000ff44       $N00040                    10029f44     ILU.exp
 0002:0000ff55       $N00041                    10029f55     ILU.exp
 0002:0000ff65       $N00042                    10029f65     ILU.exp
 0002:0000ff71       $N00043                    10029f71     ILU.exp
 0002:0000ff81       $N00044                    10029f81     ILU.exp
 0002:0000ff8a       $N00045                    10029f8a     ILU.exp
 0002:0000ff96       $N00046                    10029f96     ILU.exp
 0002:0000ffa1       $N00047                    10029fa1     ILU.exp
 0002:0000ffb1       $N00048                    10029fb1     ILU.exp
 0002:0000ffc1       $N00049                    10029fc1     ILU.exp
 0002:0000ffd0       $N00050                    10029fd0     ILU.exp
 0002:0000ffe0       $N00051                    10029fe0     ILU.exp
 0002:0000ffec       $N00052                    10029fec     ILU.exp
 0002:0000fffb       $N00053                    10029ffb     ILU.exp
 0002:00010003       $N00054                    1002a003     ILU.exp
 0002:00010012       $N00055                    1002a012     ILU.exp
 0002:00010021       $N00056                    1002a021     ILU.exp
 0002:00010030       $N00057                    1002a030     ILU.exp
 0002:0001003a       $N00058                    1002a03a     ILU.exp
 0002:0001004b       $N00059                    1002a04b     ILU.exp
 0002:0001005b       $N00060                    1002a05b     ILU.exp
 0002:00010067       $N00061                    1002a067     ILU.exp
 0002:00010076       $N00062                    1002a076     ILU.exp
 0002:00010083       $N00063                    1002a083     ILU.exp
 0002:00010093       $N00064                    1002a093     ILU.exp
 0002:000100a1       $N00065                    1002a0a1     ILU.exp
 0002:000100b0       $N00066                    1002a0b0     ILU.exp
 0002:000100bd       $N00067                    1002a0bd     ILU.exp
 0002:000100cf       $N00068                    1002a0cf     ILU.exp
 0002:000100d7       $N00069                    1002a0d7     ILU.exp
 0002:000100e6       $N00070                    1002a0e6     ILU.exp
 0002:000100f3       $N00071                    1002a0f3     ILU.exp
 0002:000100fd       $N00072                    1002a0fd     ILU.exp
 0002:00010109       $N00073                    1002a109     ILU.exp
 0002:00010114       $N00074                    1002a114     ILU.exp
 0002:00010120       $N00075                    1002a120     ILU.exp
 0002:00010131       $N00076                    1002a131     ILU.exp
 0002:0001013d       $N00077                    1002a13d     ILU.exp
 0002:00010166       $N00078                    1002a166     ILU.exp
 0002:00010170       $N00079                    1002a170     ILU.exp
 0002:0001017e       $N00080                    1002a17e     ILU.exp
 0002:0001018c       $N00081                    1002a18c     ILU.exp
 0002:00010195       $N00082                    1002a195     ILU.exp
 0002:000101a3       $N00083                    1002a1a3     ILU.exp
 0002:000101b3       $N00084                    1002a1b3     ILU.exp
 0002:000101d8       $N00085                    1002a1d8     ILU.exp
 0002:000101e7       $N00086                    1002a1e7     ILU.exp
 0002:000101f2       $N00087                    1002a1f2     ILU.exp
 0002:00010201       $N00088                    1002a201     ILU.exp
 0002:0001059a       .idata$6                   1002a59a     resil:ResIL.dll
 0002:000109f8       .idata$6                   1002a9f8     kernel32:KERNEL32.dll
 0003:00000008       _errtable                  1002b008     libcmt:dosmap.obj
 0003:00000170       _ErrnoNoMem                1002b170     libcmt:dosmap.obj
 0003:00000174       _DoserrorNoMem             1002b174     libcmt:dosmap.obj
 0003:000001c0       ?isPackaged@?1??__crtIsPackagedApp@@9@9 1002b1c0     libcmt:winapisupp.obj
 0003:000001d0       __locktable                1002b1d0     libcmt:mlock.obj
 0003:00000940       ___rgctypeflag             1002b940     libcmt:mbctype.obj
 0003:00000948       ___rgcode_page_info        1002b948     libcmt:mbctype.obj
 0003:00000d64       __ctype_loc_style          1002bd64     libcmt:wsetloca.obj
 0003:00000d98       _DoubleFormat              1002bd98     libcmt:intrncvt.obj
 0003:00000db0       _FloatFormat               1002bdb0     libcmt:intrncvt.obj
 0003:00001090       _over                      1002c090     libcmt:fpctrl.obj
 0003:0000109c       _under                     1002c09c     libcmt:fpctrl.obj
 0003:000010a8       ?__DAZ_ENABLED@?1??__set_fpsr_sse2@@9@9 1002c0a8     libcmt:fpctrl.obj
 0003:000013b0       ?_names@?1??_get_fname@@9@9 1002c3b0     libcmt:fpexcept.obj
 0003:000014a0       _NAME_                     1002c4a0     libcmt:cos.obj
 0003:000014b0       _NAME_                     1002c4b0     libcmt:sin.obj
 0003:000014c0       _NAME_                     1002c4c0     libcmt:sqrt.obj
 0003:000014c8       _newcw                     1002c4c8     libcmt:ceil.obj
 0003:000014cc       _newcw                     1002c4cc     libcmt:floor.obj
 0003:00001500       ___proc_attached           1002c500     libcmt:dllcrt0.obj
 0003:00001510       _GS_ExceptionRecord        1002c510     libcmt:gs_report.obj
 0003:00001560       _GS_ContextRecord          1002c560     libcmt:gs_report.obj
 0003:0000182c       _DebuggerWasPresent        1002c82c     libcmt:gs_report.obj
 0003:00001968       ?_pgmname@?1??_setargv@@9@9 1002c968     libcmt:stdargv.obj
 0003:00001a78       _lclcritsects              1002ca78     libcmt:mlock.obj
 0003:00001be0       _fSystemSet                1002cbe0     libcmt:mbctype.obj
 0003:00001bf0       ?outmsg@?9??_NMSG_WRITE@@9@9 1002cbf0     libcmt:crt0msg.obj
 0003:00002224       _ctrlc_action              1002d224     libcmt:winsig.obj
 0003:00002228       _ctrlbreak_action          1002d228     libcmt:winsig.obj
 0003:0000222c       _abort_action              1002d22c     libcmt:winsig.obj
 0003:00002230       _term_action               1002d230     libcmt:winsig.obj
 0003:00002234       _ConsoleCtrlHandler_Installed 1002d234     libcmt:winsig.obj
 0003:00002238       _g_pfnRtlGenRandom         1002d238     libcmt:rand_s.obj
 0003:00002254       ?pfnMessageBox@?1??__crtMessageBoxW@@9@9 1002d254     libcmt:crtmboxw.obj
 0003:00002258       ?pfnGetActiveWindow@?1??__crtMessageBoxW@@9@9 1002d258     libcmt:crtmboxw.obj
 0003:0000225c       ?pfnGetLastActivePopup@?1??__crtMessageBoxW@@9@9 1002d25c     libcmt:crtmboxw.obj
 0003:00002260       ?pfnGetProcessWindowStation@?1??__crtMessageBoxW@@9@9 1002d260     libcmt:crtmboxw.obj
 0003:00002264       ?pfnGetUserObjectInformation@?1??__crtMessageBoxW@@9@9 1002d264     libcmt:crtmboxw.obj
 0003:00002268       ___crtCallProc             1002d268     libcmt:winapinls.obj
 0003:000022ac       _c                         1002d2ac     ilu_filter_rcg.obj
 0003:000022b0       _t4                        1002d2b0     ilu_scale2d.obj
 0003:000022b8       _f                         1002d2b8     ilu_scale2d.obj
 0003:000022c0       _x1                        1002d2c0     ilu_scale2d.obj
 0003:000022c4       _x2                        1002d2c4     ilu_scale2d.obj
 0003:000022c8       _t1                        1002d2c8     ilu_scale2d.obj
 0003:000022d0       _Table                     1002d2d0     ilu_scale2d.obj
 0003:00002310       _SShortPtr                 1002d310     ilu_scale2d.obj
 0003:00002314       _c                         1002d314     ilu_scale2d.obj
 0003:00002318       _Size                      1002d318     ilu_scale2d.obj
 0003:0000231c       _SIntPtr                   1002d31c     ilu_scale2d.obj
 0003:00002320       _NewY1                     1002d320     ilu_scale2d.obj
 0003:00002324       _SclBps                    1002d324     ilu_scale2d.obj
 0003:00002328       _t3                        1002d328     ilu_scale2d.obj
 0003:00002330       _NewX1                     1002d330     ilu_scale2d.obj
 0003:00002334       _FloatPtr                  1002d334     ilu_scale2d.obj
 0003:00002338       _t2                        1002d338     ilu_scale2d.obj
 0003:00002340       _ft                        1002d340     ilu_scale2d.obj
 0003:00002348       _ScaleY                    1002d348     ilu_scale2d.obj
 0003:00002350       _IntPtr                    1002d350     ilu_scale2d.obj
 0003:00002354       _ShortPtr                  1002d354     ilu_scale2d.obj
 0003:00002358       _ScaleX                    1002d358     ilu_scale2d.obj
 0003:00002360       _NewX2                     1002d360     ilu_scale2d.obj
 0003:00002364       _NewY2                     1002d364     ilu_scale2d.obj
 0003:00002368       _NewX                      1002d368     ilu_scale2d.obj
 0003:00002370       _x                         1002d370     ilu_scale2d.obj
 0003:00002374       _SFloatPtr                 1002d374     ilu_scale2d.obj
 0003:00002378       _ImgBps                    1002d378     ilu_scale2d.obj
 0003:0000237c       _y                         1002d37c     ilu_scale2d.obj
 0003:00002380       _SShortPtr                 1002d380     ilu_scale3d.obj
 0003:00002384       _c                         1002d384     ilu_scale3d.obj
 0003:00002388       _SIntPtr                   1002d388     ilu_scale3d.obj
 0003:0000238c       _NewY1                     1002d38c     ilu_scale3d.obj
 0003:00002390       _SclBps                    1002d390     ilu_scale3d.obj
 0003:00002394       _z                         1002d394     ilu_scale3d.obj
 0003:00002398       _NewX1                     1002d398     ilu_scale3d.obj
 0003:0000239c       _NewZ1                     1002d39c     ilu_scale3d.obj
 0003:000023a0       _ScaleY                    1002d3a0     ilu_scale3d.obj
 0003:000023a8       _IntPtr                    1002d3a8     ilu_scale3d.obj
 0003:000023ac       _ShortPtr                  1002d3ac     ilu_scale3d.obj
 0003:000023b0       _ScaleX                    1002d3b0     ilu_scale3d.obj
 0003:000023b8       _NewX2                     1002d3b8     ilu_scale3d.obj
 0003:000023bc       _ImgPlane                  1002d3bc     ilu_scale3d.obj
 0003:000023c0       _ScaleZ                    1002d3c0     ilu_scale3d.obj
 0003:000023c8       _NewY2                     1002d3c8     ilu_scale3d.obj
 0003:000023cc       _NewZ2                     1002d3cc     ilu_scale3d.obj
 0003:000023d0       _SclPlane                  1002d3d0     ilu_scale3d.obj
 0003:000023d4       _x                         1002d3d4     ilu_scale3d.obj
 0003:000023d8       _ImgBps                    1002d3d8     ilu_scale3d.obj
 0003:000023dc       _y                         1002d3dc     ilu_scale3d.obj
 0003:000023e0       __pmatherr_set             1002d3e0     libcmt:libm_error.obj
 0004:00000000       INF_c_1917_0_4             1002f000     libcmt:svml_dpow2_sse2.obj
 0004:00000010       QNaN_c_1917_0_4            1002f010     libcmt:svml_dpow2_sse2.obj
 0005:00000060       $R000000                   10030060     * linker generated manifest res *
