 ILUT

 Timestamp is 55b5df1b (Mon Jul 27 17:34:51 2015)

 Preferred load address is 10000000

 Start         Length     Name                   Class
 0001:00000000 0000d3efH .text$mn                CODE
 0001:0000d3f0 00000059H .text$x                 CODE
 0002:00000000 000001c0H .idata$5                DATA
 0002:000001c0 00000004H .CRT$XCA                DATA
 0002:000001c4 00000004H .CRT$XCZ                DATA
 0002:000001c8 00000004H .CRT$XIA                DATA
 0002:000001cc 00000010H .CRT$XIC                DATA
 0002:000001dc 00000004H .CRT$XIZ                DATA
 0002:000001e0 00000004H .CRT$XPA                DATA
 0002:000001e4 00000008H .CRT$XPX                DATA
 0002:000001ec 00000004H .CRT$XPXA               DATA
 0002:000001f0 00000004H .CRT$XPZ                DATA
 0002:000001f4 00000004H .CRT$XTA                DATA
 0002:000001f8 00000004H .CRT$XTZ                DATA
 0002:00000200 00004488H .rdata                  DATA
 0002:00004688 00000078H .rdata$debug            DATA
 0002:00004700 00000124H .rdata$r                DATA
 0002:00004830 0000001cH .rdata$sxdata           DATA
 0002:0000484c 00000004H .rtc$IAA                DATA
 0002:00004850 00000004H .rtc$IZZ                DATA
 0002:00004854 00000004H .rtc$TAA                DATA
 0002:00004858 00000004H .rtc$TZZ                DATA
 0002:00004860 000004c8H .xdata$x                DATA
 0002:00004d30 00000558H .edata                  DATA
 0002:00005288 00000064H .idata$2                DATA
 0002:000052ec 00000014H .idata$3                DATA
 0002:00005300 000001c0H .idata$4                DATA
 0002:000054c0 0000078cH .idata$6                DATA
 0003:00000000 000010b0H .data                   DATA
 0003:000010b0 00000068H .data$r                 DATA
 0003:00001120 00002320H .bss                    DATA
 0004:00000000 00000058H .rsrc$01                DATA
 0004:00000060 00000180H .rsrc$02                DATA

  Address         Publics by Value              Rva+Base       Lib:Object

 0000:00000000       ___guard_flags             00000000     <absolute>
 0000:00000000       ___guard_fids_count        00000000     <absolute>
 0000:00000000       __except_list              00000000     <absolute>
 0000:00000000       ___guard_fids_table        00000000     <absolute>
 0000:00000007       ___safe_se_handler_count   00000007     <absolute>
 0000:00000000       ___ImageBase               10000000     <linker-defined>
 0001:00000000       _DllMain@12                10001000 f   ilut_main.obj
 0001:00000010       ?ilutInit@@YGXXZ           10001010 f   ilut_main.obj
 0001:00000010       ?ilut2Init@@YGXXZ          10001010 f   ilut_main.obj
 0001:00000020       ?ilutDefaultStates@@YAXXZ  10001020 f   ilut_states.obj
 0001:000000a0       ?ilutGetString@@YGPA_WI@Z  100010a0 f   ilut_states.obj
 0001:000000e0       ?ilutEnable@@YGEI@Z        100010e0 f   ilut_states.obj
 0001:00000100       ?ilutDisable@@YGEI@Z       10001100 f   ilut_states.obj
 0001:00000120       ?ilutAble@@YAEIE@Z         10001120 f   ilut_states.obj
 0001:000001d0       ?ilutIsEnabled@@YGEI@Z     100011d0 f   ilut_states.obj
 0001:00000290       ?ilutIsDisabled@@YGEI@Z    10001290 f   ilut_states.obj
 0001:000002b0       ?ilutGetBooleanv@@YGXIPAE@Z 100012b0 f   ilut_states.obj
 0001:00000380       ?ilutGetBoolean@@YGEI@Z    10001380 f   ilut_states.obj
 0001:000003a0       ?ilutGetIntegerv@@YGXIPAH@Z 100013a0 f   ilut_states.obj
 0001:00000650       ?ilutGetInteger@@YGHI@Z    10001650 f   ilut_states.obj
 0001:00000670       ?ilutSetInteger@@YGXIH@Z   10001670 f   ilut_states.obj
 0001:00000820       ?ilutPushAttrib@@YGXI@Z    10001820 f   ilut_states.obj
 0001:000008a0       ?ilutPopAttrib@@YGXXZ      100018a0 f   ilut_states.obj
 0001:000008d0       ?ilutRenderer@@YGEI@Z      100018d0 f   ilut_states.obj
 0001:00000910       ??1ILpal@@UAE@XZ           10001910 f i ilut_win32.obj
 0001:00000940       ?use@ILpal@@QAEEHPAEI@Z    10001940 f i ilut_win32.obj
 0001:00000a50       ??4ILpal@@QAEXABV0@@Z      10001a50 f i ilut_win32.obj
 0001:00000ab0       ??_EILpal@@UAEPAXI@Z       10001ab0 f i * CIL library *:* CIL module *
 0001:00000ab0       ??_GILpal@@UAEPAXI@Z       10001ab0 f i ilut_win32.obj
 0001:00000af0       ?ilutWin32Init@@YAEXZ      10001af0 f   ilut_win32.obj
 0001:00000b00       ?ilut2ConvertSliceToHBitmap@@YGPAUHBITMAP__@@PAUILimage@@PAUHDC__@@I@Z 10001b00 f   ilut_win32.obj
 0001:00001100       ?ilutConvertSliceToHBitmap@@YGPAUHBITMAP__@@PAUHDC__@@I@Z 10002100 f   ilut_win32.obj
 0001:00001130       ?ilutConvertToHBitmap@@YGPAUHBITMAP__@@PAUHDC__@@@Z 10002130 f   ilut_win32.obj
 0001:00001160       ?ilut2ConvertToHBitmap@@YGPAUHBITMAP__@@PAUILimage@@PAUHDC__@@@Z 10002160 f   ilut_win32.obj
 0001:00001180       ?iGetPaddedData@@YGPAEPAUILimage@@@Z 10002180 f   ilut_win32.obj
 0001:000012d0       ?ilutFreePaddedData@@YGXPAE@Z 100022d0 f   ilut_win32.obj
 0001:000012e0       ?ilutGetPaddedData@@YGPAEXZ 100022e0 f   ilut_win32.obj
 0001:000012f0       ?ilutGetBmpInfo@@YGXPAUtagBITMAPINFO@@@Z 100022f0 f   ilut_win32.obj
 0001:00001380       ?ilutWinLoadImage@@YGPAUHBITMAP__@@PA_WPAUHDC__@@@Z 10002380 f   ilut_win32.obj
 0001:000013d0       ?ilutWinSaveImage@@YGEPA_WPAUHBITMAP__@@@Z 100023d0 f   ilut_win32.obj
 0001:00001420       ?ilutGetHPal@@YGPAUHPALETTE__@@XZ 10002420 f   ilut_win32.obj
 0001:00001550       ?ilutSetHBitmap@@YGEPAUHBITMAP__@@@Z 10002550 f   ilut_win32.obj
 0001:00001720       ?ilutSetHPal@@YGEPAUHPALETTE__@@@Z 10002720 f   ilut_win32.obj
 0001:00001800       ?ilutSetWinClipboard@@YGEXZ 10002800 f   ilut_win32.obj
 0001:00001930       ?ilutGetWinClipboard@@YGEXZ 10002930 f   ilut_win32.obj
 0001:00001a30       ?ilutWinPrint@@YGEIIIIPAUHDC__@@@Z 10002a30 f   ilut_win32.obj
 0001:00001aa0       ?ilutLoadResource@@YGEPAUHINSTANCE__@@HPA_WI@Z 10002aa0 f   ilut_win32.obj
 0001:00001b00       ?ilutWinLoadUrl@@YGEPA_W@Z 10002b00 f   ilut_win32.obj
 0001:00001d65       @__security_check_cookie@4 10002d65 f   libcmt:secchk.obj
 0001:00001d74       ??0_LocaleUpdate@@QAE@PAUlocaleinfo_struct@@@Z 10002d74 f i libcmt:tolower.obj
 0001:00001dfc       __tolower_l                10002dfc f   libcmt:tolower.obj
 0001:00001f3f       _tolower                   10002f3f f   libcmt:tolower.obj
 0001:00001f6b       ??3@YAXPAX@Z               10002f6b f   libcmt:delete.obj
 0001:00001f70       ??1type_info@@UAE@XZ       10002f70 f   libcmt:typinfo.obj
 0001:00001f7e       ??8type_info@@QBE_NABV0@@Z 10002f7e f   libcmt:typinfo.obj
 0001:00001f9c       ??_Gtype_info@@UAEPAXI@Z   10002f9c f i libcmt:typinfo.obj
 0001:00001f9c       ??_Etype_info@@UAEPAXI@Z   10002f9c f i libcmt:typinfo.obj
 0001:00001fbb       __CRT_INIT@12              10002fbb f   libcmt:dllcrt0.obj
 0001:0000212d       __DllMainCRTStartup@12     1000312d f   libcmt:dllcrt0.obj
 0001:0000225e       ___DllXcptFilter           1000325e f   libcmt:dllcrt0.obj
 0001:00002283       ___raise_securityfailure   10003283 f   libcmt:gs_report.obj
 0001:000022c0       ___report_gsfailure        100032c0 f   libcmt:gs_report.obj
 0001:000023bb       ___doserrno                100033bb f   libcmt:dosmap.obj
 0001:000023ce       __dosmaperr                100033ce f   libcmt:dosmap.obj
 0001:000023ef       __errno                    100033ef f   libcmt:dosmap.obj
 0001:00002402       __get_errno_from_oserr     10003402 f   libcmt:dosmap.obj
 0001:00002443       ___addlocaleref            10003443 f   libcmt:localref.obj
 0001:000024d8       ___freetlocinfo            100034d8 f   libcmt:localref.obj
 0001:00002632       ___removelocaleref         10003632 f   libcmt:localref.obj
 0001:000026d2       ___updatetlocinfo          100036d2 f   libcmt:localref.obj
 0001:00002752       __updatetlocinfoEx_nolock  10003752 f   libcmt:localref.obj
 0001:0000279d       ___initmbctable            1000379d f   libcmt:mbctype.obj
 0001:00002a54       ___updatetmbcinfo          10003a54 f   libcmt:mbctype.obj
 0001:00002afa       __setmbcp                  10003afa f   libcmt:mbctype.obj
 0001:00002ca2       __setmbcp_nolock           10003ca2 f   libcmt:mbctype.obj
 0001:00002e8d       __isctype_l                10003e8d f   libcmt:isctype.obj
 0001:00002f3e       __isleadbyte_l             10003f3e f i libcmt:_wctype.obj
 0001:00002f78       _isleadbyte                10003f78 f i libcmt:_wctype.obj
 0001:0000318d       ___crtLCMapStringA         1000418d f   libcmt:a_map.obj
 0001:000031d3       __freea                    100041d3 f i libcmt:a_map.obj
 0001:000031f1       __freefls@4                100041f1 f   libcmt:tidtable.obj
 0001:00003326       __freeptd                  10004326 f   libcmt:tidtable.obj
 0001:0000335c       __getptd                   1000435c f   libcmt:tidtable.obj
 0001:00003374       __getptd_noexit            10004374 f   libcmt:tidtable.obj
 0001:000033e3       __initptd                  100043e3 f   libcmt:tidtable.obj
 0001:00003496       __mtinit                   10004496 f   libcmt:tidtable.obj
 0001:0000350c       __mtterm                   1000450c f   libcmt:tidtable.obj
 0001:00003529       __locterm                  10004529 f   libcmt:wsetloca.obj
 0001:0000357b       _free                      1000457b f   libcmt:free.obj
 0001:000035c0       _strcmp                    100045c0 f   libcmt:strcmp.obj
 0001:0000364c       ?_Type_info_dtor@type_info@@CAXPAV1@@Z 1000464c f   libcmt:typname.obj
 0001:000036bd       __XcptFilter               100046bd f   libcmt:winxfltr.obj
 0001:00003818       ___CppXcptFilter           10004818 f   libcmt:winxfltr.obj
 0001:00003836       ___crtCorExitProcess       10004836 f   libcmt:crt0dat.obj
 0001:0000386a       ___crtExitProcess          1000486a f   libcmt:crt0dat.obj
 0001:00003880       ___freeCrtMemory           10004880 f   libcmt:crt0dat.obj
 0001:0000398d       __amsg_exit                1000498d f   libcmt:crt0dat.obj
 0001:000039a9       __cexit                    100049a9 f   libcmt:crt0dat.obj
 0001:000039b8       __cinit                    100049b8 f   libcmt:crt0dat.obj
 0001:00003a3c       __exit                     10004a3c f   libcmt:crt0dat.obj
 0001:00003a50       __init_pointers            10004a50 f   libcmt:crt0dat.obj
 0001:00003abe       __initterm_e               10004abe f   libcmt:crt0dat.obj
 0001:00003ae0       __lockexit                 10004ae0 f   libcmt:crt0dat.obj
 0001:00003ae9       __unlockexit               10004ae9 f   libcmt:crt0dat.obj
 0001:00003c21       __heap_init                10004c21 f   libcmt:heapinit.obj
 0001:00003c36       __heap_term                10004c36 f   libcmt:heapinit.obj
 0001:00003c3e       __ioinit                   10004c3e f   libcmt:ioinit.obj
 0001:00003ef2       __ioterm                   10004ef2 f   libcmt:ioinit.obj
 0001:00003f44       __setargv                  10004f44 f   libcmt:stdargv.obj
 0001:00004173       __setenvp                  10005173 f   libcmt:stdenvp.obj
 0001:00004254       ___security_init_cookie    10005254 f   libcmt:gs_support.obj
 0001:000042f0       ___crtGetEnvironmentStringsA 100052f0 f   libcmt:a_env.obj
 0001:0000437d       ___crtFlsAlloc             1000537d f   libcmt:winapisupp.obj
 0001:0000439b       ___crtFlsFree              1000539b f   libcmt:winapisupp.obj
 0001:000043ba       ___crtFlsGetValue          100053ba f   libcmt:winapisupp.obj
 0001:000043d9       ___crtFlsSetValue          100053d9 f   libcmt:winapisupp.obj
 0001:000043fb       ___crtInitializeCriticalSectionEx 100053fb f   libcmt:winapisupp.obj
 0001:00004429       ___crtIsPackagedApp        10005429 f   libcmt:winapisupp.obj
 0001:00004469       ___crtLoadWinApiPointers   10005469 f   libcmt:winapisupp.obj
 0001:000046f4       ___crtSleep                100056f4 f   libcmt:winapisupp.obj
 0001:00004702       ___crtTerminateProcess     10005702 f   libcmt:winapisupp.obj
 0001:00004717       ___crtUnhandledException   10005717 f   libcmt:winapisupp.obj
 0001:0000472d       __calloc_crt               1000572d f   libcmt:crtheap.obj
 0001:00004775       __malloc_crt               10005775 f   libcmt:crtheap.obj
 0001:000047bc       __realloc_crt              100057bc f   libcmt:crtheap.obj
 0001:00004806       __RTC_Initialize           10005806 f   libcmt:initsect.obj
 0001:00004826       __RTC_Terminate            10005826 f   libcmt:initsect.obj
 0001:00004850       __SEH_prolog4              10005850 f   libcmt:sehprolg4.obj
 0001:00004895       __SEH_epilog4              10005895 f   libcmt:sehprolg4.obj
 0001:000048b0       __except_handler4          100058b0 f   libcmt:chandler4.obj
 0001:00004a44       __crt_debugger_hook        10005a44 f   libcmt:dbghook.obj
 0001:00004a4c       __call_reportfault         10005a4c f   libcmt:invarg.obj
 0001:00004b71       __initp_misc_invarg        10005b71 f   libcmt:invarg.obj
 0001:00004b7e       __invalid_parameter        10005b7e f   libcmt:invarg.obj
 0001:00004ba9       __invalid_parameter_noinfo 10005ba9 f   libcmt:invarg.obj
 0001:00004bb9       __invoke_watson            10005bb9 f   libcmt:invarg.obj
 0001:00004be4       __lock                     10005be4 f   libcmt:mlock.obj
 0001:00004c18       __mtdeletelocks            10005c18 f   libcmt:mlock.obj
 0001:00004c6c       __mtinitlocknum            10005c6c f   libcmt:mlock.obj
 0001:00004d15       __mtinitlocks              10005d15 f   libcmt:mlock.obj
 0001:00004d4e       __unlock                   10005d4e f   libcmt:mlock.obj
 0001:00004d63       ___free_lconv_mon          10005d63 f   libcmt:initmon.obj
 0001:00004e5f       ___free_lconv_num          10005e5f f   libcmt:initnum.obj
 0001:00004ec6       ___free_lc_time            10005ec6 f   libcmt:inittime.obj
 0001:0000533e       ___crtGetStringTypeA       1000633e f   libcmt:a_str.obj
 0001:00005380       _memset                    10006380 f   libcmt:memset.obj
 0001:00005410       _malloc                    10006410 f   libcmt:malloc.obj
 0001:000054a2       _GetTableIndexFromLocaleName 100064a2 f   libcmt:winapinls.obj
 0001:000054f0       ___crtDownlevelLocaleNameToLCID 100064f0 f   libcmt:winapinls.obj
 0001:0000551a       ___crtLCMapStringEx        1000651a f   libcmt:winapinls.obj
 0001:00005566       ___wcsnicmp_ascii          10006566 f   libcmt:winapinls.obj
 0001:000055e0       __alloca_probe_16          100065e0 f   libcmt:alloca16.obj
 0001:000055f6       __alloca_probe_8           100065f6     libcmt:alloca16.obj
 0001:00005610       _memcpy                    10006610 f   libcmt:memcpy.obj
 0001:00005c54       _wcscat_s                  10006c54 f   libcmt:wcscat_s.obj
 0001:00005cc0       _wcscpy_s                  10006cc0 f   libcmt:wcscpy_s.obj
 0001:00005d1c       _wcslen                    10006d1c f   libcmt:wcslen.obj
 0001:00005d35       _wcsncpy_s                 10006d35 f   libcmt:wcsncpy_s.obj
 0001:00005df3       _strcpy_s                  10006df3 f   libcmt:strcpy_s.obj
 0001:00005e50       _strlen                    10006e50 f   libcmt:strlen.obj
 0001:00005ee0       __local_unwind4            10006ee0 f   libcmt:exsup4.obj
 0001:00005fb6       __seh_longjmp_unwind4@4    10006fb6 f   libcmt:exsup4.obj
 0001:00005fd2       @_EH4_CallFilterFunc@8     10006fd2 f   libcmt:exsup4.obj
 0001:00005fe9       @_EH4_TransferToHandler@8  10006fe9 f   libcmt:exsup4.obj
 0001:00006002       @_EH4_GlobalUnwind2@8      10007002 f   libcmt:exsup4.obj
 0001:0000601b       @_EH4_LocalUnwind@16       1000701b f   libcmt:exsup4.obj
 0001:00006032       __FF_MSGBANNER             10007032 f   libcmt:crt0msg.obj
 0001:0000606b       __GET_RTERRMSG             1000706b f   libcmt:crt0msg.obj
 0001:0000608f       __NMSG_WRITE               1000708f f   libcmt:crt0msg.obj
 0001:00006250       __FindPESection            10007250 f   libcmt:pesect.obj
 0001:000062a0       __IsNonwritableInCurrentImage 100072a0 f   libcmt:pesect.obj
 0001:00006360       __ValidateImageBase        10007360 f   libcmt:pesect.obj
 0001:00006391       ___onexitinit              10007391 f   libcmt:onexit.obj
 0001:000063c0       __onexit                   100073c0 f   libcmt:onexit.obj
 0001:000064bc       _atexit                    100074bc f   libcmt:onexit.obj
 0001:000064d1       __initp_misc_cfltcvt_tab   100074d1 f   libcmt:cmiscdat.obj
 0001:000064f0       ?_inconsistency@@YAXXZ     100074f0 f   libcmt:hooks.obj
 0001:00006528       ?terminate@@YAXXZ          10007528 f   libcmt:hooks.obj
 0001:0000655c       ?unexpected@@YAXXZ         1000755c f   libcmt:hooks.obj
 0001:0000656f       __initp_eh_hooks           1000756f f   libcmt:hooks.obj
 0001:00006580       __callnewh                 10007580 f   libcmt:handler.obj
 0001:000065a6       __initp_heap_handler       100075a6 f   libcmt:handler.obj
 0001:000065b3       __initp_misc_purevirt      100075b3 f   libcmt:inithelp.obj
 0001:000065c0       ___get_sigabrt             100075c0 f   libcmt:winsig.obj
 0001:000065cd       __initp_misc_winsig        100075cd f   libcmt:winsig.obj
 0001:000065e9       _raise                     100075e9 f   libcmt:winsig.obj
 0001:000067de       __initp_misc_rand_s        100077de f   libcmt:rand_s.obj
 0001:000067eb       ___initstdio               100077eb f   libcmt:_file.obj
 0001:0000685e       ___endstdio                1000785e f   libcmt:_file.obj
 0001:00006885       __lock_file                10007885 f   libcmt:_file.obj
 0001:000068c4       __lock_file2               100078c4 f   libcmt:_file.obj
 0001:000068f4       __unlock_file              100078f4 f   libcmt:_file.obj
 0001:0000692e       __unlock_file2             1000792e f   libcmt:_file.obj
 0001:000069b5       __ismbblead                100079b5 f   libcmt:ismbbyte.obj
 0001:000069cb       _realloc                   100079cb f   libcmt:realloc.obj
 0001:00006a76       __calloc_impl              10007a76 f   libcmt:calloc_impl.obj
 0001:00006af0       __VEC_memset               10007af0 f   libcmt:p4_memset.obj
 0001:00006bb8       ___isa_available_init      10007bb8 f   libcmt:cpu_disp.obj
 0001:00006d40       __chkstk                   10007d40 f   libcmt:chkstk.obj
 0001:00006d40       __alloca_probe             10007d40 f   libcmt:chkstk.obj
 0001:00006d70       __aulldvrm                 10007d70 f   libcmt:ulldvrm.obj
 0001:00006e10       __global_unwind2           10007e10 f   libcmt:exsup.obj
 0001:00006e75       __local_unwind2            10007e75 f   libcmt:exsup.obj
 0001:00006ef9       __abnormal_termination     10007ef9 f   libcmt:exsup.obj
 0001:00006f1c       __NLG_Notify1              10007f1c f   libcmt:exsup.obj
 0001:00006f25       __NLG_Notify               10007f25 f   libcmt:exsup.obj
 0001:00006f3c       __NLG_Dispatch             10007f3c     libcmt:exsup.obj
 0001:00006f3c       __NLG_Dispatch2            10007f3c     libcmt:exsup.obj
 0001:00006f44       __NLG_Call                 10007f44 f   libcmt:exsup.obj
 0001:00006f46       __NLG_Return2              10007f46     libcmt:exsup.obj
 0001:00006f47       __set_error_mode           10007f47 f   libcmt:errmode.obj
 0001:00006f87       ___crtMessageBoxW          10007f87 f   libcmt:crtmboxw.obj
 0001:0000716d       __msize                    1000816d f   libcmt:msize.obj
 0001:0000719e       __fptrap                   1000819e f   libcmt:crt0fp.obj
 0001:000071a7       _abort                     100081a7 f   libcmt:abort.obj
 0001:000071ea       __fileno                   100081ea f   libcmt:fileno.obj
 0001:0000720e       __isatty                   1000820e f   libcmt:isatty.obj
 0001:00007262       __fflush_nolock            10008262 f   libcmt:fflush.obj
 0001:000072a8       __flush                    100082a8 f   libcmt:fflush.obj
 0001:0000730c       __flushall                 1000830c f   libcmt:fflush.obj
 0001:000073f9       __fcloseall                100083f9 f   libcmt:closeall.obj
 0001:00007496       __commit                   10008496 f   libcmt:commit.obj
 0001:0000757f       __write                    1000857f f   libcmt:write.obj
 0001:0000766e       __write_nolock             1000866e f   libcmt:write.obj
 0001:00007ed3       __fclose_nolock            10008ed3 f   libcmt:fclose.obj
 0001:00007f3f       _fclose                    10008f3f f   libcmt:fclose.obj
 0001:00007fb6       ___crt_atoflt_l            10008fb6 f   libcmt:atodbl.obj
 0001:0000805a       __atodbl_l                 1000905a f   libcmt:atodbl.obj
 0001:000080e8       __atoflt_l                 100090e8 f   libcmt:atodbl.obj
 0001:00008100       __allmul                   10009100 f   libcmt:llmul.obj
 0001:00008134       __fpmath                   10009134 f   libcmt:fpinit.obj
 0001:0000814b       __cfltcvt_init             1000914b f   libcmt:fpinit.obj
 0001:000081ab       ___lock_fhandle            100091ab f   libcmt:osfinfo.obj
 0001:00008239       __free_osfhnd              10009239 f   libcmt:osfinfo.obj
 0001:000082bf       __get_osfhandle            100092bf f   libcmt:osfinfo.obj
 0001:00008326       __unlock_fhandle           10009326 f   libcmt:osfinfo.obj
 0001:0000834c       __lseeki64_nolock          1000934c f   libcmt:lseeki64.obj
 0001:000083bf       __mbtowc_l                 100093bf f   libcmt:mbtowc.obj
 0001:000084b4       _mbtowc                    100094b4 f   libcmt:mbtowc.obj
 0001:000084cc       __putwch_nolock            100094cc f   libcmt:putwch.obj
 0001:0000850f       __close                    1000950f f   libcmt:close.obj
 0001:000085ea       __close_nolock             100095ea f   libcmt:close.obj
 0001:00008684       __freebuf                  10009684 f   libcmt:_freebuf.obj
 0001:000086c0       __ld12tod                  100096c0 f   libcmt:intrncvt.obj
 0001:00008c32       __ld12tof                  10009c32 f   libcmt:intrncvt.obj
 0001:000091a4       ___strgtold12_l            1000a1a4 f   libcmt:strgtold.obj
 0001:0000994c       __cfltcvt                  1000a94c f   libcmt:cvt.obj
 0001:0000996d       __cfltcvt_l                1000a96d f   libcmt:cvt.obj
 0001:000099f3       __cftoa_l                  1000a9f3 f   libcmt:cvt.obj
 0001:00009d4f       __cftoe                    1000ad4f f   libcmt:cvt.obj
 0001:00009ebe       __cftoe_l                  1000aebe f   libcmt:cvt.obj
 0001:0000a078       __cftof_l                  1000b078 f   libcmt:cvt.obj
 0001:0000a139       __cftog_l                  1000b139 f   libcmt:cvt.obj
 0001:0000a238       __cropzeros                1000b238 f   libcmt:cvt.obj
 0001:0000a249       __cropzeros_l              1000b249 f   libcmt:cvt.obj
 0001:0000a2c9       __fassign                  1000b2c9 f   libcmt:cvt.obj
 0001:0000a2e1       __fassign_l                1000b2e1 f   libcmt:cvt.obj
 0001:0000a323       __forcdecpt                1000b323 f   libcmt:cvt.obj
 0001:0000a334       __forcdecpt_l              1000b334 f   libcmt:cvt.obj
 0001:0000a3a8       __positive                 1000b3a8 f   libcmt:cvt.obj
 0001:0000a3ea       __setdefaultprecision      1000b3ea f   libcmt:fp8.obj
 0001:0000a411       ___termconout              1000b411 f   libcmt:initcon.obj
 0001:0000a428       ___initconout              1000b428 f   libcmt:initcon.obj
 0001:0000a447       ___mtold12                 1000b447 f   libcmt:mantold.obj
 0001:0000a627       __isdigit_l                1000b627 f i libcmt:_ctype.obj
 0001:0000a679       _isdigit                   1000b679 f i libcmt:_ctype.obj
 0001:0000a6b0       _memmove                   1000b6b0 f   libcmt:memmove.obj
 0001:0000ad00       _strrchr                   1000bd00 f   libcmt:strrchr.obj
 0001:0000ae37       __fptostr                  1000be37 f   libcmt:_fptostr.obj
 0001:0000aee7       ___dtold                   1000bee7 f   libcmt:cfout.obj
 0001:0000afaf       __fltout2                  1000bfaf f   libcmt:cfout.obj
 0001:0000b040       __alldvrm                  1000c040 f   libcmt:lldvrm.obj
 0001:0000b120       __aullshr                  1000c120 f   libcmt:ullshr.obj
 0001:0000b13f       __controlfp_s              1000c13f f   libcmt:contrlfp.obj
 0001:0000b19c       _$I10_OUTPUT               1000c19c f   libcmt:x10fout.obj
 0001:0000bc19       __control87                1000cc19 f i libcmt:ieee87.obj
 0001:0000bfb2       ___set_fpsr_sse2           1000cfb2 f   libcmt:fpctrl.obj
 0001:0000c028       _IsProcessorFeaturePresent@4 1000d028 f   kernel32:KERNEL32.dll
 0001:0000c02e       _RtlUnwind@16              1000d02e f   kernel32:KERNEL32.dll
 0001:0000c104       ?_CallCatchBlock2@@YAPAXPAUEHRegistrationNode@@PBU_s_FuncInfo@@PAXHK@Z 1000d104 f   libcmt:_trnsctrl_.obj
 0001:0000c164       ?_CallMemberFunction1@@YGXPAX00@Z 1000d164 f   libcmt:_trnsctrl_.obj
 0001:0000c164       ?_CallMemberFunction0@@YGXPAX0@Z 1000d164 f   libcmt:_trnsctrl_.obj
 0001:0000c164       ?_CallMemberFunction2@@YGXPAX00H@Z 1000d164 f   libcmt:_trnsctrl_.obj
 0001:0000c16b       ?_CallSETranslator@@YAHPAUEHExceptionRecord@@PAUEHRegistrationNode@@PAX2PBU_s_FuncInfo@@H1@Z 1000d16b f   libcmt:_trnsctrl_.obj
 0001:0000c242       ?_GetRangeOfTrysToCheck@@YAPBU_s_TryBlockMapEntry@@PBU_s_FuncInfo@@HHPAI1@Z 1000d242 f   libcmt:_trnsctrl_.obj
 0001:0000c2c0       ?_JumpToContinuation@@YGXPAXPAUEHRegistrationNode@@@Z 1000d2c0 f   libcmt:_trnsctrl_.obj
 0001:0000c2f2       ?_UnwindNestedFrames@@YGXPAUEHRegistrationNode@@PAUEHExceptionRecord@@@Z 1000d2f2 f   libcmt:_trnsctrl_.obj
 0001:0000c347       __CreateFrameInfo          1000d347 f   libcmt:_trnsctrl_.obj
 0001:0000c371       __FindAndUnlinkFrame       1000d371 f   libcmt:_trnsctrl_.obj
 0001:0000c3c1       __IsExceptionObjectToBeDestroyed 1000d3c1 f   libcmt:_trnsctrl_.obj
 0001:0000c3ea       ___CxxFrameHandler3        1000d3ea f   libcmt:_trnsctrl_.obj
 0001:0000c420       __CallSettingFrame@12      1000d420 f   libcmt:lowhelpr.obj
 0001:0000c447       __NLG_Return               1000d447     libcmt:lowhelpr.obj
 0001:0000c46c       ___DestructExceptionObject 1000d46c f   libcmt:frame.obj
 0001:0000c4f7       ??0bad_exception@std@@QAE@ABV01@@Z 1000d4f7 f i libcmt:frame.obj
 0001:0000c512       ??1bad_exception@std@@UAE@XZ 1000d512 f i libcmt:frame.obj
 0001:0000c51d       ??_Ebad_exception@std@@UAEPAXI@Z 1000d51d f i libcmt:frame.obj
 0001:0000c51d       ??_Gbad_exception@std@@UAEPAXI@Z 1000d51d f i libcmt:frame.obj
 0001:0000cd51       ___AdjustPointer           1000dd51 f   libcmt:frame.obj
 0001:0000cd76       ___BuildCatchObject        1000dd76 f   libcmt:frame.obj
 0001:0000ce04       ___BuildCatchObjectHelper  1000de04 f   libcmt:frame.obj
 0001:0000cfc6       ___FrameUnwindFilter       1000dfc6 f   libcmt:frame.obj
 0001:0000d014       ___FrameUnwindToState      1000e014 f   libcmt:frame.obj
 0001:0000d0ed       ___InternalCxxFrameHandler 1000e0ed f   libcmt:frame.obj
 0001:0000d1ce       ___TypeMatch               1000e1ce f   libcmt:frame.obj
 0001:0000d235       ?_ValidateExecute@@YAHP6GHXZ@Z 1000e235 f   libcmt:validate.obj
 0001:0000d235       ?_ValidateRead@@YAHPBXI@Z  1000e235 f   libcmt:validate.obj
 0001:0000d235       ?_ValidateWrite@@YAHPAXI@Z 1000e235 f   libcmt:validate.obj
 0001:0000d244       ??0exception@std@@QAE@ABQBD@Z 1000e244 f   libcmt:stdexcpt.obj
 0001:0000d269       ??0exception@std@@QAE@ABV01@@Z 1000e269 f   libcmt:stdexcpt.obj
 0001:0000d28c       ??1exception@std@@UAE@XZ   1000e28c f   libcmt:stdexcpt.obj
 0001:0000d297       ??4exception@std@@QAEAAV01@ABV01@@Z 1000e297 f   libcmt:stdexcpt.obj
 0001:0000d2ca       ??_Gexception@std@@UAEPAXI@Z 1000e2ca f i libcmt:stdexcpt.obj
 0001:0000d2ca       ??_Eexception@std@@UAEPAXI@Z 1000e2ca f i libcmt:stdexcpt.obj
 0001:0000d2ef       ?_Copy_str@exception@std@@AAEXPBD@Z 1000e2ef f   libcmt:stdexcpt.obj
 0001:0000d32d       ?_Tidy@exception@std@@AAEXXZ 1000e32d f   libcmt:stdexcpt.obj
 0001:0000d349       ?what@exception@std@@UBEPBDXZ 1000e349 f   libcmt:stdexcpt.obj
 0001:0000d356       __CxxThrowException@8      1000e356 f   libcmt:throw.obj
 0001:0000d3b9       __EH_prolog3_catch         1000e3b9 f   libcmt:ehprolg3.obj
 0002:00000000       __imp__DeleteObject@4      1000f000     Gdi32:GDI32.dll
 0002:00000004       __imp__GetDIBits@28        1000f004     Gdi32:GDI32.dll
 0002:00000008       __imp__CreatePalette@4     1000f008     Gdi32:GDI32.dll
 0002:0000000c       __imp__SelectObject@8      1000f00c     Gdi32:GDI32.dll
 0002:00000010       __imp__GetPaletteEntries@16 1000f010     Gdi32:GDI32.dll
 0002:00000014       __imp__CreateCompatibleDC@4 1000f014     Gdi32:GDI32.dll
 0002:00000018       __imp__CreateCompatibleBitmap@12 1000f018     Gdi32:GDI32.dll
 0002:0000001c       __imp__SetDIBits@28        1000f01c     Gdi32:GDI32.dll
 0002:00000020       \177GDI32_NULL_THUNK_DATA  1000f020     Gdi32:GDI32.dll
 0002:00000024       __imp__TlsSetValue@8       1000f024     kernel32:KERNEL32.dll
 0002:00000028       __imp__CreateFileW@28      1000f028     kernel32:KERNEL32.dll
 0002:0000002c       __imp__CloseHandle@4       1000f02c     kernel32:KERNEL32.dll
 0002:00000030       __imp__FindResourceW@12    1000f030     kernel32:KERNEL32.dll
 0002:00000034       __imp__LoadResource@8      1000f034     kernel32:KERNEL32.dll
 0002:00000038       __imp__GlobalSize@4        1000f038     kernel32:KERNEL32.dll
 0002:0000003c       __imp__GlobalLock@4        1000f03c     kernel32:KERNEL32.dll
 0002:00000040       __imp__SizeofResource@8    1000f040     kernel32:KERNEL32.dll
 0002:00000044       __imp__GlobalUnlock@4      1000f044     kernel32:KERNEL32.dll
 0002:00000048       __imp__LockResource@4      1000f048     kernel32:KERNEL32.dll
 0002:0000004c       __imp__GetCommandLineA@0   1000f04c     kernel32:KERNEL32.dll
 0002:00000050       __imp__GetCurrentThreadId@0 1000f050     kernel32:KERNEL32.dll
 0002:00000054       __imp__IsDebuggerPresent@0 1000f054     kernel32:KERNEL32.dll
 0002:00000058       __imp__IsProcessorFeaturePresent@4 1000f058     kernel32:KERNEL32.dll
 0002:0000005c       __imp__IsValidCodePage@4   1000f05c     kernel32:KERNEL32.dll
 0002:00000060       __imp__GetACP@0            1000f060     kernel32:KERNEL32.dll
 0002:00000064       __imp__GetOEMCP@0          1000f064     kernel32:KERNEL32.dll
 0002:00000068       __imp__GetCPInfo@8         1000f068     kernel32:KERNEL32.dll
 0002:0000006c       __imp__MultiByteToWideChar@24 1000f06c     kernel32:KERNEL32.dll
 0002:00000070       __imp__WideCharToMultiByte@32 1000f070     kernel32:KERNEL32.dll
 0002:00000074       __imp__GetLastError@0      1000f074     kernel32:KERNEL32.dll
 0002:00000078       __imp__SetLastError@4      1000f078     kernel32:KERNEL32.dll
 0002:0000007c       __imp__HeapFree@12         1000f07c     kernel32:KERNEL32.dll
 0002:00000080       __imp__EncodePointer@4     1000f080     kernel32:KERNEL32.dll
 0002:00000084       __imp__DecodePointer@4     1000f084     kernel32:KERNEL32.dll
 0002:00000088       __imp__ExitProcess@4       1000f088     kernel32:KERNEL32.dll
 0002:0000008c       __imp__GetModuleHandleExW@12 1000f08c     kernel32:KERNEL32.dll
 0002:00000090       __imp__GetProcAddress@8    1000f090     kernel32:KERNEL32.dll
 0002:00000094       __imp__GetProcessHeap@0    1000f094     kernel32:KERNEL32.dll
 0002:00000098       __imp__GetStdHandle@4      1000f098     kernel32:KERNEL32.dll
 0002:0000009c       __imp__GetFileType@4       1000f09c     kernel32:KERNEL32.dll
 0002:000000a0       __imp__DeleteCriticalSection@4 1000f0a0     kernel32:KERNEL32.dll
 0002:000000a4       __imp__GetStartupInfoW@4   1000f0a4     kernel32:KERNEL32.dll
 0002:000000a8       __imp__GetModuleFileNameA@12 1000f0a8     kernel32:KERNEL32.dll
 0002:000000ac       __imp__QueryPerformanceCounter@4 1000f0ac     kernel32:KERNEL32.dll
 0002:000000b0       __imp__GetCurrentProcessId@0 1000f0b0     kernel32:KERNEL32.dll
 0002:000000b4       __imp__GetSystemTimeAsFileTime@4 1000f0b4     kernel32:KERNEL32.dll
 0002:000000b8       __imp__GetEnvironmentStringsW@0 1000f0b8     kernel32:KERNEL32.dll
 0002:000000bc       __imp__FreeEnvironmentStringsW@4 1000f0bc     kernel32:KERNEL32.dll
 0002:000000c0       __imp__UnhandledExceptionFilter@4 1000f0c0     kernel32:KERNEL32.dll
 0002:000000c4       __imp__SetUnhandledExceptionFilter@4 1000f0c4     kernel32:KERNEL32.dll
 0002:000000c8       __imp__InitializeCriticalSectionAndSpinCount@8 1000f0c8     kernel32:KERNEL32.dll
 0002:000000cc       __imp__Sleep@4             1000f0cc     kernel32:KERNEL32.dll
 0002:000000d0       __imp__GetCurrentProcess@0 1000f0d0     kernel32:KERNEL32.dll
 0002:000000d4       __imp__TerminateProcess@8  1000f0d4     kernel32:KERNEL32.dll
 0002:000000d8       __imp__TlsAlloc@0          1000f0d8     kernel32:KERNEL32.dll
 0002:000000dc       __imp__TlsGetValue@4       1000f0dc     kernel32:KERNEL32.dll
 0002:000000e0       __imp__RaiseException@16   1000f0e0     kernel32:KERNEL32.dll
 0002:000000e4       __imp__TlsFree@4           1000f0e4     kernel32:KERNEL32.dll
 0002:000000e8       __imp__GetModuleHandleW@4  1000f0e8     kernel32:KERNEL32.dll
 0002:000000ec       __imp__EnterCriticalSection@4 1000f0ec     kernel32:KERNEL32.dll
 0002:000000f0       __imp__LeaveCriticalSection@4 1000f0f0     kernel32:KERNEL32.dll
 0002:000000f4       __imp__GetStringTypeW@16   1000f0f4     kernel32:KERNEL32.dll
 0002:000000f8       __imp__HeapAlloc@12        1000f0f8     kernel32:KERNEL32.dll
 0002:000000fc       __imp__LCMapStringW@24     1000f0fc     kernel32:KERNEL32.dll
 0002:00000100       __imp__RtlUnwind@16        1000f100     kernel32:KERNEL32.dll
 0002:00000104       __imp__WriteFile@20        1000f104     kernel32:KERNEL32.dll
 0002:00000108       __imp__GetModuleFileNameW@12 1000f108     kernel32:KERNEL32.dll
 0002:0000010c       __imp__LoadLibraryExW@12   1000f10c     kernel32:KERNEL32.dll
 0002:00000110       __imp__HeapReAlloc@16      1000f110     kernel32:KERNEL32.dll
 0002:00000114       __imp__OutputDebugStringW@4 1000f114     kernel32:KERNEL32.dll
 0002:00000118       __imp__HeapSize@12         1000f118     kernel32:KERNEL32.dll
 0002:0000011c       __imp__FlushFileBuffers@4  1000f11c     kernel32:KERNEL32.dll
 0002:00000120       __imp__GetConsoleCP@0      1000f120     kernel32:KERNEL32.dll
 0002:00000124       __imp__GetConsoleMode@8    1000f124     kernel32:KERNEL32.dll
 0002:00000128       __imp__SetStdHandle@8      1000f128     kernel32:KERNEL32.dll
 0002:0000012c       __imp__SetFilePointerEx@20 1000f12c     kernel32:KERNEL32.dll
 0002:00000130       __imp__WriteConsoleW@20    1000f130     kernel32:KERNEL32.dll
 0002:00000134       \177KERNEL32_NULL_THUNK_DATA 1000f134     kernel32:KERNEL32.dll
 0002:00000138       __imp_?ilTexImage@@YGEIIIEIIPAX@Z 1000f138     resil:ResIL.dll
 0002:0000013c       __imp_?iConvertPal@@YG?AVILpal@@PAV1@I@Z 1000f13c     resil:ResIL.dll
 0002:00000140       __imp_?ilSaveImage@@YGEPB_W@Z 1000f140     resil:ResIL.dll
 0002:00000144       __imp_?ilBindImage@@YGXI@Z 1000f144     resil:ResIL.dll
 0002:00000148       __imp_?ilGetCurName@@YGIXZ 1000f148     resil:ResIL.dll
 0002:0000014c       __imp_?ilConvertPal@@YGEI@Z 1000f14c     resil:ResIL.dll
 0002:00000150       __imp_?iConvertImage@@YGPAUILimage@@PAU1@II@Z 1000f150     resil:ResIL.dll
 0002:00000154       __imp_?iGetFlipped@@YGPAEPAUILimage@@@Z 1000f154     resil:ResIL.dll
 0002:00000158       __imp_?ilLoadImage@@YGEPB_W@Z 1000f158     resil:ResIL.dll
 0002:0000015c       __imp_?ilLoadL@@YGEIPBXI@Z 1000f15c     resil:ResIL.dll
 0002:00000160       __imp_?ilGetCurImage@@YGPAUILimage@@XZ 1000f160     resil:ResIL.dll
 0002:00000164       __imp_?ifree@@YGXPBX@Z     1000f164     resil:ResIL.dll
 0002:00000168       __imp_?ilCloseImage@@YGXPAX@Z 1000f168     resil:ResIL.dll
 0002:0000016c       __imp_?ilTypeFromExt@@YGIPB_W@Z 1000f16c     resil:ResIL.dll
 0002:00000170       __imp_?ialloc@@YGPAXI@Z    1000f170     resil:ResIL.dll
 0002:00000174       __imp_?ilSetCurImage@@YGXPAUILimage@@@Z 1000f174     resil:ResIL.dll
 0002:00000178       __imp_?il2SetError@@YGXI@Z 1000f178     resil:ResIL.dll
 0002:0000017c       __imp_?iBindImageTemp@@YGXXZ 1000f17c     resil:ResIL.dll
 0002:00000180       \177ResIL_NULL_THUNK_DATA  1000f180     resil:ResIL.dll
 0002:00000184       __imp__GetDC@4             1000f184     User32:USER32.dll
 0002:00000188       __imp__OpenClipboard@4     1000f188     User32:USER32.dll
 0002:0000018c       __imp__EmptyClipboard@0    1000f18c     User32:USER32.dll
 0002:00000190       __imp__ReleaseDC@8         1000f190     User32:USER32.dll
 0002:00000194       __imp__CloseClipboard@0    1000f194     User32:USER32.dll
 0002:00000198       __imp__IsClipboardFormatAvailable@4 1000f198     User32:USER32.dll
 0002:0000019c       __imp__SetClipboardData@8  1000f19c     User32:USER32.dll
 0002:000001a0       __imp__GetForegroundWindow@0 1000f1a0     User32:USER32.dll
 0002:000001a4       __imp__GetClipboardData@4  1000f1a4     User32:USER32.dll
 0002:000001a8       \177USER32_NULL_THUNK_DATA 1000f1a8     User32:USER32.dll
 0002:000001ac       __imp__InternetOpenUrlW@24 1000f1ac     Wininet:WININET.dll
 0002:000001b0       __imp__InternetReadFile@16 1000f1b0     Wininet:WININET.dll
 0002:000001b4       __imp__InternetCloseHandle@4 1000f1b4     Wininet:WININET.dll
 0002:000001b8       __imp__InternetOpenW@20    1000f1b8     Wininet:WININET.dll
 0002:000001bc       \177WININET_NULL_THUNK_DATA 1000f1bc     Wininet:WININET.dll
 0002:000001c0       ___xc_a                    1000f1c0     libcmt:crt0init.obj
 0002:000001c4       ___xc_z                    1000f1c4     libcmt:crt0init.obj
 0002:000001c8       ___xi_a                    1000f1c8     libcmt:crt0init.obj
 0002:000001dc       ___xi_z                    1000f1dc     libcmt:crt0init.obj
 0002:000001e0       ___xp_a                    1000f1e0     libcmt:crt0init.obj
 0002:000001f0       ___xp_z                    1000f1f0     libcmt:crt0init.obj
 0002:000001f4       ___xt_a                    1000f1f4     libcmt:crt0init.obj
 0002:000001f8       ___xt_z                    1000f1f8     libcmt:crt0init.obj
 0002:0000023c       ??_7type_info@@6B@         1000f23c     libcmt:typinfo.obj
 0002:00000240       __pRawDllMain              1000f240     libcmt:dllcrt0.obj
 0002:00000240       __pDefaultRawDllMain       1000f240     libcmt:dllcrt0.obj
 0002:0000025c       ??_C@_1M@HPNHIDJI@?$AAj?$AAa?$AA?9?$AAJ?$AAP?$AA?$AA@ 1000f25c     libcmt:mbctype.obj
 0002:00000268       ??_C@_1M@BIBDDEMK@?$AAz?$AAh?$AA?9?$AAC?$AAN?$AA?$AA@ 1000f268     libcmt:mbctype.obj
 0002:00000274       ??_C@_1M@JLOOOEGK@?$AAk?$AAo?$AA?9?$AAK?$AAR?$AA?$AA@ 1000f274     libcmt:mbctype.obj
 0002:00000280       ??_C@_1M@CLNBBOPM@?$AAz?$AAh?$AA?9?$AAT?$AAW?$AA?$AA@ 1000f280     libcmt:mbctype.obj
 0002:0000028c       ??_C@_03KOEHGMDN@Sun?$AA@  1000f28c     libcmt:nlsdata.obj
 0002:00000290       ??_C@_03PDAGKDH@Mon?$AA@   1000f290     libcmt:nlsdata.obj
 0002:00000294       ??_C@_03NAGEINEP@Tue?$AA@  1000f294     libcmt:nlsdata.obj
 0002:00000298       ??_C@_03MHOMLAJA@Wed?$AA@  1000f298     libcmt:nlsdata.obj
 0002:0000029c       ??_C@_03IOFIKPDN@Thu?$AA@  1000f29c     libcmt:nlsdata.obj
 0002:000002a0       ??_C@_03IDIOELNC@Fri?$AA@  1000f2a0     libcmt:nlsdata.obj
 0002:000002a4       ??_C@_03FEFJNEK@Sat?$AA@   1000f2a4     libcmt:nlsdata.obj
 0002:000002a8       ??_C@_06OOPIFAJ@Sunday?$AA@ 1000f2a8     libcmt:nlsdata.obj
 0002:000002b0       ??_C@_06JLEDEDGH@Monday?$AA@ 1000f2b0     libcmt:nlsdata.obj
 0002:000002b8       ??_C@_07BAAGCFCM@Tuesday?$AA@ 1000f2b8     libcmt:nlsdata.obj
 0002:000002c0       ??_C@_09DLIGFAKA@Wednesday?$AA@ 1000f2c0     libcmt:nlsdata.obj
 0002:000002cc       ??_C@_08HACCIKIA@Thursday?$AA@ 1000f2cc     libcmt:nlsdata.obj
 0002:000002d8       ??_C@_06JECMNKMI@Friday?$AA@ 1000f2d8     libcmt:nlsdata.obj
 0002:000002e0       ??_C@_08INBOOONO@Saturday?$AA@ 1000f2e0     libcmt:nlsdata.obj
 0002:000002ec       ??_C@_03JIHJHPIE@Jan?$AA@  1000f2ec     libcmt:nlsdata.obj
 0002:000002f0       ??_C@_03HJBDCHOM@Feb?$AA@  1000f2f0     libcmt:nlsdata.obj
 0002:000002f4       ??_C@_03ODNJBKGA@Mar?$AA@  1000f2f4     libcmt:nlsdata.obj
 0002:000002f8       ??_C@_03LEOLGMJP@Apr?$AA@  1000f2f8     libcmt:nlsdata.obj
 0002:000002fc       ??_C@_03CNMDKL@May?$AA@    1000f2fc     libcmt:nlsdata.obj
 0002:00000300       ??_C@_03IDFGHECI@Jun?$AA@  1000f300     libcmt:nlsdata.obj
 0002:00000304       ??_C@_03LBGABGKK@Jul?$AA@  1000f304     libcmt:nlsdata.obj
 0002:00000308       ??_C@_03IFJFEIGA@Aug?$AA@  1000f308     libcmt:nlsdata.obj
 0002:0000030c       ??_C@_03GGCAPAJC@Sep?$AA@  1000f30c     libcmt:nlsdata.obj
 0002:00000310       ??_C@_03BMAOKBAD@Oct?$AA@  1000f310     libcmt:nlsdata.obj
 0002:00000314       ??_C@_03JPJOFNIA@Nov?$AA@  1000f314     libcmt:nlsdata.obj
 0002:00000318       ??_C@_03MKABNOCG@Dec?$AA@  1000f318     libcmt:nlsdata.obj
 0002:0000031c       ??_C@_07CGJPFGJA@January?$AA@ 1000f31c     libcmt:nlsdata.obj
 0002:00000324       ??_C@_08GNJGEPFN@February?$AA@ 1000f324     libcmt:nlsdata.obj
 0002:00000330       ??_C@_05HPCKOFNC@March?$AA@ 1000f330     libcmt:nlsdata.obj
 0002:00000338       ??_C@_05DMJDNLEJ@April?$AA@ 1000f338     libcmt:nlsdata.obj
 0002:00000340       ??_C@_04CNLMGBGM@June?$AA@ 1000f340     libcmt:nlsdata.obj
 0002:00000348       ??_C@_04MIEPOIFP@July?$AA@ 1000f348     libcmt:nlsdata.obj
 0002:00000350       ??_C@_06LBBHFDDG@August?$AA@ 1000f350     libcmt:nlsdata.obj
 0002:00000358       ??_C@_09BHHEALKD@September?$AA@ 1000f358     libcmt:nlsdata.obj
 0002:00000364       ??_C@_07JJNFCEND@October?$AA@ 1000f364     libcmt:nlsdata.obj
 0002:0000036c       ??_C@_08HCHEGEOA@November?$AA@ 1000f36c     libcmt:nlsdata.obj
 0002:00000378       ??_C@_08EDHMEBNP@December?$AA@ 1000f378     libcmt:nlsdata.obj
 0002:00000384       ??_C@_02DEDBPAFC@AM?$AA@   1000f384     libcmt:nlsdata.obj
 0002:00000388       ??_C@_02CJNFDJBF@PM?$AA@   1000f388     libcmt:nlsdata.obj
 0002:0000038c       ??_C@_08BPBNCDIB@MM?1dd?1yy?$AA@ 1000f38c     libcmt:nlsdata.obj
 0002:00000398       ??_C@_0BE@CKGJFCPC@dddd?0?5MMMM?5dd?0?5yyyy?$AA@ 1000f398     libcmt:nlsdata.obj
 0002:000003ac       ??_C@_08JCCMCCIL@HH?3mm?3ss?$AA@ 1000f3ac     libcmt:nlsdata.obj
 0002:000003b8       ??_C@_17MBGCMIPB@?$AAS?$AAu?$AAn?$AA?$AA@ 1000f3b8     libcmt:nlsdata.obj
 0002:000003c0       ??_C@_17KBOMKBF@?$AAM?$AAo?$AAn?$AA?$AA@ 1000f3c0     libcmt:nlsdata.obj
 0002:000003c8       ??_C@_17BMKGEGOJ@?$AAT?$AAu?$AAe?$AA?$AA@ 1000f3c8     libcmt:nlsdata.obj
 0002:000003d0       ??_C@_17CJEDCEPE@?$AAW?$AAe?$AAd?$AA?$AA@ 1000f3d0     libcmt:nlsdata.obj
 0002:000003d8       ??_C@_17PDPHAADD@?$AAT?$AAh?$AAu?$AA?$AA@ 1000f3d8     libcmt:nlsdata.obj
 0002:000003e0       ??_C@_17HFOLPPLP@?$AAF?$AAr?$AAi?$AA?$AA@ 1000f3e0     libcmt:nlsdata.obj
 0002:000003e8       ??_C@_17GGIBDPIH@?$AAS?$AAa?$AAt?$AA?$AA@ 1000f3e8     libcmt:nlsdata.obj
 0002:000003f0       ??_C@_1O@IHNHDHPB@?$AAS?$AAu?$AAn?$AAd?$AAa?$AAy?$AA?$AA@ 1000f3f0     libcmt:nlsdata.obj
 0002:00000400       ??_C@_1O@MMNBFLIA@?$AAM?$AAo?$AAn?$AAd?$AAa?$AAy?$AA?$AA@ 1000f400     libcmt:nlsdata.obj
 0002:00000410       ??_C@_1BA@ENFBFFEK@?$AAT?$AAu?$AAe?$AAs?$AAd?$AAa?$AAy?$AA?$AA@ 1000f410     libcmt:nlsdata.obj
 0002:00000420       ??_C@_1BE@EBOGMDOH@?$AAW?$AAe?$AAd?$AAn?$AAe?$AAs?$AAd?$AAa?$AAy?$AA?$AA@ 1000f420     libcmt:nlsdata.obj
 0002:00000434       ??_C@_1BC@HHMNLIHE@?$AAT?$AAh?$AAu?$AAr?$AAs?$AAd?$AAa?$AAy?$AA?$AA@ 1000f434     libcmt:nlsdata.obj
 0002:00000448       ??_C@_1O@PDICJHAG@?$AAF?$AAr?$AAi?$AAd?$AAa?$AAy?$AA?$AA@ 1000f448     libcmt:nlsdata.obj
 0002:00000458       ??_C@_1BC@ENMNNPAJ@?$AAS?$AAa?$AAt?$AAu?$AAr?$AAd?$AAa?$AAy?$AA?$AA@ 1000f458     libcmt:nlsdata.obj
 0002:0000046c       ??_C@_17DKNBKCHM@?$AAJ?$AAa?$AAn?$AA?$AA@ 1000f46c     libcmt:nlsdata.obj
 0002:00000474       ??_C@_17LMDJEKJN@?$AAF?$AAe?$AAb?$AA?$AA@ 1000f474     libcmt:nlsdata.obj
 0002:0000047c       ??_C@_17CKNLEDEC@?$AAM?$AAa?$AAr?$AA?$AA@ 1000f47c     libcmt:nlsdata.obj
 0002:00000484       ??_C@_17LFPOIHDD@?$AAA?$AAp?$AAr?$AA?$AA@ 1000f484     libcmt:nlsdata.obj
 0002:0000048c       ??_C@_17PNNKMEED@?$AAM?$AAa?$AAy?$AA?$AA@ 1000f48c     libcmt:nlsdata.obj
 0002:00000494       ??_C@_17KCJGOCPB@?$AAJ?$AAu?$AAn?$AA?$AA@ 1000f494     libcmt:nlsdata.obj
 0002:0000049c       ??_C@_17IJPCKHK@?$AAJ?$AAu?$AAl?$AA?$AA@ 1000f49c     libcmt:nlsdata.obj
 0002:000004a4       ??_C@_17ICPELBCN@?$AAA?$AAu?$AAg?$AA?$AA@ 1000f4a4     libcmt:nlsdata.obj
 0002:000004ac       ??_C@_17HCHCOKMG@?$AAS?$AAe?$AAp?$AA?$AA@ 1000f4ac     libcmt:nlsdata.obj
 0002:000004b4       ??_C@_17FNLKOI@?$AAO?$AAc?$AAt?$AA?$AA@ 1000f4b4     libcmt:nlsdata.obj
 0002:000004bc       ??_C@_17BBDMLCIG@?$AAN?$AAo?$AAv?$AA?$AA@ 1000f4bc     libcmt:nlsdata.obj
 0002:000004c4       ??_C@_17EGKACKIF@?$AAD?$AAe?$AAc?$AA?$AA@ 1000f4c4     libcmt:nlsdata.obj
 0002:000004cc       ??_C@_1BA@EFMEIEBA@?$AAJ?$AAa?$AAn?$AAu?$AAa?$AAr?$AAy?$AA?$AA@ 1000f4cc     libcmt:nlsdata.obj
 0002:000004dc       ??_C@_1BC@JGDDFFAM@?$AAF?$AAe?$AAb?$AAr?$AAu?$AAa?$AAr?$AAy?$AA?$AA@ 1000f4dc     libcmt:nlsdata.obj
 0002:000004f0       ??_C@_1M@IKEENEDF@?$AAM?$AAa?$AAr?$AAc?$AAh?$AA?$AA@ 1000f4f0     libcmt:nlsdata.obj
 0002:000004fc       ??_C@_1M@GJNLMHFD@?$AAA?$AAp?$AAr?$AAi?$AAl?$AA?$AA@ 1000f4fc     libcmt:nlsdata.obj
 0002:00000508       ??_C@_19EPFLPGAP@?$AAJ?$AAu?$AAn?$AAe?$AA?$AA@ 1000f508     libcmt:nlsdata.obj
 0002:00000514       ??_C@_19BIFMLPCD@?$AAJ?$AAu?$AAl?$AAy?$AA?$AA@ 1000f514     libcmt:nlsdata.obj
 0002:00000520       ??_C@_1O@PAHLKOAC@?$AAA?$AAu?$AAg?$AAu?$AAs?$AAt?$AA?$AA@ 1000f520     libcmt:nlsdata.obj
 0002:00000530       ??_C@_1BE@DKAAMBJL@?$AAS?$AAe?$AAp?$AAt?$AAe?$AAm?$AAb?$AAe?$AAr?$AA?$AA@ 1000f530     libcmt:nlsdata.obj
 0002:00000544       ??_C@_1BA@EPANDLNG@?$AAO?$AAc?$AAt?$AAo?$AAb?$AAe?$AAr?$AA?$AA@ 1000f544     libcmt:nlsdata.obj
 0002:00000554       ??_C@_1BC@BGLIFPF@?$AAN?$AAo?$AAv?$AAe?$AAm?$AAb?$AAe?$AAr?$AA?$AA@ 1000f554     libcmt:nlsdata.obj
 0002:00000568       ??_C@_1BC@FEMKIFH@?$AAD?$AAe?$AAc?$AAe?$AAm?$AAb?$AAe?$AAr?$AA?$AA@ 1000f568     libcmt:nlsdata.obj
 0002:0000057c       ??_C@_15ODEHAHHF@?$AAA?$AAM?$AA?$AA@ 1000f57c     libcmt:nlsdata.obj
 0002:00000584       ??_C@_15CLMNNGEL@?$AAP?$AAM?$AA?$AA@ 1000f584     libcmt:nlsdata.obj
 0002:0000058c       ??_C@_1BC@IEBCMHCM@?$AAM?$AAM?$AA?1?$AAd?$AAd?$AA?1?$AAy?$AAy?$AA?$AA@ 1000f58c     libcmt:nlsdata.obj
 0002:000005a0       ??_C@_1CI@KNAKOEBC@?$AAd?$AAd?$AAd?$AAd?$AA?0?$AA?5?$AAM?$AAM?$AAM?$AAM?$AA?5?$AAd?$AAd?$AA?0?$AA?5?$AAy?$AAy?$AAy?$AAy?$AA?$AA@ 1000f5a0     libcmt:nlsdata.obj
 0002:000005c8       ??_C@_1BC@GDGBMEMK@?$AAH?$AAH?$AA?3?$AAm?$AAm?$AA?3?$AAs?$AAs?$AA?$AA@ 1000f5c8     libcmt:nlsdata.obj
 0002:000005dc       ??_C@_1M@BMHNFIME@?$AAe?$AAn?$AA?9?$AAU?$AAS?$AA?$AA@ 1000f5dc     libcmt:nlsdata.obj
 0002:00000668       __XcptActTab               1000f668     libcmt:winxfltr.obj
 0002:000006f8       __XcptActTabCount          1000f6f8     libcmt:winxfltr.obj
 0002:000006fc       __XcptActTabSize           1000f6fc     libcmt:winxfltr.obj
 0002:00000700       __First_FPE_Indx           1000f700     libcmt:winxfltr.obj
 0002:00000704       __Num_FPE                  1000f704     libcmt:winxfltr.obj
 0002:00000708       ??_C@_1BI@BGOHAHKC@?$AAm?$AAs?$AAc?$AAo?$AAr?$AAe?$AAe?$AA?4?$AAd?$AAl?$AAl?$AA?$AA@ 1000f708     libcmt:crt0dat.obj
 0002:00000720       ??_C@_0P@MIGLKIOC@CorExitProcess?$AA@ 1000f720     libcmt:crt0dat.obj
 0002:00000730       ??_C@_1BK@MGMFAEKH@?$AAk?$AAe?$AAr?$AAn?$AAe?$AAl?$AA3?$AA2?$AA?4?$AAd?$AAl?$AAl?$AA?$AA@ 1000f730     libcmt:winapisupp.obj
 0002:0000074c       ??_C@_08KNHFBNJ@FlsAlloc?$AA@ 1000f74c     libcmt:winapisupp.obj
 0002:00000758       ??_C@_07PEJMOBNF@FlsFree?$AA@ 1000f758     libcmt:winapisupp.obj
 0002:00000760       ??_C@_0M@GDNOONDI@FlsGetValue?$AA@ 1000f760     libcmt:winapisupp.obj
 0002:0000076c       ??_C@_0M@JCPCPOEF@FlsSetValue?$AA@ 1000f76c     libcmt:winapisupp.obj
 0002:00000778       ??_C@_0BM@HCFOFFN@InitializeCriticalSectionEx?$AA@ 1000f778     libcmt:winapisupp.obj
 0002:00000794       ??_C@_0P@DLHPPCNH@CreateEventExW?$AA@ 1000f794     libcmt:winapisupp.obj
 0002:000007a4       ??_C@_0BD@KIEEOEEH@CreateSemaphoreExW?$AA@ 1000f7a4     libcmt:winapisupp.obj
 0002:000007b8       ??_C@_0BI@BKLFFAPO@SetThreadStackGuarantee?$AA@ 1000f7b8     libcmt:winapisupp.obj
 0002:000007d0       ??_C@_0BG@OGFAJCKC@CreateThreadpoolTimer?$AA@ 1000f7d0     libcmt:winapisupp.obj
 0002:000007e8       ??_C@_0BD@LPLEMMDI@SetThreadpoolTimer?$AA@ 1000f7e8     libcmt:winapisupp.obj
 0002:000007fc       ??_C@_0CA@FMNJENH@WaitForThreadpoolTimerCallbacks?$AA@ 1000f7fc     libcmt:winapisupp.obj
 0002:0000081c       ??_C@_0BF@DCFCCNOC@CloseThreadpoolTimer?$AA@ 1000f81c     libcmt:winapisupp.obj
 0002:00000834       ??_C@_0BF@FLABGKKM@CreateThreadpoolWait?$AA@ 1000f834     libcmt:winapisupp.obj
 0002:0000084c       ??_C@_0BC@MGCOHNA@SetThreadpoolWait?$AA@ 1000f84c     libcmt:winapisupp.obj
 0002:00000860       ??_C@_0BE@OCIOMIMP@CloseThreadpoolWait?$AA@ 1000f860     libcmt:winapisupp.obj
 0002:00000874       ??_C@_0BJ@LKGHFHBO@FlushProcessWriteBuffers?$AA@ 1000f874     libcmt:winapisupp.obj
 0002:00000890       ??_C@_0BP@KALKKPMO@FreeLibraryWhenCallbackReturns?$AA@ 1000f890     libcmt:winapisupp.obj
 0002:000008b0       ??_C@_0BK@DFNBACLA@GetCurrentProcessorNumber?$AA@ 1000f8b0     libcmt:winapisupp.obj
 0002:000008cc       ??_C@_0BP@KHGALBC@GetLogicalProcessorInformation?$AA@ 1000f8cc     libcmt:winapisupp.obj
 0002:000008ec       ??_C@_0BE@FKKLLFLM@CreateSymbolicLinkW?$AA@ 1000f8ec     libcmt:winapisupp.obj
 0002:00000900       ??_C@_0BJ@OHNKDLIJ@SetDefaultDllDirectories?$AA@ 1000f900     libcmt:winapisupp.obj
 0002:0000091c       ??_C@_0BE@LJANKFHF@EnumSystemLocalesEx?$AA@ 1000f91c     libcmt:winapisupp.obj
 0002:00000930       ??_C@_0BA@IHGNDAEB@CompareStringEx?$AA@ 1000f930     libcmt:winapisupp.obj
 0002:00000940       ??_C@_0BA@EPCJIIPD@GetDateFormatEx?$AA@ 1000f940     libcmt:winapisupp.obj
 0002:00000950       ??_C@_0BA@ONOKGCMP@GetLocaleInfoEx?$AA@ 1000f950     libcmt:winapisupp.obj
 0002:00000960       ??_C@_0BA@CIJJKCJJ@GetTimeFormatEx?$AA@ 1000f960     libcmt:winapisupp.obj
 0002:00000970       ??_C@_0BJ@PBCCBIPI@GetUserDefaultLocaleName?$AA@ 1000f970     libcmt:winapisupp.obj
 0002:0000098c       ??_C@_0BC@CELBKLLA@IsValidLocaleName?$AA@ 1000f98c     libcmt:winapisupp.obj
 0002:000009a0       ??_C@_0O@KKBNKAPF@LCMapStringEx?$AA@ 1000f9a0     libcmt:winapisupp.obj
 0002:000009b0       ??_C@_0BE@JOGNEJCI@GetCurrentPackageId?$AA@ 1000f9b0     libcmt:winapisupp.obj
 0002:000009c4       ??_C@_0P@CDHHOHKP@GetTickCount64?$AA@ 1000f9c4     libcmt:winapisupp.obj
 0002:000009d4       ??_C@_0BO@KPCLFDJJ@GetFileInformationByHandleExW?$AA@ 1000f9d4     libcmt:winapisupp.obj
 0002:000009f4       ??_C@_0BM@MHIDLABK@SetFileInformationByHandleW?$AA@ 1000f9f4     libcmt:winapisupp.obj
 0002:00000a10       _LcidToLocaleNameTable     1000fa10     libcmt:winapinls.obj
 0002:00001130       _LocaleNameToIndexTable    10010130     libcmt:winapinls.obj
 0002:00001850       ??_C@_15EMKDOKLE@?$AAa?$AAr?$AA?$AA@ 10010850     libcmt:winapinls.obj
 0002:00001858       ??_C@_15KNPADPLH@?$AAb?$AAg?$AA?$AA@ 10010858     libcmt:winapinls.obj
 0002:00001860       ??_C@_15EDMHLDMO@?$AAc?$AAa?$AA?$AA@ 10010860     libcmt:winapinls.obj
 0002:00001868       ??_C@_1O@BPEAJADD@?$AAz?$AAh?$AA?9?$AAC?$AAH?$AAS?$AA?$AA@ 10010868     libcmt:winapinls.obj
 0002:00001878       ??_C@_15LJNHCMNK@?$AAc?$AAs?$AA?$AA@ 10010878     libcmt:winapinls.obj
 0002:00001880       ??_C@_15FOMCIDHG@?$AAd?$AAa?$AA?$AA@ 10010880     libcmt:winapinls.obj
 0002:00001888       ??_C@_15NBKABECB@?$AAd?$AAe?$AA?$AA@ 10010888     libcmt:winapinls.obj
 0002:00001890       ??_C@_15GHPEIIAO@?$AAe?$AAl?$AA?$AA@ 10010890     libcmt:winapinls.obj
 0002:00001898       ??_C@_15MNPNEAIF@?$AAe?$AAn?$AA?$AA@ 10010898     libcmt:winapinls.obj
 0002:000018a0       ??_C@_15GPIOMPMH@?$AAe?$AAs?$AA?$AA@ 100108a0     libcmt:winapinls.obj
 0002:000018a8       ??_C@_15NGLOAKJC@?$AAf?$AAi?$AA?$AA@ 100108a8     libcmt:winapinls.obj
 0002:000018b0       ??_C@_15FBKGNKAM@?$AAf?$AAr?$AA?$AA@ 100108b0     libcmt:winapinls.obj
 0002:000018b8       ??_C@_15KGGCNEFK@?$AAh?$AAe?$AA?$AA@ 100108b8     libcmt:winapinls.obj
 0002:000018c0       ??_C@_15PGHLIDMF@?$AAh?$AAu?$AA?$AA@ 100108c0     libcmt:winapinls.obj
 0002:000018c8       ??_C@_15BIEMAPLM@?$AAi?$AAs?$AA?$AA@ 100108c8     libcmt:winapinls.obj
 0002:000018d0       ??_C@_15IFJLDHAF@?$AAi?$AAt?$AA?$AA@ 100108d0     libcmt:winapinls.obj
 0002:000018d8       ??_C@_15GEMIOCAG@?$AAj?$AAa?$AA?$AA@ 100108d8     libcmt:winapinls.obj
 0002:000018e0       ??_C@_15EPELEGJA@?$AAk?$AAo?$AA?$AA@ 100108e0     libcmt:winapinls.obj
 0002:000018e8       ??_C@_15NDDHIMN@?$AAn?$AAl?$AA?$AA@ 100108e8     libcmt:winapinls.obj
 0002:000018f0       ??_C@_15BPIGNHCD@?$AAn?$AAo?$AA?$AA@ 100108f0     libcmt:winapinls.obj
 0002:000018f8       ??_C@_15DEOPBLCG@?$AAp?$AAl?$AA?$AA@ 100108f8     libcmt:winapinls.obj
 0002:00001900       ??_C@_15KBECGEFG@?$AAp?$AAt?$AA?$AA@ 10010900     libcmt:winapinls.obj
 0002:00001908       ??_C@_15GLJCBFMD@?$AAr?$AAo?$AA?$AA@ 10010908     libcmt:winapinls.obj
 0002:00001910       ??_C@_15FEDGKCDI@?$AAr?$AAu?$AA?$AA@ 10010910     libcmt:winapinls.obj
 0002:00001918       ??_C@_15GLKMLLHM@?$AAh?$AAr?$AA?$AA@ 10010918     libcmt:winapinls.obj
 0002:00001920       ??_C@_15CPKMFBDB@?$AAs?$AAk?$AA?$AA@ 10010920     libcmt:winapinls.obj
 0002:00001928       ??_C@_15BAAIOGMK@?$AAs?$AAq?$AA?$AA@ 10010928     libcmt:winapinls.obj
 0002:00001930       ??_C@_15INNPNOHD@?$AAs?$AAv?$AA?$AA@ 10010930     libcmt:winapinls.obj
 0002:00001938       ??_C@_15CABMMOGH@?$AAt?$AAh?$AA?$AA@ 10010938     libcmt:winapinls.obj
 0002:00001940       ??_C@_15BPLIHJJM@?$AAt?$AAr?$AA?$AA@ 10010940     libcmt:winapinls.obj
 0002:00001948       ??_C@_15NEOEKKDJ@?$AAu?$AAr?$AA?$AA@ 10010948     libcmt:winapinls.obj
 0002:00001950       ??_C@_15NFICGAJK@?$AAi?$AAd?$AA?$AA@ 10010950     libcmt:winapinls.obj
 0002:00001958       ??_C@_15PJPFLCCM@?$AAu?$AAk?$AA?$AA@ 10010958     libcmt:winapinls.obj
 0002:00001960       ??_C@_15HPJPHDM@?$AAb?$AAe?$AA?$AA@ 10010960     libcmt:winapinls.obj
 0002:00001968       ??_C@_15LCHLGJII@?$AAs?$AAl?$AA?$AA@ 10010968     libcmt:winapinls.obj
 0002:00001970       ??_C@_15PCFJPHHO@?$AAe?$AAt?$AA?$AA@ 10010970     libcmt:winapinls.obj
 0002:00001978       ??_C@_15HPFPGODN@?$AAl?$AAv?$AA?$AA@ 10010978     libcmt:winapinls.obj
 0002:00001980       ??_C@_15NFFGKGLG@?$AAl?$AAt?$AA?$AA@ 10010980     libcmt:winapinls.obj
 0002:00001988       ??_C@_15BDAKCCHN@?$AAf?$AAa?$AA?$AA@ 10010988     libcmt:winapinls.obj
 0002:00001990       ??_C@_15NFGIAIAJ@?$AAv?$AAi?$AA?$AA@ 10010990     libcmt:winapinls.obj
 0002:00001998       ??_C@_15LMKNDMHN@?$AAh?$AAy?$AA?$AA@ 10010998     libcmt:winapinls.obj
 0002:000019a0       ??_C@_15IJBHMCFL@?$AAa?$AAz?$AA?$AA@ 100109a0     libcmt:winapinls.obj
 0002:000019a8       ??_C@_15EKOFJABL@?$AAe?$AAu?$AA?$AA@ 100109a8     libcmt:winapinls.obj
 0002:000019b0       ??_C@_15BGHADCNK@?$AAm?$AAk?$AA?$AA@ 100109b0     libcmt:winapinls.obj
 0002:000019b8       ??_C@_15JDNICKHM@?$AAa?$AAf?$AA?$AA@ 100109b8     libcmt:winapinls.obj
 0002:000019c0       ??_C@_15KPJEDBKD@?$AAk?$AAa?$AA?$AA@ 100109c0     libcmt:winapinls.obj
 0002:000019c8       ??_C@_15PDNFFFEO@?$AAf?$AAo?$AA?$AA@ 100109c8     libcmt:winapinls.obj
 0002:000019d0       ??_C@_15OMLEGLOC@?$AAh?$AAi?$AA?$AA@ 100109d0     libcmt:winapinls.obj
 0002:000019d8       ??_C@_15IDNNENKK@?$AAm?$AAs?$AA?$AA@ 100109d8     libcmt:winapinls.obj
 0002:000019e0       ??_C@_15MACJNBMH@?$AAk?$AAk?$AA?$AA@ 100109e0     libcmt:winapinls.obj
 0002:000019e8       ??_C@_15DKDJEOND@?$AAk?$AAy?$AA?$AA@ 100109e8     libcmt:winapinls.obj
 0002:000019f0       ??_C@_15DFGDLJBG@?$AAs?$AAw?$AA?$AA@ 100109f0     libcmt:winapinls.obj
 0002:000019f8       ??_C@_15BBFAICNG@?$AAu?$AAz?$AA?$AA@ 100109f8     libcmt:winapinls.obj
 0002:00001a00       ??_C@_15DKNDCGEA@?$AAt?$AAt?$AA?$AA@ 10010a00     libcmt:winapinls.obj
 0002:00001a08       ??_C@_15MGIFMDPL@?$AAp?$AAa?$AA?$AA@ 10010a08     libcmt:winapinls.obj
 0002:00001a10       ??_C@_15HCNDBBA@?$AAg?$AAu?$AA?$AA@ 10010a10     libcmt:winapinls.obj
 0002:00001a18       ??_C@_15FNBEIBON@?$AAt?$AAa?$AA?$AA@ 10010a18     libcmt:winapinls.obj
 0002:00001a20       ??_C@_15NCHGBGLK@?$AAt?$AAe?$AA?$AA@ 10010a20     libcmt:winapinls.obj
 0002:00001a28       ??_C@_15PHPHCBPF@?$AAk?$AAn?$AA?$AA@ 10010a28     libcmt:winapinls.obj
 0002:00001a30       ??_C@_15DLGBCKMP@?$AAm?$AAr?$AA?$AA@ 10010a30     libcmt:winapinls.obj
 0002:00001a38       ??_C@_15EABBLBFF@?$AAs?$AAa?$AA?$AA@ 10010a38     libcmt:winapinls.obj
 0002:00001a40       ??_C@_15CBKOMCOI@?$AAm?$AAn?$AA?$AA@ 10010a40     libcmt:winapinls.obj
 0002:00001a48       ??_C@_15CKDMCJAF@?$AAg?$AAl?$AA?$AA@ 10010a48     libcmt:winapinls.obj
 0002:00001a50       ??_C@_17CNJFBPG@?$AAk?$AAo?$AAk?$AA?$AA@ 10010a50     libcmt:winapinls.obj
 0002:00001a58       ??_C@_17FFBJICPL@?$AAs?$AAy?$AAr?$AA?$AA@ 10010a58     libcmt:winapinls.obj
 0002:00001a60       ??_C@_17KPNDCPAF@?$AAd?$AAi?$AAv?$AA?$AA@ 10010a60     libcmt:winapinls.obj
 0002:00001a68       ??_C@_11LOCGONAA@?$AA?$AA@ 10010a68     libcmt:winapinls.obj
 0002:00001a6c       ??_C@_1M@OKAHONE@?$AAa?$AAr?$AA?9?$AAS?$AAA?$AA?$AA@ 10010a6c     libcmt:winapinls.obj
 0002:00001a78       ??_C@_1M@FFFIGIGK@?$AAb?$AAg?$AA?9?$AAB?$AAG?$AA?$AA@ 10010a78     libcmt:winapinls.obj
 0002:00001a84       ??_C@_1M@BJNKEDC@?$AAc?$AAa?$AA?9?$AAE?$AAS?$AA?$AA@ 10010a84     libcmt:winapinls.obj
 0002:00001a90       ??_C@_1M@IJJHFJHA@?$AAc?$AAs?$AA?9?$AAC?$AAZ?$AA?$AA@ 10010a90     libcmt:winapinls.obj
 0002:00001a9c       ??_C@_1M@CLPEOBGI@?$AAd?$AAa?$AA?9?$AAD?$AAK?$AA?$AA@ 10010a9c     libcmt:winapinls.obj
 0002:00001aa8       ??_C@_1M@MCMADGCB@?$AAd?$AAe?$AA?9?$AAD?$AAE?$AA?$AA@ 10010aa8     libcmt:winapinls.obj
 0002:00001ab4       ??_C@_1M@OOCKEMAM@?$AAe?$AAl?$AA?9?$AAG?$AAR?$AA?$AA@ 10010ab4     libcmt:winapinls.obj
 0002:00001ac0       ??_C@_1M@DDNJFGID@?$AAf?$AAi?$AA?9?$AAF?$AAI?$AA?$AA@ 10010ac0     libcmt:winapinls.obj
 0002:00001acc       ??_C@_1M@GLIPPMAC@?$AAf?$AAr?$AA?9?$AAF?$AAR?$AA?$AA@ 10010acc     libcmt:winapinls.obj
 0002:00001ad8       ??_C@_1M@GFMCHPE@?$AAh?$AAe?$AA?9?$AAI?$AAL?$AA?$AA@ 10010ad8     libcmt:winapinls.obj
 0002:00001ae4       ??_C@_1M@MHLPGNKM@?$AAh?$AAu?$AA?9?$AAH?$AAU?$AA?$AA@ 10010ae4     libcmt:winapinls.obj
 0002:00001af0       ??_C@_1M@LPDDNNPN@?$AAi?$AAs?$AA?9?$AAI?$AAS?$AA?$AA@ 10010af0     libcmt:winapinls.obj
 0002:00001afc       ??_C@_1M@MADIPODN@?$AAi?$AAt?$AA?9?$AAI?$AAT?$AA?$AA@ 10010afc     libcmt:winapinls.obj
 0002:00001b08       ??_C@_1M@IHBJJGG@?$AAn?$AAl?$AA?9?$AAN?$AAL?$AA?$AA@ 10010b08     libcmt:winapinls.obj
 0002:00001b14       ??_C@_1M@EANAGDL@?$AAn?$AAb?$AA?9?$AAN?$AAO?$AA?$AA@ 10010b14     libcmt:winapinls.obj
 0002:00001b20       ??_C@_1M@NEIEMEGP@?$AAp?$AAl?$AA?9?$AAP?$AAL?$AA?$AA@ 10010b20     libcmt:winapinls.obj
 0002:00001b2c       ??_C@_1M@BOCFIGEP@?$AAp?$AAt?$AA?9?$AAB?$AAR?$AA?$AA@ 10010b2c     libcmt:winapinls.obj
 0002:00001b38       ??_C@_1M@IMPFOPBG@?$AAr?$AAo?$AA?9?$AAR?$AAO?$AA?$AA@ 10010b38     libcmt:winapinls.obj
 0002:00001b44       ??_C@_1M@IDNNEJMM@?$AAr?$AAu?$AA?9?$AAR?$AAU?$AA?$AA@ 10010b44     libcmt:winapinls.obj
 0002:00001b50       ??_C@_1M@LILEEOGM@?$AAh?$AAr?$AA?9?$AAH?$AAR?$AA?$AA@ 10010b50     libcmt:winapinls.obj
 0002:00001b5c       ??_C@_1M@FKIFEHPB@?$AAs?$AAk?$AA?9?$AAS?$AAK?$AA?$AA@ 10010b5c     libcmt:winapinls.obj
 0002:00001b68       ??_C@_1M@LJMAMNPJ@?$AAs?$AAq?$AA?9?$AAA?$AAL?$AA?$AA@ 10010b68     libcmt:winapinls.obj
 0002:00001b74       ??_C@_1M@GIAKDKJK@?$AAs?$AAv?$AA?9?$AAS?$AAE?$AA?$AA@ 10010b74     libcmt:winapinls.obj
 0002:00001b80       ??_C@_1M@MKJKIKCL@?$AAt?$AAh?$AA?9?$AAT?$AAH?$AA?$AA@ 10010b80     libcmt:winapinls.obj
 0002:00001b8c       ??_C@_1M@MFLCCMPB@?$AAt?$AAr?$AA?9?$AAT?$AAR?$AA?$AA@ 10010b8c     libcmt:winapinls.obj
 0002:00001b98       ??_C@_1M@OIJHDKJN@?$AAu?$AAr?$AA?9?$AAP?$AAK?$AA?$AA@ 10010b98     libcmt:winapinls.obj
 0002:00001ba4       ??_C@_1M@LHIPCIEK@?$AAi?$AAd?$AA?9?$AAI?$AAD?$AA?$AA@ 10010ba4     libcmt:winapinls.obj
 0002:00001bb0       ??_C@_1M@MFMOBGI@?$AAu?$AAk?$AA?9?$AAU?$AAA?$AA?$AA@ 10010bb0     libcmt:winapinls.obj
 0002:00001bbc       ??_C@_1M@OBGLJIPL@?$AAb?$AAe?$AA?9?$AAB?$AAY?$AA?$AA@ 10010bbc     libcmt:winapinls.obj
 0002:00001bc8       ??_C@_1M@BCFAJEAD@?$AAs?$AAl?$AA?9?$AAS?$AAI?$AA?$AA@ 10010bc8     libcmt:winapinls.obj
 0002:00001bd4       ??_C@_1M@FKFFEDDN@?$AAe?$AAt?$AA?9?$AAE?$AAE?$AA?$AA@ 10010bd4     libcmt:winapinls.obj
 0002:00001be0       ??_C@_1M@KGKKAACI@?$AAl?$AAv?$AA?9?$AAL?$AAV?$AA?$AA@ 10010be0     libcmt:winapinls.obj
 0002:00001bec       ??_C@_1M@IFGBIJO@?$AAl?$AAt?$AA?9?$AAL?$AAT?$AA?$AA@ 10010bec     libcmt:winapinls.obj
 0002:00001bf8       ??_C@_1M@FGEAHEDM@?$AAf?$AAa?$AA?9?$AAI?$AAR?$AA?$AA@ 10010bf8     libcmt:winapinls.obj
 0002:00001c04       ??_C@_1M@KBMAIBFN@?$AAv?$AAi?$AA?9?$AAV?$AAN?$AA?$AA@ 10010c04     libcmt:winapinls.obj
 0002:00001c10       ??_C@_1M@GPCBKDJK@?$AAh?$AAy?$AA?9?$AAA?$AAM?$AA?$AA@ 10010c10     libcmt:winapinls.obj
 0002:00001c1c       ??_C@_1BG@BECMDDJB@?$AAa?$AAz?$AA?9?$AAA?$AAZ?$AA?9?$AAL?$AAa?$AAt?$AAn?$AA?$AA@ 10010c1c     libcmt:winapinls.obj
 0002:00001c34       ??_C@_1M@MAOFCAEA@?$AAe?$AAu?$AA?9?$AAE?$AAS?$AA?$AA@ 10010c34     libcmt:winapinls.obj
 0002:00001c40       ??_C@_1M@IGHABKPI@?$AAm?$AAk?$AA?9?$AAM?$AAK?$AA?$AA@ 10010c40     libcmt:winapinls.obj
 0002:00001c4c       ??_C@_1M@IAIGNEJG@?$AAt?$AAn?$AA?9?$AAZ?$AAA?$AA?$AA@ 10010c4c     libcmt:winapinls.obj
 0002:00001c58       ??_C@_1M@IIJCOJFA@?$AAx?$AAh?$AA?9?$AAZ?$AAA?$AA?$AA@ 10010c58     libcmt:winapinls.obj
 0002:00001c64       ??_C@_1M@LGPJHNJH@?$AAz?$AAu?$AA?9?$AAZ?$AAA?$AA?$AA@ 10010c64     libcmt:winapinls.obj
 0002:00001c70       ??_C@_1M@HOKAOIO@?$AAa?$AAf?$AA?9?$AAZ?$AAA?$AA?$AA@ 10010c70     libcmt:winapinls.obj
 0002:00001c7c       ??_C@_1M@DPCLHLIE@?$AAk?$AAa?$AA?9?$AAG?$AAE?$AA?$AA@ 10010c7c     libcmt:winapinls.obj
 0002:00001c88       ??_C@_1M@BLKMHJBI@?$AAf?$AAo?$AA?9?$AAF?$AAO?$AA?$AA@ 10010c88     libcmt:winapinls.obj
 0002:00001c94       ??_C@_1M@LGGJAPPB@?$AAh?$AAi?$AA?9?$AAI?$AAN?$AA?$AA@ 10010c94     libcmt:winapinls.obj
 0002:00001ca0       ??_C@_1M@FIKPIHFE@?$AAm?$AAt?$AA?9?$AAM?$AAT?$AA?$AA@ 10010ca0     libcmt:winapinls.obj
 0002:00001cac       ??_C@_1M@HEGGPBFA@?$AAs?$AAe?$AA?9?$AAN?$AAO?$AA?$AA@ 10010cac     libcmt:winapinls.obj
 0002:00001cb8       ??_C@_1M@EIBJEEPA@?$AAm?$AAs?$AA?9?$AAM?$AAY?$AA?$AA@ 10010cb8     libcmt:winapinls.obj
 0002:00001cc4       ??_C@_1M@FHLBGMPP@?$AAk?$AAk?$AA?9?$AAK?$AAZ?$AA?$AA@ 10010cc4     libcmt:winapinls.obj
 0002:00001cd0       ??_C@_1M@NGJJLCGI@?$AAk?$AAy?$AA?9?$AAK?$AAG?$AA?$AA@ 10010cd0     libcmt:winapinls.obj
 0002:00001cdc       ??_C@_1M@GIENNBFC@?$AAs?$AAw?$AA?9?$AAK?$AAE?$AA?$AA@ 10010cdc     libcmt:winapinls.obj
 0002:00001ce8       ??_C@_1BG@NDGMJIMJ@?$AAu?$AAz?$AA?9?$AAU?$AAZ?$AA?9?$AAL?$AAa?$AAt?$AAn?$AA?$AA@ 10010ce8     libcmt:winapinls.obj
 0002:00001d00       ??_C@_1M@IDCCIHBC@?$AAt?$AAt?$AA?9?$AAR?$AAU?$AA?$AA@ 10010d00     libcmt:winapinls.obj
 0002:00001d0c       ??_C@_1M@LOICPMOJ@?$AAb?$AAn?$AA?9?$AAI?$AAN?$AA?$AA@ 10010d0c     libcmt:winapinls.obj
 0002:00001d18       ??_C@_1M@KPKKNEAH@?$AAp?$AAa?$AA?9?$AAI?$AAN?$AA?$AA@ 10010d18     libcmt:winapinls.obj
 0002:00001d24       ??_C@_1M@PJGPPBOG@?$AAg?$AAu?$AA?9?$AAI?$AAN?$AA?$AA@ 10010d24     libcmt:winapinls.obj
 0002:00001d30       ??_C@_1M@KMKMOPHI@?$AAt?$AAa?$AA?9?$AAI?$AAN?$AA?$AA@ 10010d30     libcmt:winapinls.obj
 0002:00001d3c       ??_C@_1M@KFEHEPAC@?$AAt?$AAe?$AA?9?$AAI?$AAN?$AA?$AA@ 10010d3c     libcmt:winapinls.obj
 0002:00001d48       ??_C@_1M@CDCLMGHI@?$AAk?$AAn?$AA?9?$AAI?$AAN?$AA?$AA@ 10010d48     libcmt:winapinls.obj
 0002:00001d54       ??_C@_1M@MIODLDKF@?$AAm?$AAl?$AA?9?$AAI?$AAN?$AA?$AA@ 10010d54     libcmt:winapinls.obj
 0002:00001d60       ??_C@_1M@PBIEACPO@?$AAm?$AAr?$AA?9?$AAI?$AAN?$AA?$AA@ 10010d60     libcmt:winapinls.obj
 0002:00001d6c       ??_C@_1M@NIDEAGPH@?$AAs?$AAa?$AA?9?$AAI?$AAN?$AA?$AA@ 10010d6c     libcmt:winapinls.obj
 0002:00001d78       ??_C@_1M@FHIHCBIO@?$AAm?$AAn?$AA?9?$AAM?$AAN?$AA?$AA@ 10010d78     libcmt:winapinls.obj
 0002:00001d84       ??_C@_1M@JAIJPENP@?$AAc?$AAy?$AA?9?$AAG?$AAB?$AA?$AA@ 10010d84     libcmt:winapinls.obj
 0002:00001d90       ??_C@_1M@PHGFBEPN@?$AAg?$AAl?$AA?9?$AAE?$AAS?$AA?$AA@ 10010d90     libcmt:winapinls.obj
 0002:00001d9c       ??_C@_1O@KPIPDNCP@?$AAk?$AAo?$AAk?$AA?9?$AAI?$AAN?$AA?$AA@ 10010d9c     libcmt:winapinls.obj
 0002:00001dac       ??_C@_1O@KNHJLDJA@?$AAs?$AAy?$AAr?$AA?9?$AAS?$AAY?$AA?$AA@ 10010dac     libcmt:winapinls.obj
 0002:00001dbc       ??_C@_1O@MKEKBLAH@?$AAd?$AAi?$AAv?$AA?9?$AAM?$AAV?$AA?$AA@ 10010dbc     libcmt:winapinls.obj
 0002:00001dcc       ??_C@_1O@OHDCKDDF@?$AAq?$AAu?$AAz?$AA?9?$AAB?$AAO?$AA?$AA@ 10010dcc     libcmt:winapinls.obj
 0002:00001ddc       ??_C@_1M@LEPJNLFD@?$AAn?$AAs?$AA?9?$AAZ?$AAA?$AA?$AA@ 10010ddc     libcmt:winapinls.obj
 0002:00001de8       ??_C@_1M@OMLEIIJB@?$AAm?$AAi?$AA?9?$AAN?$AAZ?$AA?$AA@ 10010de8     libcmt:winapinls.obj
 0002:00001df4       ??_C@_1M@PMPEAILG@?$AAa?$AAr?$AA?9?$AAI?$AAQ?$AA?$AA@ 10010df4     libcmt:winapinls.obj
 0002:00001e00       ??_C@_1M@CNKPNOEE@?$AAd?$AAe?$AA?9?$AAC?$AAH?$AA?$AA@ 10010e00     libcmt:winapinls.obj
 0002:00001e0c       ??_C@_1M@LKMGMLKO@?$AAe?$AAn?$AA?9?$AAG?$AAB?$AA?$AA@ 10010e0c     libcmt:winapinls.obj
 0002:00001e18       ??_C@_1M@PGKJFFGL@?$AAe?$AAs?$AA?9?$AAM?$AAX?$AA?$AA@ 10010e18     libcmt:winapinls.obj
 0002:00001e24       ??_C@_1M@DNNANBDC@?$AAf?$AAr?$AA?9?$AAB?$AAE?$AA?$AA@ 10010e24     libcmt:winapinls.obj
 0002:00001e30       ??_C@_1M@HLGMDFHM@?$AAi?$AAt?$AA?9?$AAC?$AAH?$AA?$AA@ 10010e30     libcmt:winapinls.obj
 0002:00001e3c       ??_C@_1M@CLLBGJH@?$AAn?$AAl?$AA?9?$AAB?$AAE?$AA?$AA@ 10010e3c     libcmt:winapinls.obj
 0002:00001e48       ??_C@_1M@BODBOGLF@?$AAn?$AAn?$AA?9?$AAN?$AAO?$AA?$AA@ 10010e48     libcmt:winapinls.obj
 0002:00001e54       ??_C@_1M@HFFAHKAD@?$AAp?$AAt?$AA?9?$AAP?$AAT?$AA?$AA@ 10010e54     libcmt:winapinls.obj
 0002:00001e60       ??_C@_1BG@LNOAKHIE@?$AAs?$AAr?$AA?9?$AAS?$AAP?$AA?9?$AAL?$AAa?$AAt?$AAn?$AA?$AA@ 10010e60     libcmt:winapinls.obj
 0002:00001e78       ??_C@_1M@HBMHBGAK@?$AAs?$AAv?$AA?9?$AAF?$AAI?$AA?$AA@ 10010e78     libcmt:winapinls.obj
 0002:00001e84       ??_C@_1BG@DGCJGJBE@?$AAa?$AAz?$AA?9?$AAA?$AAZ?$AA?9?$AAC?$AAy?$AAr?$AAl?$AA?$AA@ 10010e84     libcmt:winapinls.obj
 0002:00001e9c       ??_C@_1M@KEJDAAHB@?$AAs?$AAe?$AA?9?$AAS?$AAE?$AA?$AA@ 10010e9c     libcmt:winapinls.obj
 0002:00001ea8       ??_C@_1M@HEIBJJAD@?$AAm?$AAs?$AA?9?$AAB?$AAN?$AA?$AA@ 10010ea8     libcmt:winapinls.obj
 0002:00001eb4       ??_C@_1BG@PBGJMCEM@?$AAu?$AAz?$AA?9?$AAU?$AAZ?$AA?9?$AAC?$AAy?$AAr?$AAl?$AA?$AA@ 10010eb4     libcmt:winapinls.obj
 0002:00001ecc       ??_C@_1O@LAOBCMDF@?$AAq?$AAu?$AAz?$AA?9?$AAE?$AAC?$AA?$AA@ 10010ecc     libcmt:winapinls.obj
 0002:00001edc       ??_C@_1M@POEEMAIO@?$AAa?$AAr?$AA?9?$AAE?$AAG?$AA?$AA@ 10010edc     libcmt:winapinls.obj
 0002:00001ee8       ??_C@_1M@EFAKDEDL@?$AAz?$AAh?$AA?9?$AAH?$AAK?$AA?$AA@ 10010ee8     libcmt:winapinls.obj
 0002:00001ef4       ??_C@_1M@HKKIJHGI@?$AAd?$AAe?$AA?9?$AAA?$AAT?$AA?$AA@ 10010ef4     libcmt:winapinls.obj
 0002:00001f00       ??_C@_1M@KBFBEHJF@?$AAe?$AAn?$AA?9?$AAA?$AAU?$AA?$AA@ 10010f00     libcmt:winapinls.obj
 0002:00001f0c       ??_C@_1M@MNPLFAAH@?$AAe?$AAs?$AA?9?$AAE?$AAS?$AA?$AA@ 10010f0c     libcmt:winapinls.obj
 0002:00001f18       ??_C@_1M@HJOOJFMA@?$AAf?$AAr?$AA?9?$AAC?$AAA?$AA?$AA@ 10010f18     libcmt:winapinls.obj
 0002:00001f24       ??_C@_1BG@JPOFPNAB@?$AAs?$AAr?$AA?9?$AAS?$AAP?$AA?9?$AAC?$AAy?$AAr?$AAl?$AA?$AA@ 10010f24     libcmt:winapinls.obj
 0002:00001f3c       ??_C@_1M@LNFOCMOB@?$AAs?$AAe?$AA?9?$AAF?$AAI?$AA?$AA@ 10010f3c     libcmt:winapinls.obj
 0002:00001f48       ??_C@_1O@MGJBOAMB@?$AAq?$AAu?$AAz?$AA?9?$AAP?$AAE?$AA?$AA@ 10010f48     libcmt:winapinls.obj
 0002:00001f58       ??_C@_1M@GJINLBOK@?$AAa?$AAr?$AA?9?$AAL?$AAY?$AA?$AA@ 10010f58     libcmt:winapinls.obj
 0002:00001f64       ??_C@_1M@GGMNHJNL@?$AAz?$AAh?$AA?9?$AAS?$AAG?$AA?$AA@ 10010f64     libcmt:winapinls.obj
 0002:00001f70       ??_C@_1M@HOIKODND@?$AAd?$AAe?$AA?9?$AAL?$AAU?$AA?$AA@ 10010f70     libcmt:winapinls.obj
 0002:00001f7c       ??_C@_1M@DDOCCGFG@?$AAe?$AAn?$AA?9?$AAC?$AAA?$AA?$AA@ 10010f7c     libcmt:winapinls.obj
 0002:00001f88       ??_C@_1M@BNOEMJLF@?$AAe?$AAs?$AA?9?$AAG?$AAT?$AA?$AA@ 10010f88     libcmt:winapinls.obj
 0002:00001f94       ??_C@_1M@EOGNKEK@?$AAf?$AAr?$AA?9?$AAC?$AAH?$AA?$AA@ 10010f94     libcmt:winapinls.obj
 0002:00001fa0       ??_C@_1M@FLIDJFHL@?$AAh?$AAr?$AA?9?$AAB?$AAA?$AA?$AA@ 10010fa0     libcmt:winapinls.obj
 0002:00001fac       ??_C@_1O@FMCELNAJ@?$AAs?$AAm?$AAj?$AA?9?$AAN?$AAO?$AA?$AA@ 10010fac     libcmt:winapinls.obj
 0002:00001fbc       ??_C@_1M@JHGLJMGJ@?$AAa?$AAr?$AA?9?$AAD?$AAZ?$AA?$AA@ 10010fbc     libcmt:winapinls.obj
 0002:00001fc8       ??_C@_1M@JKKFDCNP@?$AAz?$AAh?$AA?9?$AAM?$AAO?$AA?$AA@ 10010fc8     libcmt:winapinls.obj
 0002:00001fd4       ??_C@_1M@GEEFALPE@?$AAd?$AAe?$AA?9?$AAL?$AAI?$AA?$AA@ 10010fd4     libcmt:winapinls.obj
 0002:00001fe0       ??_C@_1M@IGEOFBG@?$AAe?$AAn?$AA?9?$AAN?$AAZ?$AA?$AA@ 10010fe0     libcmt:winapinls.obj
 0002:00001fec       ??_C@_1M@KDBONEHP@?$AAe?$AAs?$AA?9?$AAC?$AAR?$AA?$AA@ 10010fec     libcmt:winapinls.obj
 0002:00001ff8       ??_C@_1M@FHMDOHNN@?$AAf?$AAr?$AA?9?$AAL?$AAU?$AA?$AA@ 10010ff8     libcmt:winapinls.obj
 0002:00002004       ??_C@_1BG@NFKKMAFG@?$AAb?$AAs?$AA?9?$AAB?$AAA?$AA?9?$AAL?$AAa?$AAt?$AAn?$AA?$AA@ 10011004     libcmt:winapinls.obj
 0002:0000201c       ??_C@_1O@IMNBEMCI@?$AAs?$AAm?$AAj?$AA?9?$AAS?$AAE?$AA?$AA@ 1001101c     libcmt:winapinls.obj
 0002:0000202c       ??_C@_1M@DHHMBNDP@?$AAa?$AAr?$AA?9?$AAM?$AAA?$AA?$AA@ 1001102c     libcmt:winapinls.obj
 0002:00002038       ??_C@_1M@BNBLJCGH@?$AAe?$AAn?$AA?9?$AAI?$AAE?$AA?$AA@ 10011038     libcmt:winapinls.obj
 0002:00002044       ??_C@_1M@GEPAFMDL@?$AAe?$AAs?$AA?9?$AAP?$AAA?$AA?$AA@ 10011044     libcmt:winapinls.obj
 0002:00002050       ??_C@_1M@OJONDMDL@?$AAf?$AAr?$AA?9?$AAM?$AAC?$AA?$AA@ 10011050     libcmt:winapinls.obj
 0002:0000205c       ??_C@_1BG@OBCNFJB@?$AAs?$AAr?$AA?9?$AAB?$AAA?$AA?9?$AAL?$AAa?$AAt?$AAn?$AA?$AA@ 1001105c     libcmt:winapinls.obj
 0002:00002074       ??_C@_1O@KEMEEGPO@?$AAs?$AAm?$AAa?$AA?9?$AAN?$AAO?$AA?$AA@ 10011074     libcmt:winapinls.obj
 0002:00002084       ??_C@_1M@ELMGFODK@?$AAa?$AAr?$AA?9?$AAT?$AAN?$AA?$AA@ 10011084     libcmt:winapinls.obj
 0002:00002090       ??_C@_1M@BHDLHFAF@?$AAe?$AAn?$AA?9?$AAZ?$AAA?$AA?$AA@ 10011090     libcmt:winapinls.obj
 0002:0000209c       ??_C@_1M@BMGIGLIF@?$AAe?$AAs?$AA?9?$AAD?$AAO?$AA?$AA@ 1001109c     libcmt:winapinls.obj
 0002:000020a8       ??_C@_1BG@CMBHIPBE@?$AAs?$AAr?$AA?9?$AAB?$AAA?$AA?9?$AAC?$AAy?$AAr?$AAl?$AA?$AA@ 100110a8     libcmt:winapinls.obj
 0002:000020c0       ??_C@_1O@HEDBLHNP@?$AAs?$AAm?$AAa?$AA?9?$AAS?$AAE?$AA?$AA@ 100110c0     libcmt:winapinls.obj
 0002:000020d0       ??_C@_1M@DAGCADIM@?$AAa?$AAr?$AA?9?$AAO?$AAM?$AA?$AA@ 100110d0     libcmt:winapinls.obj
 0002:000020dc       ??_C@_1M@FODLMICG@?$AAe?$AAn?$AA?9?$AAJ?$AAM?$AA?$AA@ 100110dc     libcmt:winapinls.obj
 0002:000020e8       ??_C@_1M@DNMLCIHB@?$AAe?$AAs?$AA?9?$AAV?$AAE?$AA?$AA@ 100110e8     libcmt:winapinls.obj
 0002:000020f4       ??_C@_1O@EOKHMKJK@?$AAs?$AAm?$AAs?$AA?9?$AAF?$AAI?$AA?$AA@ 100110f4     libcmt:winapinls.obj
 0002:00002104       ??_C@_1M@CAFJMKOF@?$AAa?$AAr?$AA?9?$AAY?$AAE?$AA?$AA@ 10011104     libcmt:winapinls.obj
 0002:00002110       ??_C@_1M@CBFHIJLI@?$AAe?$AAn?$AA?9?$AAC?$AAB?$AA?$AA@ 10011110     libcmt:winapinls.obj
 0002:0000211c       ??_C@_1M@BGNFLDN@?$AAe?$AAs?$AA?9?$AAC?$AAO?$AA?$AA@ 1001111c     libcmt:winapinls.obj
 0002:00002128       ??_C@_1O@JMPHMAMC@?$AAs?$AAm?$AAn?$AA?9?$AAF?$AAI?$AA?$AA@ 10011128     libcmt:winapinls.obj
 0002:00002138       ??_C@_1M@JLANABKE@?$AAa?$AAr?$AA?9?$AAS?$AAY?$AA?$AA@ 10011138     libcmt:winapinls.obj
 0002:00002144       ??_C@_1M@HPKGCFGN@?$AAe?$AAn?$AA?9?$AAB?$AAZ?$AA?$AA@ 10011144     libcmt:winapinls.obj
 0002:00002150       ??_C@_1M@OLJCMLGM@?$AAe?$AAs?$AA?9?$AAP?$AAE?$AA?$AA@ 10011150     libcmt:winapinls.obj
 0002:0000215c       ??_C@_1M@MKKGFKLE@?$AAa?$AAr?$AA?9?$AAJ?$AAO?$AA?$AA@ 1001115c     libcmt:winapinls.obj
 0002:00002168       ??_C@_1M@EKPGLDNI@?$AAe?$AAn?$AA?9?$AAT?$AAT?$AA?$AA@ 10011168     libcmt:winapinls.obj
 0002:00002174       ??_C@_1M@OONGHFHE@?$AAe?$AAs?$AA?9?$AAA?$AAR?$AA?$AA@ 10011174     libcmt:winapinls.obj
 0002:00002180       ??_C@_1M@OOJFGBHE@?$AAa?$AAr?$AA?9?$AAL?$AAB?$AA?$AA@ 10011180     libcmt:winapinls.obj
 0002:0000218c       ??_C@_1M@GCEJHNEG@?$AAe?$AAn?$AA?9?$AAZ?$AAW?$AA?$AA@ 1001118c     libcmt:winapinls.obj
 0002:00002198       ??_C@_1M@JNOCAHJI@?$AAe?$AAs?$AA?9?$AAE?$AAC?$AA?$AA@ 10011198     libcmt:winapinls.obj
 0002:000021a4       ??_C@_1M@JEFHPGGB@?$AAa?$AAr?$AA?9?$AAK?$AAW?$AA?$AA@ 100111a4     libcmt:winapinls.obj
 0002:000021b0       ??_C@_1M@MLKIBJOJ@?$AAe?$AAn?$AA?9?$AAP?$AAH?$AA?$AA@ 100111b0     libcmt:winapinls.obj
 0002:000021bc       ??_C@_1M@BDNIPEND@?$AAe?$AAs?$AA?9?$AAC?$AAL?$AA?$AA@ 100111bc     libcmt:winapinls.obj
 0002:000021c8       ??_C@_1M@MPNMEKBD@?$AAa?$AAr?$AA?9?$AAA?$AAE?$AA?$AA@ 100111c8     libcmt:winapinls.obj
 0002:000021d4       ??_C@_1M@KBJALCPI@?$AAe?$AAs?$AA?9?$AAU?$AAY?$AA?$AA@ 100111d4     libcmt:winapinls.obj
 0002:000021e0       ??_C@_1M@LLCCOAGA@?$AAa?$AAr?$AA?9?$AAB?$AAH?$AA?$AA@ 100111e0     libcmt:winapinls.obj
 0002:000021ec       ??_C@_1M@PBFNCDEL@?$AAe?$AAs?$AA?9?$AAP?$AAY?$AA?$AA@ 100111ec     libcmt:winapinls.obj
 0002:000021f8       ??_C@_1M@EDGINPNP@?$AAa?$AAr?$AA?9?$AAQ?$AAA?$AA?$AA@ 100111f8     libcmt:winapinls.obj
 0002:00002204       ??_C@_1M@MKDBIIJI@?$AAe?$AAs?$AA?9?$AAB?$AAO?$AA?$AA@ 10011204     libcmt:winapinls.obj
 0002:00002210       ??_C@_1M@CPKKEBLD@?$AAe?$AAs?$AA?9?$AAS?$AAV?$AA?$AA@ 10011210     libcmt:winapinls.obj
 0002:0000221c       ??_C@_1M@NDBGMMJL@?$AAe?$AAs?$AA?9?$AAH?$AAN?$AA?$AA@ 1001121c     libcmt:winapinls.obj
 0002:00002228       ??_C@_1M@JIJIBHDP@?$AAe?$AAs?$AA?9?$AAN?$AAI?$AA?$AA@ 10011228     libcmt:winapinls.obj
 0002:00002234       ??_C@_1M@CGFMKEEK@?$AAe?$AAs?$AA?9?$AAP?$AAR?$AA?$AA@ 10011234     libcmt:winapinls.obj
 0002:00002240       ??_C@_1O@ICJHKIIK@?$AAz?$AAh?$AA?9?$AAC?$AAH?$AAT?$AA?$AA@ 10011240     libcmt:winapinls.obj
 0002:00002250       ??_C@_15CLNEJCE@?$AAs?$AAr?$AA?$AA@ 10011250     libcmt:winapinls.obj
 0002:00002258       ??_C@_1M@KAHEKEIG@?$AAa?$AAf?$AA?9?$AAz?$AAa?$AA?$AA@ 10011258     libcmt:winapinls.obj
 0002:00002264       ??_C@_1M@GIECOABL@?$AAa?$AAr?$AA?9?$AAa?$AAe?$AA?$AA@ 10011264     libcmt:winapinls.obj
 0002:00002270       ??_C@_1M@BMLMEKGI@?$AAa?$AAr?$AA?9?$AAb?$AAh?$AA?$AA@ 10011270     libcmt:winapinls.obj
 0002:0000227c       ??_C@_1M@DAPFDGGB@?$AAa?$AAr?$AA?9?$AAd?$AAz?$AA?$AA@ 1001127c     libcmt:winapinls.obj
 0002:00002288       ??_C@_1M@FJNKGKIG@?$AAa?$AAr?$AA?9?$AAe?$AAg?$AA?$AA@ 10011288     libcmt:winapinls.obj
 0002:00002294       ??_C@_1M@FLGKKCLO@?$AAa?$AAr?$AA?9?$AAi?$AAq?$AA?$AA@ 10011294     libcmt:winapinls.obj
 0002:000022a0       ??_C@_1M@GNDIPALM@?$AAa?$AAr?$AA?9?$AAj?$AAo?$AA?$AA@ 100112a0     libcmt:winapinls.obj
 0002:000022ac       ??_C@_1M@DDMJFMGJ@?$AAa?$AAr?$AA?9?$AAk?$AAw?$AA?$AA@ 100112ac     libcmt:winapinls.obj
 0002:000022b8       ??_C@_1M@EJALMLHM@?$AAa?$AAr?$AA?9?$AAl?$AAb?$AA?$AA@ 100112b8     libcmt:winapinls.obj
 0002:000022c4       ??_C@_1M@MOBDBLOC@?$AAa?$AAr?$AA?9?$AAl?$AAy?$AA?$AA@ 100112c4     libcmt:winapinls.obj
 0002:000022d0       ??_C@_1M@JAOCLHDH@?$AAa?$AAr?$AA?9?$AAm?$AAa?$AA?$AA@ 100112d0     libcmt:winapinls.obj
 0002:000022dc       ??_C@_1M@JHPMKJIE@?$AAa?$AAr?$AA?9?$AAo?$AAm?$AA?$AA@ 100112dc     libcmt:winapinls.obj
 0002:000022e8       ??_C@_1M@OEPGHFNH@?$AAa?$AAr?$AA?9?$AAq?$AAa?$AA?$AA@ 100112e8     libcmt:winapinls.obj
 0002:000022f4       ??_C@_1M@KJDONENM@?$AAa?$AAr?$AA?9?$AAs?$AAa?$AA?$AA@ 100112f4     libcmt:winapinls.obj
 0002:00002300       ??_C@_1M@DMJDKLKM@?$AAa?$AAr?$AA?9?$AAs?$AAy?$AA?$AA@ 10011300     libcmt:winapinls.obj
 0002:0000230c       ??_C@_1M@OMFIPEDC@?$AAa?$AAr?$AA?9?$AAt?$AAn?$AA?$AA@ 1001130c     libcmt:winapinls.obj
 0002:00002318       ??_C@_1M@IHMHGAON@?$AAa?$AAr?$AA?9?$AAy?$AAe?$AA?$AA@ 10011318     libcmt:winapinls.obj
 0002:00002324       ??_C@_1BG@KDCPGJGB@?$AAa?$AAz?$AA?9?$AAa?$AAz?$AA?9?$AAc?$AAy?$AAr?$AAl?$AA?$AA@ 10011324     libcmt:winapinls.obj
 0002:0000233c       ??_C@_1BG@IBCKDDOE@?$AAa?$AAz?$AA?9?$AAa?$AAz?$AA?9?$AAl?$AAa?$AAt?$AAn?$AA?$AA@ 1001133c     libcmt:winapinls.obj
 0002:00002354       ??_C@_1M@EGPFDCPD@?$AAb?$AAe?$AA?9?$AAb?$AAy?$AA?$AA@ 10011354     libcmt:winapinls.obj
 0002:00002360       ??_C@_1M@PCMGMCGC@?$AAb?$AAg?$AA?9?$AAb?$AAg?$AA?$AA@ 10011360     libcmt:winapinls.obj
 0002:0000236c       ??_C@_1M@BJBMFGOB@?$AAb?$AAn?$AA?9?$AAi?$AAn?$AA?$AA@ 1001136c     libcmt:winapinls.obj
 0002:00002378       ??_C@_1BG@EAKMMACD@?$AAb?$AAs?$AA?9?$AAb?$AAa?$AA?9?$AAl?$AAa?$AAt?$AAn?$AA?$AA@ 10011378     libcmt:winapinls.obj
 0002:00002390       ??_C@_1M@KGADAODK@?$AAc?$AAa?$AA?9?$AAe?$AAs?$AA?$AA@ 10011390     libcmt:winapinls.obj
 0002:0000239c       ??_C@_1M@COAJPDHI@?$AAc?$AAs?$AA?9?$AAc?$AAz?$AA?$AA@ 1001139c     libcmt:winapinls.obj
 0002:000023a8       ??_C@_1M@DHBHFONH@?$AAc?$AAy?$AA?9?$AAg?$AAb?$AA?$AA@ 100113a8     libcmt:winapinls.obj
 0002:000023b4       ??_C@_1M@IMGKELGA@?$AAd?$AAa?$AA?9?$AAd?$AAk?$AA?$AA@ 100113b4     libcmt:winapinls.obj
 0002:000023c0       ??_C@_1M@NNDGDNGA@?$AAd?$AAe?$AA?9?$AAa?$AAt?$AA?$AA@ 100113c0     libcmt:winapinls.obj
 0002:000023cc       ??_C@_1M@IKDBHEEM@?$AAd?$AAe?$AA?9?$AAc?$AAh?$AA?$AA@ 100113cc     libcmt:winapinls.obj
 0002:000023d8       ??_C@_1M@GFFOJMCJ@?$AAd?$AAe?$AA?9?$AAd?$AAe?$AA?$AA@ 100113d8     libcmt:winapinls.obj
 0002:000023e4       ??_C@_1M@MDNLKBPM@?$AAd?$AAe?$AA?9?$AAl?$AAi?$AA?$AA@ 100113e4     libcmt:winapinls.obj
 0002:000023f0       ??_C@_1M@NJBEEJNL@?$AAd?$AAe?$AA?9?$AAl?$AAu?$AA?$AA@ 100113f0     libcmt:winapinls.obj
 0002:000023fc       ??_C@_1O@GNNELBAP@?$AAd?$AAi?$AAv?$AA?9?$AAm?$AAv?$AA?$AA@ 100113fc     libcmt:winapinls.obj
 0002:0000240c       ??_C@_1M@EJLEOGAE@?$AAe?$AAl?$AA?9?$AAg?$AAr?$AA?$AA@ 1001140c     libcmt:winapinls.obj
 0002:00002418       ??_C@_1M@GMPONJN@?$AAe?$AAn?$AA?9?$AAa?$AAu?$AA?$AA@ 10011418     libcmt:winapinls.obj
 0002:00002424       ??_C@_1M@NIDIIPGF@?$AAe?$AAn?$AA?9?$AAb?$AAz?$AA?$AA@ 10011424     libcmt:winapinls.obj
 0002:00002430       ??_C@_1M@JEHMIMFO@?$AAe?$AAn?$AA?9?$AAc?$AAa?$AA?$AA@ 10011430     libcmt:winapinls.obj
 0002:0000243c       ??_C@_1M@IGMJCDLA@?$AAe?$AAn?$AA?9?$AAc?$AAb?$AA?$AA@ 1001143c     libcmt:winapinls.obj
 0002:00002448       ??_C@_1M@BNFIGBKG@?$AAe?$AAn?$AA?9?$AAg?$AAb?$AA?$AA@ 10011448     libcmt:winapinls.obj
 0002:00002454       ??_C@_1M@LKIFDIGP@?$AAe?$AAn?$AA?9?$AAi?$AAe?$AA?$AA@ 10011454     libcmt:winapinls.obj
 0002:00002460       ??_C@_1M@PJKFGCCO@?$AAe?$AAn?$AA?9?$AAj?$AAm?$AA?$AA@ 10011460     libcmt:winapinls.obj
 0002:0000246c       ??_C@_1M@KPPKEPBO@?$AAe?$AAn?$AA?9?$AAn?$AAz?$AA?$AA@ 1001146c     libcmt:winapinls.obj
 0002:00002478       ??_C@_1M@GMDGLDOB@?$AAe?$AAn?$AA?9?$AAp?$AAh?$AA?$AA@ 10011478     libcmt:winapinls.obj
 0002:00002484       ??_C@_1M@ONGIBJNA@?$AAe?$AAn?$AA?9?$AAt?$AAt?$AA?$AA@ 10011484     libcmt:winapinls.obj
 0002:00002490       ??_C@_1M@LLODPCMM@?$AAe?$AAn?$AA?9?$AAu?$AAs?$AA?$AA@ 10011490     libcmt:winapinls.obj
 0002:0000249c       ??_C@_1M@LAKFNPAN@?$AAe?$AAn?$AA?9?$AAz?$AAa?$AA?$AA@ 1001149c     libcmt:winapinls.obj
 0002:000024a8       ??_C@_1M@MFNHNHEO@?$AAe?$AAn?$AA?9?$AAz?$AAw?$AA?$AA@ 100114a8     libcmt:winapinls.obj
 0002:000024b4       ??_C@_1M@EJEINPHM@?$AAe?$AAs?$AA?9?$AAa?$AAr?$AA?$AA@ 100114b4     libcmt:winapinls.obj
 0002:000024c0       ??_C@_1M@GNKPCCJA@?$AAe?$AAs?$AA?9?$AAb?$AAo?$AA?$AA@ 100114c0     libcmt:winapinls.obj
 0002:000024cc       ??_C@_1M@LEEGFONL@?$AAe?$AAs?$AA?9?$AAc?$AAl?$AA?$AA@ 100114cc     libcmt:winapinls.obj
 0002:000024d8       ??_C@_1M@KGPDPBDF@?$AAe?$AAs?$AA?9?$AAc?$AAo?$AA?$AA@ 100114d8     libcmt:winapinls.obj
[...]
 0000:fffe4000       .debug$S                   10000000     resil:ResIL.dll
 0000:fffe4000       .debug$S                   10000000     kernel32:KERNEL32.dll
 0000:fffe4000       .debug$S                   10000000     kernel32:KERNEL32.dll
 0000:fffe4000       .debug$S                   10000000     kernel32:KERNEL32.dll
 0000:fffe4000       .debug$S                   10000000     resil:ResIL.dll
 0000:fffe4000       .debug$S                   10000000     kernel32:KERNEL32.dll
 0000:fffe4000       .debug$S                   10000000     resil:ResIL.dll
 0000:fffe4000       .debug$S                   10000000     resil:ResIL.dll
 0000:fffe4000       .debug$S                   10000000     resil:ResIL.dll
 0000:fffe4000       .debug$S                   10000000     resil:ResIL.dll
 0000:fffe4000       .debug$S                   10000000     resil:ResIL.dll
 0000:fffe4000       .debug$S                   10000000     resil:ResIL.dll
 0000:fffe4000       .debug$S                   10000000     kernel32:KERNEL32.dll
 0000:fffe4000       .debug$S                   10000000     kernel32:KERNEL32.dll
 0000:fffe4000       .debug$S                   10000000     kernel32:KERNEL32.dll
 0000:fffe4000       .debug$S                   10000000     kernel32:KERNEL32.dll
 0000:fffe4000       .debug$S                   10000000     kernel32:KERNEL32.dll
 0000:fffe4000       .debug$S                   10000000     kernel32:KERNEL32.dll
 0000:fffe4000       .debug$S                   10000000     kernel32:KERNEL32.dll
 0000:fffe4000       .debug$S                   10000000     kernel32:KERNEL32.dll
 0000:fffe4000       .debug$S                   10000000     kernel32:KERNEL32.dll
 0000:fffe4000       .debug$S                   10000000     kernel32:KERNEL32.dll
 0000:fffe4000       .debug$S                   10000000     kernel32:KERNEL32.dll
 0000:fffe4000       .debug$S                   10000000     kernel32:KERNEL32.dll
 0000:fffe4000       .debug$S                   10000000     kernel32:KERNEL32.dll
 0000:fffe4000       .debug$S                   10000000     kernel32:KERNEL32.dll
 0000:fffe4000       .debug$S                   10000000     kernel32:KERNEL32.dll
 0000:fffe4000       .debug$S                   10000000     kernel32:KERNEL32.dll
 0000:fffe4000       .debug$S                   10000000     kernel32:KERNEL32.dll
 0000:fffe4000       .debug$S                   10000000     kernel32:KERNEL32.dll
 0000:fffe4000       .debug$S                   10000000     kernel32:KERNEL32.dll
 0000:fffe4000       .debug$S                   10000000     kernel32:KERNEL32.dll
 0000:fffe4000       .debug$S                   10000000     kernel32:KERNEL32.dll
 0000:fffe4000       .debug$S                   10000000     kernel32:KERNEL32.dll
 0000:fffe4000       .debug$S                   10000000     kernel32:KERNEL32.dll
 0000:fffe4000       .debug$S                   10000000     kernel32:KERNEL32.dll
 0000:fffe4000       .debug$S                   10000000     kernel32:KERNEL32.dll
 0001:00000534       $LN24                      10001534     ilut_states.obj
 0001:0000055c       $LN22                      1000155c     ilut_states.obj
 0001:00000804       $LN31                      10001804     ilut_states.obj
 0001:00000a2c       $LN22                      10001a2c     ilut_win32.obj
 0001:00002150       ___DllMainCRTStartup       10003150 f   libcmt:dllcrt0.obj
 0001:000027bb       ?CPtoLocaleName@@YAPB_WH@Z 100037bb f   libcmt:mbctype.obj
 0001:000027f5       ?getSystemCP@@YAHH@Z       100037f5 f   libcmt:mbctype.obj
 0001:00002863       ?setSBCS@@YAXPAUthreadmbcinfostruct@@@Z 10003863 f   libcmt:mbctype.obj
 0001:000028c2       ?setSBUpLow@@YAXPAUthreadmbcinfostruct@@@Z 100038c2 f   libcmt:mbctype.obj
 0001:00002f89       ?__crtLCMapStringA_stat@@YAHPAUlocaleinfo_struct@@PB_WKPBDHPADHHH@Z 10003f89 f   libcmt:a_map.obj
 0001:000035c0       $$000000                   100045c0     libcmt:strcmp.obj
 0001:00003a88       __initterm                 10004a88 f   libcmt:crt0dat.obj
 0001:00003af2       _doexit                    10004af2 f   libcmt:crt0dat.obj
 0001:00003ff7       _parse_cmdline             10004ff7 f   libcmt:stdargv.obj
 0001:00004850       $$000000                   10005850     libcmt:sehprolg4.obj
 0001:00005246       ?__crtGetStringTypeA_stat@@YAHPAUlocaleinfo_struct@@KPBDHPAGHH@Z 10006246 f   libcmt:a_str.obj
 0001:00005380       $$000000                   10006380     libcmt:memset.obj
 0001:000055e0       $$000000                   100065e0     libcmt:alloca16.obj
 0001:00005610       $$000000                   10006610     libcmt:memcpy.obj
 0001:00005860       LeadUpVec                  10006860     libcmt:memcpy.obj
 0001:000058dc       UnwindUpVec                100068dc     libcmt:memcpy.obj
 0001:00005948       TrailUpVec                 10006948     libcmt:memcpy.obj
 0001:000059ec       LeadDownVec                100069ec     libcmt:memcpy.obj
 0001:00005a78       UnwindDownVec              10006a78     libcmt:memcpy.obj
 0001:00005ae4       TrailDownVec               10006ae4     libcmt:memcpy.obj
 0001:00005e50       $$000000                   10006e50     libcmt:strlen.obj
 0001:00005ee0       $$000000                   10006ee0     libcmt:exsup4.obj
 0001:00005f70       __unwind_handler4          10006f70 f   libcmt:exsup4.obj
 0001:00006404       __onexit_nolock            10007404 f   libcmt:onexit.obj
 0001:000067a4       _siglookup                 100077a4 f   libcmt:winsig.obj
 0001:0000695b       ?x_ismbbtype_l@@YAHPAUlocaleinfo_struct@@IHH@Z 1000795b f   libcmt:ismbbyte.obj
 0001:00006d40       $$000000                   10007d40     libcmt:chkstk.obj
 0001:00006d70       $$000000                   10007d70     libcmt:ulldvrm.obj
 0001:00006e10       $$000000                   10007e10     libcmt:exsup.obj
 0001:00006e30       __unwind_handler           10007e30 f   libcmt:exsup.obj
 0001:00007315       _flsall                    10008315 f   libcmt:fflush.obj
 0001:00008100       $$000000                   10009100     libcmt:llmul.obj
 0001:0000991c       $LN333                     1000a91c     libcmt:strgtold.obj
 0001:00009d6d       __cftoe2_l                 1000ad6d f   libcmt:cvt.obj
 0001:00009f8c       __cftof2_l                 1000af8c f   libcmt:cvt.obj
 0001:0000a3c2       __shift                    1000b3c2 f   libcmt:cvt.obj
 0001:0000a6b0       $$000000                   1000b6b0     libcmt:memmove.obj
 0001:0000a900       LeadUpVec                  1000b900     libcmt:memmove.obj
 0001:0000a97c       UnwindUpVec                1000b97c     libcmt:memmove.obj
 0001:0000a9e8       TrailUpVec                 1000b9e8     libcmt:memmove.obj
 0001:0000aa8c       LeadDownVec                1000ba8c     libcmt:memmove.obj
 0001:0000ab18       UnwindDownVec              1000bb18     libcmt:memmove.obj
 0001:0000ab84       TrailDownVec               1000bb84     libcmt:memmove.obj
 0001:0000ad00       $$000000                   1000bd00     libcmt:strrchr.obj
 0001:0000b040       $$000000                   1000c040     libcmt:lldvrm.obj
 0001:0000b120       $$000000                   1000c120     libcmt:ullshr.obj
 0001:0000bb70       ___hw_cw_sse2              1000cb70 f   libcmt:ieee87.obj
 0001:0000bf1b       __hw_cw                    1000cf1b f   libcmt:ieee87.obj
 0001:0000c034       ?CatchGuardHandler@@YA?AW4_EXCEPTION_DISPOSITION@@PAUEHExceptionRecord@@PAUCatchGuardRN@@PAX2@Z 1000d034 f   libcmt:_trnsctrl_.obj
 0001:0000c065       ?TranslatorGuardHandler@@YA?AW4_EXCEPTION_DISPOSITION@@PAUEHExceptionRecord@@PAUTranslatorGuardRN@@PAX2@Z 1000d065 f   libcmt:_trnsctrl_.obj
 0001:0000c420       $$000000                   1000d420     libcmt:lowhelpr.obj
 0001:0000c542       ?CallCatchBlock@@YAPAXPAUEHExceptionRecord@@PAUEHRegistrationNode@@PAU_CONTEXT@@PBU_s_FuncInfo@@PAXHK@Z 1000d542 f   libcmt:frame.obj
 0001:0000c708       ?CallUnexpected@@YAXPBU_s_ESTypeList@@@Z 1000d708 f   libcmt:frame.obj
 0001:0000c730       __catch$?CallUnexpected@@YAXPBU_s_ESTypeList@@@Z$0 1000d730 f   libcmt:frame.obj
 0001:0000c748       ?CatchIt@@YAXPAUEHExceptionRecord@@PAUEHRegistrationNode@@PAU_CONTEXT@@PAXPBU_s_FuncInfo@@PBU_s_HandlerType@@PBU_s_CatchableType@@PBU_s_TryBlockMapEntry@@H1E@Z 1000d748 f   libcmt:frame.obj
 0001:0000c7c3       ?ExFilterRethrow@@YAHPAU_EXCEPTION_POINTERS@@@Z 1000d7c3 f   libcmt:frame.obj
 0001:0000c810       ?FindHandler@@YAXPAUEHExceptionRecord@@PAUEHRegistrationNode@@PAU_CONTEXT@@PAXPBU_s_FuncInfo@@EH1@Z 1000d810 f   libcmt:frame.obj
 0001:0000cbad       ?FindHandlerForForeignException@@YAXPAUEHExceptionRecord@@PAUEHRegistrationNode@@PAU_CONTEXT@@PAXPBU_s_FuncInfo@@HH1@Z 1000dbad f   libcmt:frame.obj
 0001:0000ccc9       ?IsInExceptionSpec@@YAEPAUEHExceptionRecord@@PBU_s_ESTypeList@@@Z 1000dcc9 f   libcmt:frame.obj
 0001:0000d3f0       __unwindfunclet$?ilut2ConvertSliceToHBitmap@@YGPAUHBITMAP__@@PAUILimage@@PAUHDC__@@I@Z$3 1000e3f0 f   ilut_win32.obj
 0001:0000d3fb       __unwindfunclet$?ilut2ConvertSliceToHBitmap@@YGPAUHBITMAP__@@PAUILimage@@PAUHDC__@@I@Z$4 1000e3fb f   ilut_win32.obj
 0001:0000d406       __ehhandler$?ilut2ConvertSliceToHBitmap@@YGPAUHBITMAP__@@PAUILimage@@PAUHDC__@@I@Z 1000e406 f   ilut_win32.obj
 0001:0000d42e       __ehhandler$?CallUnexpected@@YAXPBU_s_ESTypeList@@@Z 1000e42e f   libcmt:frame.obj
 0002:000001cc       _pinit                     1000f1cc     libcmt:mbctype.obj
 0002:000001d0       _pinit                     1000f1d0     libcmt:onexit.obj
 0002:000001d4       _pinit                     1000f1d4     libcmt:_file.obj
 0002:000001d8       _pinit                     1000f1d8     libcmt:cpu_disp.obj
 0002:000001e4       _pterm                     1000f1e4     libcmt:wsetloca.obj
 0002:000001e8       _pterm                     1000f1e8     libcmt:initcon.obj
 0002:000001ec       _pterm                     1000f1ec     libcmt:_file.obj
 0002:00000244       _GS_ExceptionPointers      1000f244     libcmt:gs_report.obj
 0002:0000024c       __mb_locale_names          1000f24c     libcmt:mbctype.obj
 0002:000005e8       __first_127char            1000f5e8     libcmt:wsetloca.obj
 0002:00003298       _tokenTable                10012298     libcmt:undname.obj
 0002:000032d0       _nameTable                 100122d0     libcmt:undname.obj
 0002:00003410       _rttiTable                 10012410     libcmt:undname.obj
 0002:000039e8       _rterrs                    100129e8     libcmt:crt0msg.obj
 0002:0000461c       ?ExceptionTemplate@?1??_CxxThrowException@@9@8@4UEHExceptionRecord@@B 1001361c     libcmt:throw.obj
 0002:00004860       __unwindtable$?ilut2ConvertSliceToHBitmap@@YGPAUHBITMAP__@@PAUILimage@@PAUHDC__@@I@Z 10013860     ilut_win32.obj
 0002:00004870       __ehfuncinfo$?ilut2ConvertSliceToHBitmap@@YGPAUHBITMAP__@@PAUILimage@@PAUHDC__@@I@Z 10013870     ilut_win32.obj
 0002:00004898       __sehtable$__CRT_INIT@12   10013898     libcmt:dllcrt0.obj
 0002:000048b8       __sehtable$___DllMainCRTStartup 100138b8     libcmt:dllcrt0.obj
 0002:000048d8       __sehtable$___updatetlocinfo 100138d8     libcmt:localref.obj
 0002:000048f8       __sehtable$___updatetmbcinfo 100138f8     libcmt:mbctype.obj
 0002:00004918       __sehtable$__setmbcp       10013918     libcmt:mbctype.obj
 0002:00004938       __sehtable$__freefls@4     10013938     libcmt:tidtable.obj
 0002:00004960       __sehtable$__initptd       10013960     libcmt:tidtable.obj
 0002:00004988       __sehtable$__locterm       10013988     libcmt:wsetloca.obj
 0002:000049a8       __sehtable$?_Type_info_dtor@type_info@@CAXPAV1@@Z 100139a8     libcmt:typname.obj
 0002:000049c8       __sehtable$_doexit         100139c8     libcmt:crt0dat.obj
 0002:000049e8       __sehtable$__ioinit        100139e8     libcmt:ioinit.obj
 0002:00004a08       __sehtable$__mtinitlocknum 10013a08     libcmt:mlock.obj
 0002:00004a28       __sehtable$__IsNonwritableInCurrentImage 10013a28     libcmt:pesect.obj
 0002:00004a48       __sehtable$__onexit        10013a48     libcmt:onexit.obj
 0002:00004a68       __sehtable$?terminate@@YAXXZ 10013a68     libcmt:hooks.obj
 0002:00004a88       __sehtable$?_inconsistency@@YAXXZ 10013a88     libcmt:hooks.obj
 0002:00004aa8       __sehtable$_raise          10013aa8     libcmt:winsig.obj
 0002:00004ac8       __sehtable$_flsall         10013ac8     libcmt:fflush.obj
 0002:00004af0       __sehtable$__fcloseall     10013af0     libcmt:closeall.obj
 0002:00004b10       __sehtable$__commit        10013b10     libcmt:commit.obj
 0002:00004b30       __sehtable$__write         10013b30     libcmt:write.obj
 0002:00004b50       __sehtable$_fclose         10013b50     libcmt:fclose.obj
 0002:00004b70       __sehtable$___lock_fhandle 10013b70     libcmt:osfinfo.obj
 0002:00004b90       __sehtable$__close         10013b90     libcmt:close.obj
 0002:00004bb0       __sehtable$___set_fpsr_sse2 10013bb0     libcmt:fpctrl.obj
 0002:00004bd0       __sehtable$___FrameUnwindToState 10013bd0     libcmt:frame.obj
 0002:00004bf8       __sehtable$?CallCatchBlock@@YAPAXPAUEHExceptionRecord@@PAUEHRegistrationNode@@PAU_CONTEXT@@PBU_s_FuncInfo@@PAXHK@Z 10013bf8     libcmt:frame.obj
 0002:00004c20       __sehtable$___BuildCatchObject 10013c20     libcmt:frame.obj
 0002:00004c40       __sehtable$___DestructExceptionObject 10013c40     libcmt:frame.obj
 0002:00004c5c       __catchsym$?CallUnexpected@@YAXPBU_s_ESTypeList@@@Z$2 10013c5c     libcmt:frame.obj
 0002:00004c6c       __unwindtable$?CallUnexpected@@YAXPBU_s_ESTypeList@@@Z 10013c6c     libcmt:frame.obj
 0002:00004c7c       __tryblocktable$?CallUnexpected@@YAXPBU_s_ESTypeList@@@Z 10013c7c     libcmt:frame.obj
 0002:00004c90       __ehfuncinfo$?CallUnexpected@@YAXPBU_s_ESTypeList@@@Z 10013c90     libcmt:frame.obj
 0002:00004cb8       __sehtable$___BuildCatchObjectHelper 10013cb8     libcmt:frame.obj
 0002:00004d30       .edata                     10013d30     ILUT.exp
 0002:00004d58       rgpv                       10013d58     ILUT.exp
 0002:00004ddc       rgszName                   10013ddc     ILUT.exp
 0002:00004e60       rgwOrd                     10013e60     ILUT.exp
 0002:00004ea2       szName                     10013ea2     ILUT.exp
 0002:00004eab       $N00001                    10013eab     ILUT.exp
 0002:00004ef2       $N00002                    10013ef2     ILUT.exp
 0002:00004f08       $N00003                    10013f08     ILUT.exp
 0002:00004f12       $N00004                    10013f12     ILUT.exp
 0002:00004f4c       $N00005                    10013f4c     ILUT.exp
 0002:00004f61       $N00006                    10013f61     ILUT.exp
 0002:00004f76       $N00007                    10013f76     ILUT.exp
 0002:00004f8a       $N00008                    10013f8a     ILUT.exp
 0002:00004fa8       $N00009                    10013fa8     ILUT.exp
 0002:00004fd1       $N00010                    10013fd1     ILUT.exp
 0002:00004fe9       $N00011                    10013fe9     ILUT.exp
 0002:00005005       $N00012                    10014005     ILUT.exp
 0002:00005027       $N00013                    10014027     ILUT.exp
 0002:0000503f       $N00014                    1001403f     ILUT.exp
 0002:0000505b       $N00015                    1001405b     ILUT.exp
 0002:00005077       $N00016                    10014077     ILUT.exp
 0002:00005091       $N00017                    10014091     ILUT.exp
 0002:000050ad       $N00018                    100140ad     ILUT.exp
 0002:000050b6       $N00019                    100140b6     ILUT.exp
 0002:000050ce       $N00020                    100140ce     ILUT.exp
 0002:000050e5       $N00021                    100140e5     ILUT.exp
 0002:00005114       $N00022                    10014114     ILUT.exp
 0002:0000512a       $N00023                    1001412a     ILUT.exp
 0002:00005142       $N00024                    10014142     ILUT.exp
 0002:00005158       $N00025                    10014158     ILUT.exp
 0002:0000517d       $N00026                    1001417d     ILUT.exp
 0002:000051a0       $N00027                    100141a0     ILUT.exp
 0002:000051b9       $N00028                    100141b9     ILUT.exp
 0002:000051d5       $N00029                    100141d5     ILUT.exp
 0002:000051eb       $N00030                    100141eb     ILUT.exp
 0002:0000521f       $N00031                    1001421f     ILUT.exp
 0002:0000523a       $N00032                    1001423a     ILUT.exp
 0002:0000525d       $N00033                    1001425d     ILUT.exp
 0002:000055c0       .idata$6                   100145c0     resil:ResIL.dll
 0002:00005a8c       .idata$6                   10014a8c     kernel32:KERNEL32.dll
 0002:00005b3e       .idata$6                   10014b3e     User32:USER32.dll
 0002:00005b98       .idata$6                   10014b98     Wininet:WININET.dll
 0002:00005c30       .idata$6                   10014c30     Gdi32:GDI32.dll
 0003:00000008       _errtable                  10015008     libcmt:dosmap.obj
 0003:00000170       _ErrnoNoMem                10015170     libcmt:dosmap.obj
 0003:00000174       _DoserrorNoMem             10015174     libcmt:dosmap.obj
 0003:000005a0       ___rgctypeflag             100155a0     libcmt:mbctype.obj
 0003:000005a8       ___rgcode_page_info        100155a8     libcmt:mbctype.obj
 0003:000008cc       __ctype_loc_style          100158cc     libcmt:wsetloca.obj
 0003:00000910       ?isPackaged@?1??__crtIsPackagedApp@@9@9 10015910     libcmt:winapisupp.obj
 0003:00000920       __locktable                10015920     libcmt:mlock.obj
 0003:00000d98       _DoubleFormat              10015d98     libcmt:intrncvt.obj
 0003:00000db0       _FloatFormat               10015db0     libcmt:intrncvt.obj
 0003:00001090       _over                      10016090     libcmt:fpctrl.obj
 0003:0000109c       _under                     1001609c     libcmt:fpctrl.obj
 0003:000010a8       ?__DAZ_ENABLED@?1??__set_fpsr_sse2@@9@9 100160a8     libcmt:fpctrl.obj
 0003:00001120       ___proc_attached           10016120     libcmt:dllcrt0.obj
 0003:00001130       _GS_ExceptionRecord        10016130     libcmt:gs_report.obj
 0003:00001180       _GS_ContextRecord          10016180     libcmt:gs_report.obj
 0003:0000144c       _DebuggerWasPresent        1001644c     libcmt:gs_report.obj
 0003:00001468       _fSystemSet                10016468     libcmt:mbctype.obj
 0003:00001470       ___type_info_root_node     10016470     libcmt:typname.obj
 0003:000015b0       ?_pgmname@?1??_setargv@@9@9 100165b0     libcmt:stdargv.obj
 0003:000016c0       _lclcritsects              100166c0     libcmt:mlock.obj
 0003:00001818       ___crtCallProc             10016818     libcmt:winapinls.obj
 0003:00001844       _heap                      10016844     libcmt:undname.obj
 0003:00001860       ?outmsg@?9??_NMSG_WRITE@@9@9 10016860     libcmt:crt0msg.obj
 0003:00001e94       _ctrlc_action              10016e94     libcmt:winsig.obj
 0003:00001e98       _ctrlbreak_action          10016e98     libcmt:winsig.obj
 0003:00001e9c       _abort_action              10016e9c     libcmt:winsig.obj
 0003:00001ea0       _term_action               10016ea0     libcmt:winsig.obj
 0003:00001ea4       _ConsoleCtrlHandler_Installed 10016ea4     libcmt:winsig.obj
 0003:00001ea8       _g_pfnRtlGenRandom         10016ea8     libcmt:rand_s.obj
 0003:00001ec8       ?pfnMessageBox@?1??__crtMessageBoxW@@9@9 10016ec8     libcmt:crtmboxw.obj
 0003:00001ecc       ?pfnGetActiveWindow@?1??__crtMessageBoxW@@9@9 10016ecc     libcmt:crtmboxw.obj
 0003:00001ed0       ?pfnGetLastActivePopup@?1??__crtMessageBoxW@@9@9 10016ed0     libcmt:crtmboxw.obj
 0003:00001ed4       ?pfnGetProcessWindowStation@?1??__crtMessageBoxW@@9@9 10016ed4     libcmt:crtmboxw.obj
 0003:00001ed8       ?pfnGetUserObjectInformation@?1??__crtMessageBoxW@@9@9 10016ed8     libcmt:crtmboxw.obj
 0004:00000060       $R000000                   10019060     * linker generated manifest res *
